******************************************************************************
                  MSP430 Linker PC v4.3.1                      
******************************************************************************
>> Linked Wed Mar 04 02:57:16 2015

OUTPUT FILE NAME:   <MSP430-Xbee-SoftwareSerial.out>
ENTRY POINT SYMBOL: "_c_int00"  address: 0000c944


MEMORY CONFIGURATION

         name            origin    length      used     unused   attr    fill
----------------------  --------  ---------  --------  --------  ----  --------
  SFR                   00000000   00000010  00000000  00000010  RWIX
  PERIPHERALS_8BIT      00000010   000000f0  00000000  000000f0  RWIX
  PERIPHERALS_16BIT     00000100   00000100  00000000  00000100  RWIX
  RAM                   00000200   00000200  00000111  000000ef  RWIX
  INFOD                 00001000   00000040  00000000  00000040  RWIX
  INFOC                 00001040   00000040  00000000  00000040  RWIX
  INFOB                 00001080   00000040  00000000  00000040  RWIX
  INFOA                 000010c0   00000040  00000000  00000040  RWIX
  FLASH                 0000c000   00003fe0  00000c50  00003390  RWIX
  INT00                 0000ffe0   00000002  00000000  00000002  RWIX
  INT01                 0000ffe2   00000002  00000000  00000002  RWIX
  INT02                 0000ffe4   00000002  00000002  00000000  RWIX
  INT03                 0000ffe6   00000002  00000002  00000000  RWIX
  INT04                 0000ffe8   00000002  00000000  00000002  RWIX
  INT05                 0000ffea   00000002  00000002  00000000  RWIX
  INT06                 0000ffec   00000002  00000002  00000000  RWIX
  INT07                 0000ffee   00000002  00000002  00000000  RWIX
  INT08                 0000fff0   00000002  00000002  00000000  RWIX
  INT09                 0000fff2   00000002  00000002  00000000  RWIX
  INT10                 0000fff4   00000002  00000002  00000000  RWIX
  INT11                 0000fff6   00000002  00000002  00000000  RWIX
  INT12                 0000fff8   00000002  00000002  00000000  RWIX
  INT13                 0000fffa   00000002  00000002  00000000  RWIX
  INT14                 0000fffc   00000002  00000002  00000000  RWIX
  RESET                 0000fffe   00000002  00000002  00000000  RWIX


SECTION ALLOCATION MAP

 output                                  attributes/
section   page    origin      length       input sections
--------  ----  ----------  ----------   ----------------
.bss       0    00000200    00000065     UNINITIALIZED
                  00000200    00000024     XbeeS1.obj (.bss)
                  00000224    00000016     softUart.obj (.bss)
                  0000023a    00000004     (.common:secCounter)
                  0000023e    00000002     (.common:_ZN6XbeeS17msgsizeE)
                  00000240    00000002     (.common:_ZN8softUart6txDataE)
                  00000242    00000002     (.common:__TI_cleanup_ptr)
                  00000244    00000002     (.common:__TI_dtors_ptr)
                  00000246    00000002     (.common:__dso_handle)
                  00000248    00000002     (.common:memsize)
                  0000024a    00000002     (.common:msCounter)
                  0000024c    00000002     (.common:msCronometer)
                  0000024e    00000002     (.common:startCronometer)
                  00000250    00000002     (.common:sys_base)
                  00000252    00000002     (.common:sys_free)
                  00000254    00000002     (.common:txcronometer)
                  00000256    00000002     (.common:txtimeout)
                  00000258    00000001     (.common:_ZN6XbeeS110rxApiFrameE)
                  00000259    00000001     (.common:_ZN6XbeeS110rxChecksumE)
                  0000025a    00000001     (.common:_ZN6XbeeS110txChecksumE)
                  0000025b    00000001     (.common:_ZN6XbeeS13lsbE)
                  0000025c    00000001     (.common:_ZN6XbeeS13msbE)
                  0000025d    00000001     (.common:_ZN6XbeeS14txOkE)
                  0000025e    00000001     (.common:_ZN6XbeeS18txStatusE)
                  0000025f    00000001     (.common:_ZN6XbeeS19dataIndexE)
                  00000260    00000001     (.common:_ZN6XbeeS19isEscapedE)
                  00000261    00000001     (.common:btnpress)
                  00000262    00000001     (.common:startT)
                  00000263    00000001     (.common:starttxcronometer)
                  00000264    00000001     (.common:value)

.TI.noinit 
*          0    00000200    00000000     UNINITIALIZED

.sysmem    0    00000268    00000050     UNINITIALIZED
                  00000268    00000004     rts430_eabi.lib : memory.obj (.sysmem)
                  0000026c    0000004c     --HOLE--

.data      0    000002b8    0000000c     UNINITIALIZED
                  000002b8    00000004     rts430_eabi.lib : _lock.obj (.data)
                  000002bc    00000003     softUart.obj (.data)
                  000002bf    00000001     --HOLE--
                  000002c0    00000002     rts430_eabi.lib : dtor_list.obj (.data)
                  000002c2    00000002                     : memory.obj (.data)

.TI.persistent 
*          0    000002b8    00000000     UNINITIALIZED

.stack     0    000003b0    00000050     UNINITIALIZED
                  000003b0    00000002     rts430_eabi.lib : boot.obj (.stack)
                  000003b2    0000004e     --HOLE--

.text      0    0000c000    00000b34     
                  0000c000    0000013a     main.obj (.text:main)
                  0000c13a    0000010c     XbeeS1.obj (.text:_ZN6XbeeS111getRXPacketEv)
                  0000c246    000000ce     XbeeS1.obj (.text:_ZN6XbeeS18txPacketE10Xbee16addrPKc)
                  0000c314    000000a8     rts430_eabi.lib : memory.obj (.text:malloc)
                  0000c3bc    00000080                     : memory.obj (.text:free)
                  0000c43c    00000062     softUart.obj (.text:_ZN8softUart11Timer_A0_RXEv)
                  0000c49e    0000005e     rts430_eabi.lib : copy_decompress_rle.obj (.text:__TI_decompress_rle_core)
                  0000c4fc    0000005e                     : autoinit.obj (.text:_auto_init)
                  0000c55a    0000004e                     : dtor_list.obj (.text:__cxa_finalize)
                  0000c5a8    0000004c                     : dtor_list.obj (.text:_Z11__TI_atexitPFYvPvES_S_)
                  0000c5f4    0000004a     XbeeS1.obj (.text:__sti___10_XbeeS1_cpp_4018486e)
                  0000c63e    00000048     XbeeS1.obj (.text:_ZN6XbeeS112xbeeSendByteEcb)
                  0000c686    00000046     softUart.obj (.text:_ZN8softUart11Timer_A1_TXEv)
                  0000c6cc    00000044     XbeeS1.obj (.text:_ZN6XbeeS1C1Ev)
                  0000c710    00000040     timer.obj (.text:_Z9wdt_timerv)
                  0000c750    00000038     rts430_eabi.lib : memory.obj (.text:minit)
                  0000c788    00000030     softUart.obj (.text:_ZN8softUart4xmitEh)
                  0000c7b8    0000002c     PacketInfo.obj (.text:_ZN10PacketInfoC1Ev)
                  0000c7e4    0000002c     softUart.obj (.text:_ZN10ringbufferIcLi16EE9pop_frontEv)
                  0000c810    0000002c     softUart.obj (.text:_ZN8softUartC1Ev)
                  0000c83c    0000002c     rts430_eabi.lib : div16s.obj (.text)
                  0000c868    0000002a                     : exit.obj (.text:exit)
                  0000c892    00000028     timer.obj (.text:_Z14secondsElapsedi)
                  0000c8ba    00000026     timer.obj (.text:_Z15quaterMsElapsedi)
                  0000c8e0    00000024     timer.obj (.text:_Z13initClockTimev)
                  0000c904    00000024     softUart.obj (.text:_ZN10ringbufferIcLi16EE9push_backEc)
                  0000c928    0000001c     pins.obj (.text:_Z8initPinsv)
                  0000c944    0000001c     rts430_eabi.lib : boot.obj (.text:_c_int00_noargs)
                  0000c960    0000001a     XbeeS1.obj (.text:_ZN6XbeeS19Timer0_A0Ev)
                  0000c97a    0000001a     softUart.obj (.text:__sti___12_softUart_cpp_9d11b5a7)
                  0000c994    00000018     XbeeS1.obj (.text:_ZN6XbeeS16strlenEPKc)
                  0000c9ac    00000016     rts430_eabi.lib : div16u.obj (.text)
                  0000c9c2    00000014     softUart.obj (.text:_ZN10ringbufferIcLi16EEC1Ev)
                  0000c9d6    00000014     rts430_eabi.lib : copy_zero_init.obj (.text:decompress:ZI:__TI_zero_init)
                  0000c9ea    00000014                     : mult16.obj (.text)
                  0000c9fe    00000012                     : copy_decompress_none.obj (.text:decompress:none:__TI_decompress_none)
                  0000ca10    00000012                     : memcpy.obj (.text:memcpy)
                  0000ca22    00000010     softUart.obj (.text:_ZN10ringbufferIcLi16EE12clear_bufferEv)
                  0000ca32    00000010     softUart.obj (.text:_ZN10ringbufferIcLi16EE5emptyEv)
                  0000ca42    00000010     rts430_eabi.lib : epilog.obj (.text)
                  0000ca52    0000000e     timer.obj (.text:_Z5getMsv)
                  0000ca60    0000000e     timer.obj (.text:_Z8initTestv)
                  0000ca6e    0000000c     softUart.obj (.text:_ZN8softUart4recvEv)
                  0000ca7a    0000000a     main.obj (.text:_Z6Port_1v)
                  0000ca84    0000000a     timer.obj (.text:_Z6getSecv)
                  0000ca8e    0000000a     main.obj (.text:_Z9startTestv)
                  0000ca98    0000000a     PacketInfo.obj (.text:_ZN10PacketInfoD0Ev)
                  0000caa2    0000000a     main.obj (.text:_ZN10Xbee16addrD0Ev)
                  0000caac    0000000a     rts430_eabi.lib : typeinfo_.obj (.text:_ZN10__cxxabiv117__class_type_infoD0Ev)
                  0000cab6    0000000a                     : typeinfo_.obj (.text:_ZN10__cxxabiv120__si_class_type_infoD0Ev)
                  0000cac0    0000000a     softUart.obj (.text:_ZN10ringbufferIcLi16EED0Ev)
                  0000caca    0000000a     XbeeS1.obj (.text:_ZN6XbeeS17isEmptyEv)
                  0000cad4    0000000a     XbeeS1.obj (.text:_ZN6XbeeS19getPacketEv)
                  0000cade    0000000a     XbeeS1.obj (.text:_ZN6XbeeS1D0Ev)
                  0000cae8    0000000a     softUart.obj (.text:_ZN8softUart5emptyEv)
                  0000caf2    0000000a     softUart.obj (.text:_ZN8softUartD0Ev)
                  0000cafc    0000000a     rts430_eabi.lib : delete.obj (.text:_ZdlPv)
                  0000cb06    00000006                     : isr_trap.obj (.text:__TI_ISR_TRAP)
                  0000cb0c    00000006                     : dtor_list.obj (.text:__cxa_ia64_exit)
                  0000cb12    00000006                     : copy_decompress_rle.obj (.text:decompress:rle24:__TI_decompress_rle24)
                  0000cb18    00000004                     : dtor_list.obj (.text:__cxa_atexit)
                  0000cb1c    00000004                     : pre_init.obj (.text:_system_pre_init)
                  0000cb20    00000004                     : exit.obj (.text:abort)
                  0000cb24    00000002     PacketInfo.obj (.text:_ZN10PacketInfoD1Ev)
                  0000cb26    00000002     main.obj (.text:_ZN10Xbee16addrD1Ev)
                  0000cb28    00000002     rts430_eabi.lib : typeinfo_.obj (.text:_ZN10__cxxabiv117__class_type_infoD1Ev)
                  0000cb2a    00000002                     : typeinfo_.obj (.text:_ZN10__cxxabiv120__si_class_type_infoD1Ev)
                  0000cb2c    00000002     softUart.obj (.text:_ZN10ringbufferIcLi16EED1Ev)
                  0000cb2e    00000002     XbeeS1.obj (.text:_ZN6XbeeS1D1Ev)
                  0000cb30    00000002     softUart.obj (.text:_ZN8softUartD1Ev)
                  0000cb32    00000002     rts430_eabi.lib : _lock.obj (.text:_nop)

.const     0    0000cb34    000000f6     
                  0000cb34    00000025     rts430_eabi.lib : typeinfo_.obj (.const:.typeinfo:_ZTSN10__cxxabiv120__si_class_type_infoE)
                  0000cb59    00000001     --HOLE-- [fill = 0]
                  0000cb5a    00000022                     : typeinfo_.obj (.const:.typeinfo:_ZTSN10__cxxabiv117__class_type_infoE)
                  0000cb7c    00000015     softUart.obj (.const:.typeinfo:_ZTS10ringbufferIcLi16EE)
                  0000cb91    00000001     --HOLE-- [fill = 0]
                  0000cb92    0000000d     PacketInfo.obj (.const:.typeinfo:_ZTS10PacketInfo)
                  0000cb9f    00000001     --HOLE-- [fill = 0]
                  0000cba0    0000000d     main.obj (.const:.typeinfo:_ZTS10Xbee16addr)
                  0000cbad    00000001     --HOLE-- [fill = 0]
                  0000cbae    0000000d     rts430_eabi.lib : typeinfo_.obj (.const:.typeinfo:_ZTSSt9type_info)
                  0000cbbb    00000001     --HOLE-- [fill = 0]
                  0000cbbc    0000000a     softUart.obj (.const:.typeinfo:_ZTS8softUart)
                  0000cbc6    00000008     XbeeS1.obj (.const:.typeinfo:_ZTS6XbeeS1)
                  0000cbce    00000008     PacketInfo.obj (.const:_ZTV10PacketInfo)
                  0000cbd6    00000008     main.obj (.const:_ZTV10Xbee16addr)
                  0000cbde    00000008     softUart.obj (.const:_ZTV10ringbufferIcLi16EE)
                  0000cbe6    00000008     XbeeS1.obj (.const:_ZTV6XbeeS1)
                  0000cbee    00000008     softUart.obj (.const:_ZTV8softUart)
                  0000cbf6    00000008     rts430_eabi.lib : typeinfo_.obj (.const:_ZTVN10__cxxabiv117__class_type_infoE)
                  0000cbfe    00000008                     : typeinfo_.obj (.const:_ZTVN10__cxxabiv120__si_class_type_infoE)
                  0000cc06    00000006                     : typeinfo_.obj (.const:.typeinfo:_ZTIN10__cxxabiv117__class_type_infoE)
                  0000cc0c    00000006                     : typeinfo_.obj (.const:.typeinfo:_ZTIN10__cxxabiv120__si_class_type_infoE)
                  0000cc12    00000004     PacketInfo.obj (.const:.typeinfo:_ZTI10PacketInfo)
                  0000cc16    00000004     main.obj (.const:.typeinfo:_ZTI10Xbee16addr)
                  0000cc1a    00000004     softUart.obj (.const:.typeinfo:_ZTI10ringbufferIcLi16EE)
                  0000cc1e    00000004     XbeeS1.obj (.const:.typeinfo:_ZTI6XbeeS1)
                  0000cc22    00000004     softUart.obj (.const:.typeinfo:_ZTI8softUart)
                  0000cc26    00000004     rts430_eabi.lib : typeinfo_.obj (.const:.typeinfo:_ZTISt9type_info)

.init_array 
*          0    0000cc2a    00000004     
                  0000cc2a    00000002     XbeeS1.obj (.init_array)
                  0000cc2c    00000002     softUart.obj (.init_array)

.cinit     0    0000cc2e    00000022     
                  0000cc2e    00000010     (.cinit..data.load) [load image]
                  0000cc3e    00000006     (__TI_handler_table)
                  0000cc44    00000004     (.cinit..bss.load) [load image, compression = zero_init]
                  0000cc48    00000008     (__TI_cinit_table)

PORT1      0    0000ffe4    00000002     
                  0000ffe4    00000002     main.obj (.int02)

PORT2      0    0000ffe6    00000002     
                  0000ffe6    00000002     rts430_eabi.lib : int03.obj (.int03)

ADC10      0    0000ffea    00000002     
                  0000ffea    00000002     rts430_eabi.lib : int05.obj (.int05)

USCIAB0TX 
*          0    0000ffec    00000002     
                  0000ffec    00000002     rts430_eabi.lib : int06.obj (.int06)

USCIAB0RX 
*          0    0000ffee    00000002     
                  0000ffee    00000002     rts430_eabi.lib : int07.obj (.int07)

TIMER0_A1 
*          0    0000fff0    00000002     
                  0000fff0    00000002     rts430_eabi.lib : int08.obj (.int08)

TIMER0_A0 
*          0    0000fff2    00000002     
                  0000fff2    00000002     XbeeS1.obj (.int09)

WDT        0    0000fff4    00000002     
                  0000fff4    00000002     timer.obj (.int10)

COMPARATORA 
*          0    0000fff6    00000002     
                  0000fff6    00000002     rts430_eabi.lib : int11.obj (.int11)

TIMER1_A1 
*          0    0000fff8    00000002     
                  0000fff8    00000002     softUart.obj (.int12)

TIMER1_A0 
*          0    0000fffa    00000002     
                  0000fffa    00000002     softUart.obj (.int13)

NMI        0    0000fffc    00000002     
                  0000fffc    00000002     rts430_eabi.lib : int14.obj (.int14)

.reset     0    0000fffe    00000002     
                  0000fffe    00000002     rts430_eabi.lib : boot.obj (.reset)


LINKER GENERATED COPY TABLES

__TI_cinit_table @ 0000cc48 records: 2, size/record: 4, table size: 8
	.data: load addr=0000cc2e, load size=00000010 bytes, run addr=000002b8, run size=0000000c bytes, compression=copy
	.bss: load addr=0000cc44, load size=00000004 bytes, run addr=00000200, run size=00000065 bytes, compression=zero_init


LINKER GENERATED HANDLER TABLE

__TI_handler_table @ 0000cc3e records: 3, size/record: 2, table size: 6
	index: 0, handler: __TI_zero_init
	index: 1, handler: __TI_decompress_rle24
	index: 2, handler: __TI_decompress_none


GLOBAL SYMBOLS: SORTED ALPHABETICALLY BY Name 

address    name
--------   ----
0000004a   ADC10AE0
000001b0   ADC10CTL0
000001b2   ADC10CTL1
00000048   ADC10DTC0
00000049   ADC10DTC1
000001b4   ADC10MEM
000001bc   ADC10SA
00000057   BCSCTL1
00000058   BCSCTL2
00000053   BCSCTL3
0000cb20   C$$EXIT
00000059   CACTL1
0000005a   CACTL2
000010fb   CALBC1_12MHZ
000010f9   CALBC1_16MHZ
000010ff   CALBC1_1MHZ
000010fd   CALBC1_8MHZ
000010fa   CALDCO_12MHZ
000010f8   CALDCO_16MHZ
000010fe   CALDCO_1MHZ
000010fc   CALDCO_8MHZ
0000005b   CAPD
00000056   DCOCTL
00000128   FCTL1
0000012a   FCTL2
0000012c   FCTL3
00000000   IE1
00000001   IE2
00000002   IFG1
00000003   IFG2
00000022   P1DIR
00000025   P1IE
00000024   P1IES
00000023   P1IFG
00000020   P1IN
00000021   P1OUT
00000027   P1REN
00000026   P1SEL
00000041   P1SEL2
0000002a   P2DIR
0000002d   P2IE
0000002c   P2IES
0000002b   P2IFG
00000028   P2IN
00000029   P2OUT
0000002f   P2REN
0000002e   P2SEL
00000042   P2SEL2
0000001a   P3DIR
00000018   P3IN
00000019   P3OUT
00000010   P3REN
0000001b   P3SEL
00000043   P3SEL2
00000172   TA0CCR0
00000174   TA0CCR1
00000176   TA0CCR2
00000162   TA0CCTL0
00000164   TA0CCTL1
00000166   TA0CCTL2
00000160   TA0CTL
0000012e   TA0IV
00000170   TA0R
00000192   TA1CCR0
00000194   TA1CCR1
00000196   TA1CCR2
00000182   TA1CCTL0
00000184   TA1CCTL1
00000186   TA1CCTL2
00000180   TA1CTL
0000011e   TA1IV
00000190   TA1R
000010db   TLV_ADC10_1_LEN
000010da   TLV_ADC10_1_TAG
000010c0   TLV_CHECKSUM
000010f7   TLV_DCO_30_LEN
000010f6   TLV_DCO_30_TAG
0000005d   UCA0ABCTL
00000062   UCA0BR0
00000063   UCA0BR1
00000060   UCA0CTL0
00000061   UCA0CTL1
0000005f   UCA0IRRCTL
0000005e   UCA0IRTCTL
00000064   UCA0MCTL
00000066   UCA0RXBUF
00000065   UCA0STAT
00000067   UCA0TXBUF
0000006a   UCB0BR0
0000006b   UCB0BR1
00000068   UCB0CTL0
00000069   UCB0CTL1
0000006c   UCB0I2CIE
00000118   UCB0I2COA
0000011a   UCB0I2CSA
0000006e   UCB0RXBUF
0000006d   UCB0STAT
0000006f   UCB0TXBUF
00000120   WDTCTL
0000c8e0   _Z13initClockTimev
0000c892   _Z14secondsElapsedi
0000c8ba   _Z15quaterMsElapsedi
0000ca52   _Z5getMsv
0000ca7a   _Z6Port_1v
0000ca84   _Z6getSecv
0000c928   _Z8initPinsv
0000ca60   _Z8initTestv
0000ca8e   _Z9startTestv
0000c710   _Z9wdt_timerv
0000c7b8   _ZN10PacketInfoC1Ev
0000c7b8   _ZN10PacketInfoC2Ev
0000ca98   _ZN10PacketInfoD0Ev
0000cb24   _ZN10PacketInfoD1Ev
0000cb24   _ZN10PacketInfoD2Ev
0000caa2   _ZN10Xbee16addrD0Ev
0000cb26   _ZN10Xbee16addrD1Ev
0000caac   _ZN10__cxxabiv117__class_type_infoD0Ev
0000cb28   _ZN10__cxxabiv117__class_type_infoD1Ev
0000cb28   _ZN10__cxxabiv117__class_type_infoD2Ev
0000cab6   _ZN10__cxxabiv120__si_class_type_infoD0Ev
0000cb2a   _ZN10__cxxabiv120__si_class_type_infoD1Ev
0000cb2a   _ZN10__cxxabiv120__si_class_type_infoD2Ev
0000ca22   _ZN10ringbufferIcLi16EE12clear_bufferEv
0000ca32   _ZN10ringbufferIcLi16EE5emptyEv
0000c7e4   _ZN10ringbufferIcLi16EE9pop_frontEv
0000c904   _ZN10ringbufferIcLi16EE9push_backEc
0000c9c2   _ZN10ringbufferIcLi16EEC1Ev
0000cac0   _ZN10ringbufferIcLi16EED0Ev
0000cb2c   _ZN10ringbufferIcLi16EED1Ev
00000258   _ZN6XbeeS110rxApiFrameE
00000259   _ZN6XbeeS110rxChecksumE
0000025a   _ZN6XbeeS110txChecksumE
0000c13a   _ZN6XbeeS111getRXPacketEv
0000020e   _ZN6XbeeS112packetBufferE
0000c63e   _ZN6XbeeS112xbeeSendByteEcb
00000200   _ZN6XbeeS12suE
0000025b   _ZN6XbeeS13lsbE
0000025c   _ZN6XbeeS13msbE
0000025d   _ZN6XbeeS14txOkE
00000202   _ZN6XbeeS16packetE
0000c994   _ZN6XbeeS16strlenEPKc
0000caca   _ZN6XbeeS17isEmptyEv
0000023e   _ZN6XbeeS17msgsizeE
0000c246   _ZN6XbeeS18txPacketE10Xbee16addrPKc
0000025e   _ZN6XbeeS18txStatusE
0000c960   _ZN6XbeeS19Timer0_A0Ev
0000025f   _ZN6XbeeS19dataIndexE
0000cad4   _ZN6XbeeS19getPacketEv
00000260   _ZN6XbeeS19isEscapedE
0000c6cc   _ZN6XbeeS1C1Ev
0000c6cc   _ZN6XbeeS1C2Ev
0000cade   _ZN6XbeeS1D0Ev
0000cb2e   _ZN6XbeeS1D1Ev
0000cb2e   _ZN6XbeeS1D2Ev
0000c43c   _ZN8softUart11Timer_A0_RXEv
0000c686   _ZN8softUart11Timer_A1_TXEv
0000ca6e   _ZN8softUart4recvEv
00000224   _ZN8softUart4sfrbE
0000c788   _ZN8softUart4xmitEh
0000cae8   _ZN8softUart5emptyEv
00000240   _ZN8softUart6txDataE
0000c810   _ZN8softUartC1Ev
0000c810   _ZN8softUartC2Ev
0000caf2   _ZN8softUartD0Ev
0000cb30   _ZN8softUartD1Ev
0000cb30   _ZN8softUartD2Ev
0000cc12   _ZTI10PacketInfo
0000cc16   _ZTI10Xbee16addr
0000cc1a   _ZTI10ringbufferIcLi16EE
0000cc1e   _ZTI6XbeeS1
0000cc22   _ZTI8softUart
0000cc06   _ZTIN10__cxxabiv117__class_type_infoE
0000cc0c   _ZTIN10__cxxabiv120__si_class_type_infoE
0000cc26   _ZTISt9type_info
0000cb92   _ZTS10PacketInfo
0000cba0   _ZTS10Xbee16addr
0000cb7c   _ZTS10ringbufferIcLi16EE
0000cbc6   _ZTS6XbeeS1
0000cbbc   _ZTS8softUart
0000cb5a   _ZTSN10__cxxabiv117__class_type_infoE
0000cb34   _ZTSN10__cxxabiv120__si_class_type_infoE
0000cbae   _ZTSSt9type_info
0000cbce   _ZTV10PacketInfo
0000cbd6   _ZTV10Xbee16addr
0000cbde   _ZTV10ringbufferIcLi16EE
0000cbe6   _ZTV6XbeeS1
0000cbee   _ZTV8softUart
0000cbf6   _ZTVN10__cxxabiv117__class_type_infoE
0000cbfe   _ZTVN10__cxxabiv120__si_class_type_infoE
0000cafc   _ZdlPv
00000400   __STACK_END
00000050   __STACK_SIZE
00000050   __SYSMEM_SIZE
0000cc48   __TI_CINIT_Base
0000cc50   __TI_CINIT_Limit
0000cc3e   __TI_Handler_Table_Base
0000cc44   __TI_Handler_Table_Limit
0000cc2a   __TI_INITARRAY_Base
0000cc2e   __TI_INITARRAY_Limit
0000cb06   __TI_ISR_TRAP
00000001   __TI_args_main
00000242   __TI_cleanup_ptr
0000c9fe   __TI_decompress_none
0000cb12   __TI_decompress_rle24
00000244   __TI_dtors_ptr
00000001   __TI_exit
0000ffe4   __TI_int02
0000ffe6   __TI_int03
0000ffea   __TI_int05
0000ffec   __TI_int06
0000ffee   __TI_int07
0000fff0   __TI_int08
0000fff2   __TI_int09
0000fff4   __TI_int10
0000fff6   __TI_int11
0000fff8   __TI_int12
0000fffa   __TI_int13
0000fffc   __TI_int14
0000c9d6   __TI_zero_init
ffffffff   __binit__
ffffffff   __c_args__
0000cb18   __cxa_atexit
0000c55a   __cxa_finalize
0000cb0c   __cxa_ia64_exit
00000246   __dso_handle
0000c83c   __mspabi_divi
0000c9ac   __mspabi_divu
0000ca4e   __mspabi_func_epilog_1
0000ca4c   __mspabi_func_epilog_2
0000ca4a   __mspabi_func_epilog_3
0000ca48   __mspabi_func_epilog_4
0000ca46   __mspabi_func_epilog_5
0000ca44   __mspabi_func_epilog_6
0000ca42   __mspabi_func_epilog_7
0000c9ea   __mspabi_mpyi
0000c83c   __mspabi_remi
0000c9ac   __mspabi_remu
0000c5f4   __sti___10_XbeeS1_cpp_4018486e
0000c97a   __sti___12_softUart_cpp_9d11b5a7
0000c4fc   _auto_init
0000c944   _c_int00
0000c944   _c_int00_noargs
000002b8   _lock
0000cb32   _nop
0000fffe   _reset_vector
000003b0   _stack
00000268   _sys_memory
0000cb1c   _system_pre_init
000002ba   _unlock
0000cb20   abort
ffffffff   binit
00000261   btnpress
0000c868   exit
0000c3bc   free
0000c000   main
0000c314   malloc
0000ca10   memcpy
0000c750   minit
0000024a   msCounter
0000024c   msCronometer
0000023a   secCounter
0000024e   startCronometer
00000262   startT
00000263   starttxcronometer
00000254   txcronometer
00000256   txtimeout
00000264   value


GLOBAL SYMBOLS: SORTED BY Symbol Address 

address    name
--------   ----
00000000   IE1
00000001   IE2
00000001   __TI_args_main
00000001   __TI_exit
00000002   IFG1
00000003   IFG2
00000010   P3REN
00000018   P3IN
00000019   P3OUT
0000001a   P3DIR
0000001b   P3SEL
00000020   P1IN
00000021   P1OUT
00000022   P1DIR
00000023   P1IFG
00000024   P1IES
00000025   P1IE
00000026   P1SEL
00000027   P1REN
00000028   P2IN
00000029   P2OUT
0000002a   P2DIR
0000002b   P2IFG
0000002c   P2IES
0000002d   P2IE
0000002e   P2SEL
0000002f   P2REN
00000041   P1SEL2
00000042   P2SEL2
00000043   P3SEL2
00000048   ADC10DTC0
00000049   ADC10DTC1
0000004a   ADC10AE0
00000050   __STACK_SIZE
00000050   __SYSMEM_SIZE
00000053   BCSCTL3
00000056   DCOCTL
00000057   BCSCTL1
00000058   BCSCTL2
00000059   CACTL1
0000005a   CACTL2
0000005b   CAPD
0000005d   UCA0ABCTL
0000005e   UCA0IRTCTL
0000005f   UCA0IRRCTL
00000060   UCA0CTL0
00000061   UCA0CTL1
00000062   UCA0BR0
00000063   UCA0BR1
00000064   UCA0MCTL
00000065   UCA0STAT
00000066   UCA0RXBUF
00000067   UCA0TXBUF
00000068   UCB0CTL0
00000069   UCB0CTL1
0000006a   UCB0BR0
0000006b   UCB0BR1
0000006c   UCB0I2CIE
0000006d   UCB0STAT
0000006e   UCB0RXBUF
0000006f   UCB0TXBUF
00000118   UCB0I2COA
0000011a   UCB0I2CSA
0000011e   TA1IV
00000120   WDTCTL
00000128   FCTL1
0000012a   FCTL2
0000012c   FCTL3
0000012e   TA0IV
00000160   TA0CTL
00000162   TA0CCTL0
00000164   TA0CCTL1
00000166   TA0CCTL2
00000170   TA0R
00000172   TA0CCR0
00000174   TA0CCR1
00000176   TA0CCR2
00000180   TA1CTL
00000182   TA1CCTL0
00000184   TA1CCTL1
00000186   TA1CCTL2
00000190   TA1R
00000192   TA1CCR0
00000194   TA1CCR1
00000196   TA1CCR2
000001b0   ADC10CTL0
000001b2   ADC10CTL1
000001b4   ADC10MEM
000001bc   ADC10SA
00000200   _ZN6XbeeS12suE
00000202   _ZN6XbeeS16packetE
0000020e   _ZN6XbeeS112packetBufferE
00000224   _ZN8softUart4sfrbE
0000023a   secCounter
0000023e   _ZN6XbeeS17msgsizeE
00000240   _ZN8softUart6txDataE
00000242   __TI_cleanup_ptr
00000244   __TI_dtors_ptr
00000246   __dso_handle
0000024a   msCounter
0000024c   msCronometer
0000024e   startCronometer
00000254   txcronometer
00000256   txtimeout
00000258   _ZN6XbeeS110rxApiFrameE
00000259   _ZN6XbeeS110rxChecksumE
0000025a   _ZN6XbeeS110txChecksumE
0000025b   _ZN6XbeeS13lsbE
0000025c   _ZN6XbeeS13msbE
0000025d   _ZN6XbeeS14txOkE
0000025e   _ZN6XbeeS18txStatusE
0000025f   _ZN6XbeeS19dataIndexE
00000260   _ZN6XbeeS19isEscapedE
00000261   btnpress
00000262   startT
00000263   starttxcronometer
00000264   value
00000268   _sys_memory
000002b8   _lock
000002ba   _unlock
000003b0   _stack
00000400   __STACK_END
000010c0   TLV_CHECKSUM
000010da   TLV_ADC10_1_TAG
000010db   TLV_ADC10_1_LEN
000010f6   TLV_DCO_30_TAG
000010f7   TLV_DCO_30_LEN
000010f8   CALDCO_16MHZ
000010f9   CALBC1_16MHZ
000010fa   CALDCO_12MHZ
000010fb   CALBC1_12MHZ
000010fc   CALDCO_8MHZ
000010fd   CALBC1_8MHZ
000010fe   CALDCO_1MHZ
000010ff   CALBC1_1MHZ
0000c000   main
0000c13a   _ZN6XbeeS111getRXPacketEv
0000c246   _ZN6XbeeS18txPacketE10Xbee16addrPKc
0000c314   malloc
0000c3bc   free
0000c43c   _ZN8softUart11Timer_A0_RXEv
0000c4fc   _auto_init
0000c55a   __cxa_finalize
0000c5f4   __sti___10_XbeeS1_cpp_4018486e
0000c63e   _ZN6XbeeS112xbeeSendByteEcb
0000c686   _ZN8softUart11Timer_A1_TXEv
0000c6cc   _ZN6XbeeS1C1Ev
0000c6cc   _ZN6XbeeS1C2Ev
0000c710   _Z9wdt_timerv
0000c750   minit
0000c788   _ZN8softUart4xmitEh
0000c7b8   _ZN10PacketInfoC1Ev
0000c7b8   _ZN10PacketInfoC2Ev
0000c7e4   _ZN10ringbufferIcLi16EE9pop_frontEv
0000c810   _ZN8softUartC1Ev
0000c810   _ZN8softUartC2Ev
0000c83c   __mspabi_divi
0000c83c   __mspabi_remi
0000c868   exit
0000c892   _Z14secondsElapsedi
0000c8ba   _Z15quaterMsElapsedi
0000c8e0   _Z13initClockTimev
0000c904   _ZN10ringbufferIcLi16EE9push_backEc
0000c928   _Z8initPinsv
0000c944   _c_int00
0000c944   _c_int00_noargs
0000c960   _ZN6XbeeS19Timer0_A0Ev
0000c97a   __sti___12_softUart_cpp_9d11b5a7
0000c994   _ZN6XbeeS16strlenEPKc
0000c9ac   __mspabi_divu
0000c9ac   __mspabi_remu
0000c9c2   _ZN10ringbufferIcLi16EEC1Ev
0000c9d6   __TI_zero_init
0000c9ea   __mspabi_mpyi
0000c9fe   __TI_decompress_none
0000ca10   memcpy
0000ca22   _ZN10ringbufferIcLi16EE12clear_bufferEv
0000ca32   _ZN10ringbufferIcLi16EE5emptyEv
0000ca42   __mspabi_func_epilog_7
0000ca44   __mspabi_func_epilog_6
0000ca46   __mspabi_func_epilog_5
0000ca48   __mspabi_func_epilog_4
0000ca4a   __mspabi_func_epilog_3
0000ca4c   __mspabi_func_epilog_2
0000ca4e   __mspabi_func_epilog_1
0000ca52   _Z5getMsv
0000ca60   _Z8initTestv
0000ca6e   _ZN8softUart4recvEv
0000ca7a   _Z6Port_1v
0000ca84   _Z6getSecv
0000ca8e   _Z9startTestv
0000ca98   _ZN10PacketInfoD0Ev
0000caa2   _ZN10Xbee16addrD0Ev
0000caac   _ZN10__cxxabiv117__class_type_infoD0Ev
0000cab6   _ZN10__cxxabiv120__si_class_type_infoD0Ev
0000cac0   _ZN10ringbufferIcLi16EED0Ev
0000caca   _ZN6XbeeS17isEmptyEv
0000cad4   _ZN6XbeeS19getPacketEv
0000cade   _ZN6XbeeS1D0Ev
0000cae8   _ZN8softUart5emptyEv
0000caf2   _ZN8softUartD0Ev
0000cafc   _ZdlPv
0000cb06   __TI_ISR_TRAP
0000cb0c   __cxa_ia64_exit
0000cb12   __TI_decompress_rle24
0000cb18   __cxa_atexit
0000cb1c   _system_pre_init
0000cb20   C$$EXIT
0000cb20   abort
0000cb24   _ZN10PacketInfoD1Ev
0000cb24   _ZN10PacketInfoD2Ev
0000cb26   _ZN10Xbee16addrD1Ev
0000cb28   _ZN10__cxxabiv117__class_type_infoD1Ev
0000cb28   _ZN10__cxxabiv117__class_type_infoD2Ev
0000cb2a   _ZN10__cxxabiv120__si_class_type_infoD1Ev
0000cb2a   _ZN10__cxxabiv120__si_class_type_infoD2Ev
0000cb2c   _ZN10ringbufferIcLi16EED1Ev
0000cb2e   _ZN6XbeeS1D1Ev
0000cb2e   _ZN6XbeeS1D2Ev
0000cb30   _ZN8softUartD1Ev
0000cb30   _ZN8softUartD2Ev
0000cb32   _nop
0000cb34   _ZTSN10__cxxabiv120__si_class_type_infoE
0000cb5a   _ZTSN10__cxxabiv117__class_type_infoE
0000cb7c   _ZTS10ringbufferIcLi16EE
0000cb92   _ZTS10PacketInfo
0000cba0   _ZTS10Xbee16addr
0000cbae   _ZTSSt9type_info
0000cbbc   _ZTS8softUart
0000cbc6   _ZTS6XbeeS1
0000cbce   _ZTV10PacketInfo
0000cbd6   _ZTV10Xbee16addr
0000cbde   _ZTV10ringbufferIcLi16EE
0000cbe6   _ZTV6XbeeS1
0000cbee   _ZTV8softUart
0000cbf6   _ZTVN10__cxxabiv117__class_type_infoE
0000cbfe   _ZTVN10__cxxabiv120__si_class_type_infoE
0000cc06   _ZTIN10__cxxabiv117__class_type_infoE
0000cc0c   _ZTIN10__cxxabiv120__si_class_type_infoE
0000cc12   _ZTI10PacketInfo
0000cc16   _ZTI10Xbee16addr
0000cc1a   _ZTI10ringbufferIcLi16EE
0000cc1e   _ZTI6XbeeS1
0000cc22   _ZTI8softUart
0000cc26   _ZTISt9type_info
0000cc2a   __TI_INITARRAY_Base
0000cc2e   __TI_INITARRAY_Limit
0000cc3e   __TI_Handler_Table_Base
0000cc44   __TI_Handler_Table_Limit
0000cc48   __TI_CINIT_Base
0000cc50   __TI_CINIT_Limit
0000ffe4   __TI_int02
0000ffe6   __TI_int03
0000ffea   __TI_int05
0000ffec   __TI_int06
0000ffee   __TI_int07
0000fff0   __TI_int08
0000fff2   __TI_int09
0000fff4   __TI_int10
0000fff6   __TI_int11
0000fff8   __TI_int12
0000fffa   __TI_int13
0000fffc   __TI_int14
0000fffe   _reset_vector
ffffffff   __binit__
ffffffff   __c_args__
ffffffff   binit

[267 symbols]
