******************************************************************************
                  MSP430 Linker PC v4.3.1                      
******************************************************************************
>> Linked Wed Mar 04 03:24:04 2015

OUTPUT FILE NAME:   <MSP430-Xbee-SoftwareSerial.out>
ENTRY POINT SYMBOL: "_c_int00"  address: 0000cace


MEMORY CONFIGURATION

         name            origin    length      used     unused   attr    fill
----------------------  --------  ---------  --------  --------  ----  --------
  SFR                   00000000   00000010  00000000  00000010  RWIX
  PERIPHERALS_8BIT      00000010   000000f0  00000000  000000f0  RWIX
  PERIPHERALS_16BIT     00000100   00000100  00000000  00000100  RWIX
  RAM                   00000200   00000200  00000111  000000ef  RWIX
  INFOD                 00001000   00000040  00000000  00000040  RWIX
  INFOC                 00001040   00000040  00000000  00000040  RWIX
  INFOB                 00001080   00000040  00000000  00000040  RWIX
  INFOA                 000010c0   00000040  00000000  00000040  RWIX
  FLASH                 0000c000   00003fe0  00000de8  000031f8  RWIX
  INT00                 0000ffe0   00000002  00000000  00000002  RWIX
  INT01                 0000ffe2   00000002  00000000  00000002  RWIX
  INT02                 0000ffe4   00000002  00000002  00000000  RWIX
  INT03                 0000ffe6   00000002  00000002  00000000  RWIX
  INT04                 0000ffe8   00000002  00000000  00000002  RWIX
  INT05                 0000ffea   00000002  00000002  00000000  RWIX
  INT06                 0000ffec   00000002  00000002  00000000  RWIX
  INT07                 0000ffee   00000002  00000002  00000000  RWIX
  INT08                 0000fff0   00000002  00000002  00000000  RWIX
  INT09                 0000fff2   00000002  00000002  00000000  RWIX
  INT10                 0000fff4   00000002  00000002  00000000  RWIX
  INT11                 0000fff6   00000002  00000002  00000000  RWIX
  INT12                 0000fff8   00000002  00000002  00000000  RWIX
  INT13                 0000fffa   00000002  00000002  00000000  RWIX
  INT14                 0000fffc   00000002  00000002  00000000  RWIX
  RESET                 0000fffe   00000002  00000002  00000000  RWIX


SECTION ALLOCATION MAP

 output                                  attributes/
section   page    origin      length       input sections
--------  ----  ----------  ----------   ----------------
.bss       0    00000200    00000065     UNINITIALIZED
                  00000200    00000024     XbeeS1.obj (.bss)
                  00000224    00000016     softUart.obj (.bss)
                  0000023a    00000004     (.common:secCounter)
                  0000023e    00000002     (.common:_ZN6XbeeS17msgsizeE)
                  00000240    00000002     (.common:_ZN8softUart6txDataE)
                  00000242    00000002     (.common:__TI_cleanup_ptr)
                  00000244    00000002     (.common:__TI_dtors_ptr)
                  00000246    00000002     (.common:__dso_handle)
                  00000248    00000002     (.common:memsize)
                  0000024a    00000002     (.common:msCounter)
                  0000024c    00000002     (.common:msCronometer)
                  0000024e    00000002     (.common:startCronometer)
                  00000250    00000002     (.common:sys_base)
                  00000252    00000002     (.common:sys_free)
                  00000254    00000002     (.common:txcronometer)
                  00000256    00000002     (.common:txtimeout)
                  00000258    00000001     (.common:_ZN6XbeeS110rxApiFrameE)
                  00000259    00000001     (.common:_ZN6XbeeS110rxChecksumE)
                  0000025a    00000001     (.common:_ZN6XbeeS110txChecksumE)
                  0000025b    00000001     (.common:_ZN6XbeeS13lsbE)
                  0000025c    00000001     (.common:_ZN6XbeeS13msbE)
                  0000025d    00000001     (.common:_ZN6XbeeS14txOkE)
                  0000025e    00000001     (.common:_ZN6XbeeS18txStatusE)
                  0000025f    00000001     (.common:_ZN6XbeeS19dataIndexE)
                  00000260    00000001     (.common:_ZN6XbeeS19isEscapedE)
                  00000261    00000001     (.common:btnpress)
                  00000262    00000001     (.common:startT)
                  00000263    00000001     (.common:starttxcronometer)
                  00000264    00000001     (.common:value)

.TI.noinit 
*          0    00000200    00000000     UNINITIALIZED

.sysmem    0    00000268    00000050     UNINITIALIZED
                  00000268    00000004     rts430_eabi.lib : memory.obj (.sysmem)
                  0000026c    0000004c     --HOLE--

.data      0    000002b8    0000000c     UNINITIALIZED
                  000002b8    00000004     rts430_eabi.lib : _lock.obj (.data)
                  000002bc    00000003     softUart.obj (.data)
                  000002bf    00000001     --HOLE--
                  000002c0    00000002     rts430_eabi.lib : dtor_list.obj (.data)
                  000002c2    00000002                     : memory.obj (.data)

.TI.persistent 
*          0    000002b8    00000000     UNINITIALIZED

.stack     0    000003b0    00000050     UNINITIALIZED
                  000003b0    00000002     rts430_eabi.lib : boot.obj (.stack)
                  000003b2    0000004e     --HOLE--

.text      0    0000c000    00000cb2     
                  0000c000    000001aa     main.obj (.text:main)
                  0000c1aa    00000188     XbeeS1.obj (.text:_ZN6XbeeS115remoteATCommandE10Xbee64addrcc)
                  0000c332    0000010c     XbeeS1.obj (.text:_ZN6XbeeS111getRXPacketEv)
                  0000c43e    000000a8     rts430_eabi.lib : memory.obj (.text:malloc)
                  0000c4e6    00000080                     : memory.obj (.text:free)
                  0000c566    00000062     softUart.obj (.text:_ZN8softUart11Timer_A0_RXEv)
                  0000c5c8    00000060     XbeeS1.obj (.text:_ZN10Xbee64addr11get_addr_sbEh)
                  0000c628    0000005e     rts430_eabi.lib : copy_decompress_rle.obj (.text:__TI_decompress_rle_core)
                  0000c686    0000005e                     : autoinit.obj (.text:_auto_init)
                  0000c6e4    0000004e                     : dtor_list.obj (.text:__cxa_finalize)
                  0000c732    0000004c                     : dtor_list.obj (.text:_Z11__TI_atexitPFYvPvES_S_)
                  0000c77e    0000004a     XbeeS1.obj (.text:__sti___10_XbeeS1_cpp_4018486e)
                  0000c7c8    00000048     XbeeS1.obj (.text:_ZN6XbeeS112xbeeSendByteEcb)
                  0000c810    00000046     softUart.obj (.text:_ZN8softUart11Timer_A1_TXEv)
                  0000c856    00000044     XbeeS1.obj (.text:_ZN6XbeeS1C1Ev)
                  0000c89a    00000040     timer.obj (.text:_Z9wdt_timerv)
                  0000c8da    00000038     rts430_eabi.lib : memory.obj (.text:minit)
                  0000c912    00000030     softUart.obj (.text:_ZN8softUart4xmitEh)
                  0000c942    0000002c     PacketInfo.obj (.text:_ZN10PacketInfoC1Ev)
                  0000c96e    0000002c     softUart.obj (.text:_ZN10ringbufferIcLi16EE9pop_frontEv)
                  0000c99a    0000002c     softUart.obj (.text:_ZN8softUartC1Ev)
                  0000c9c6    0000002c     rts430_eabi.lib : div16s.obj (.text)
                  0000c9f2    0000002a                     : exit.obj (.text:exit)
                  0000ca1c    00000028     timer.obj (.text:_Z14secondsElapsedi)
                  0000ca44    00000026     timer.obj (.text:_Z15quaterMsElapsedi)
                  0000ca6a    00000024     timer.obj (.text:_Z13initClockTimev)
                  0000ca8e    00000024     softUart.obj (.text:_ZN10ringbufferIcLi16EE9push_backEc)
                  0000cab2    0000001c     pins.obj (.text:_Z8initPinsv)
                  0000cace    0000001c     rts430_eabi.lib : boot.obj (.text:_c_int00_noargs)
                  0000caea    0000001a     XbeeS1.obj (.text:_ZN6XbeeS19Timer0_A0Ev)
                  0000cb04    0000001a     softUart.obj (.text:__sti___12_softUart_cpp_9d11b5a7)
                  0000cb1e    00000016     rts430_eabi.lib : div16u.obj (.text)
                  0000cb34    00000014     softUart.obj (.text:_ZN10ringbufferIcLi16EEC1Ev)
                  0000cb48    00000014     rts430_eabi.lib : copy_zero_init.obj (.text:decompress:ZI:__TI_zero_init)
                  0000cb5c    00000014                     : mult16.obj (.text)
                  0000cb70    00000012                     : copy_decompress_none.obj (.text:decompress:none:__TI_decompress_none)
                  0000cb82    00000012                     : memcpy.obj (.text:memcpy)
                  0000cb94    00000010     softUart.obj (.text:_ZN10ringbufferIcLi16EE12clear_bufferEv)
                  0000cba4    00000010     softUart.obj (.text:_ZN10ringbufferIcLi16EE5emptyEv)
                  0000cbb4    00000010     rts430_eabi.lib : epilog.obj (.text)
                  0000cbc4    0000000e     timer.obj (.text:_Z5getMsv)
                  0000cbd2    0000000e     timer.obj (.text:_Z8initTestv)
                  0000cbe0    0000000c     softUart.obj (.text:_ZN8softUart4recvEv)
                  0000cbec    0000000a     main.obj (.text:_Z6Port_1v)
                  0000cbf6    0000000a     timer.obj (.text:_Z6getSecv)
                  0000cc00    0000000a     main.obj (.text:_Z9startTestv)
                  0000cc0a    0000000a     PacketInfo.obj (.text:_ZN10PacketInfoD0Ev)
                  0000cc14    0000000a     main.obj (.text:_ZN10Xbee16addrD0Ev)
                  0000cc1e    0000000a     main.obj (.text:_ZN10Xbee64addrD0Ev)
                  0000cc28    0000000a     rts430_eabi.lib : typeinfo_.obj (.text:_ZN10__cxxabiv117__class_type_infoD0Ev)
                  0000cc32    0000000a                     : typeinfo_.obj (.text:_ZN10__cxxabiv120__si_class_type_infoD0Ev)
                  0000cc3c    0000000a     softUart.obj (.text:_ZN10ringbufferIcLi16EED0Ev)
                  0000cc46    0000000a     XbeeS1.obj (.text:_ZN6XbeeS17isEmptyEv)
                  0000cc50    0000000a     XbeeS1.obj (.text:_ZN6XbeeS19getPacketEv)
                  0000cc5a    0000000a     XbeeS1.obj (.text:_ZN6XbeeS1D0Ev)
                  0000cc64    0000000a     softUart.obj (.text:_ZN8softUart5emptyEv)
                  0000cc6e    0000000a     softUart.obj (.text:_ZN8softUartD0Ev)
                  0000cc78    0000000a     rts430_eabi.lib : delete.obj (.text:_ZdlPv)
                  0000cc82    00000006                     : isr_trap.obj (.text:__TI_ISR_TRAP)
                  0000cc88    00000006                     : dtor_list.obj (.text:__cxa_ia64_exit)
                  0000cc8e    00000006                     : copy_decompress_rle.obj (.text:decompress:rle24:__TI_decompress_rle24)
                  0000cc94    00000004                     : dtor_list.obj (.text:__cxa_atexit)
                  0000cc98    00000004                     : pre_init.obj (.text:_system_pre_init)
                  0000cc9c    00000004                     : exit.obj (.text:abort)
                  0000cca0    00000002     PacketInfo.obj (.text:_ZN10PacketInfoD1Ev)
                  0000cca2    00000002     main.obj (.text:_ZN10Xbee16addrD1Ev)
                  0000cca4    00000002     main.obj (.text:_ZN10Xbee64addrD1Ev)
                  0000cca6    00000002     rts430_eabi.lib : typeinfo_.obj (.text:_ZN10__cxxabiv117__class_type_infoD1Ev)
                  0000cca8    00000002                     : typeinfo_.obj (.text:_ZN10__cxxabiv120__si_class_type_infoD1Ev)
                  0000ccaa    00000002     softUart.obj (.text:_ZN10ringbufferIcLi16EED1Ev)
                  0000ccac    00000002     XbeeS1.obj (.text:_ZN6XbeeS1D1Ev)
                  0000ccae    00000002     softUart.obj (.text:_ZN8softUartD1Ev)
                  0000ccb0    00000002     rts430_eabi.lib : _lock.obj (.text:_nop)

.const     0    0000ccb2    00000110     
                  0000ccb2    00000025     rts430_eabi.lib : typeinfo_.obj (.const:.typeinfo:_ZTSN10__cxxabiv120__si_class_type_infoE)
                  0000ccd7    00000001     --HOLE-- [fill = 0]
                  0000ccd8    00000022                     : typeinfo_.obj (.const:.typeinfo:_ZTSN10__cxxabiv117__class_type_infoE)
                  0000ccfa    00000015     softUart.obj (.const:.typeinfo:_ZTS10ringbufferIcLi16EE)
                  0000cd0f    00000001     --HOLE-- [fill = 0]
                  0000cd10    0000000d     PacketInfo.obj (.const:.typeinfo:_ZTS10PacketInfo)
                  0000cd1d    00000001     --HOLE-- [fill = 0]
                  0000cd1e    0000000d     main.obj (.const:.typeinfo:_ZTS10Xbee16addr)
                  0000cd2b    00000001     --HOLE-- [fill = 0]
                  0000cd2c    0000000d     main.obj (.const:.typeinfo:_ZTS10Xbee64addr)
                  0000cd39    00000001     --HOLE-- [fill = 0]
                  0000cd3a    0000000d     rts430_eabi.lib : typeinfo_.obj (.const:.typeinfo:_ZTSSt9type_info)
                  0000cd47    00000001     --HOLE-- [fill = 0]
                  0000cd48    0000000a     softUart.obj (.const:.typeinfo:_ZTS8softUart)
                  0000cd52    00000008     XbeeS1.obj (.const:.typeinfo:_ZTS6XbeeS1)
                  0000cd5a    00000008     PacketInfo.obj (.const:_ZTV10PacketInfo)
                  0000cd62    00000008     main.obj (.const:_ZTV10Xbee16addr)
                  0000cd6a    00000008     main.obj (.const:_ZTV10Xbee64addr)
                  0000cd72    00000008     softUart.obj (.const:_ZTV10ringbufferIcLi16EE)
                  0000cd7a    00000008     XbeeS1.obj (.const:_ZTV6XbeeS1)
                  0000cd82    00000008     softUart.obj (.const:_ZTV8softUart)
                  0000cd8a    00000008     rts430_eabi.lib : typeinfo_.obj (.const:_ZTVN10__cxxabiv117__class_type_infoE)
                  0000cd92    00000008                     : typeinfo_.obj (.const:_ZTVN10__cxxabiv120__si_class_type_infoE)
                  0000cd9a    00000006                     : typeinfo_.obj (.const:.typeinfo:_ZTIN10__cxxabiv117__class_type_infoE)
                  0000cda0    00000006                     : typeinfo_.obj (.const:.typeinfo:_ZTIN10__cxxabiv120__si_class_type_infoE)
                  0000cda6    00000004     PacketInfo.obj (.const:.typeinfo:_ZTI10PacketInfo)
                  0000cdaa    00000004     main.obj (.const:.typeinfo:_ZTI10Xbee16addr)
                  0000cdae    00000004     main.obj (.const:.typeinfo:_ZTI10Xbee64addr)
                  0000cdb2    00000004     softUart.obj (.const:.typeinfo:_ZTI10ringbufferIcLi16EE)
                  0000cdb6    00000004     XbeeS1.obj (.const:.typeinfo:_ZTI6XbeeS1)
                  0000cdba    00000004     softUart.obj (.const:.typeinfo:_ZTI8softUart)
                  0000cdbe    00000004     rts430_eabi.lib : typeinfo_.obj (.const:.typeinfo:_ZTISt9type_info)

.init_array 
*          0    0000cdc2    00000004     
                  0000cdc2    00000002     XbeeS1.obj (.init_array)
                  0000cdc4    00000002     softUart.obj (.init_array)

.cinit     0    0000cdc6    00000022     
                  0000cdc6    00000010     (.cinit..data.load) [load image]
                  0000cdd6    00000006     (__TI_handler_table)
                  0000cddc    00000004     (.cinit..bss.load) [load image, compression = zero_init]
                  0000cde0    00000008     (__TI_cinit_table)

PORT1      0    0000ffe4    00000002     
                  0000ffe4    00000002     main.obj (.int02)

PORT2      0    0000ffe6    00000002     
                  0000ffe6    00000002     rts430_eabi.lib : int03.obj (.int03)

ADC10      0    0000ffea    00000002     
                  0000ffea    00000002     rts430_eabi.lib : int05.obj (.int05)

USCIAB0TX 
*          0    0000ffec    00000002     
                  0000ffec    00000002     rts430_eabi.lib : int06.obj (.int06)

USCIAB0RX 
*          0    0000ffee    00000002     
                  0000ffee    00000002     rts430_eabi.lib : int07.obj (.int07)

TIMER0_A1 
*          0    0000fff0    00000002     
                  0000fff0    00000002     rts430_eabi.lib : int08.obj (.int08)

TIMER0_A0 
*          0    0000fff2    00000002     
                  0000fff2    00000002     XbeeS1.obj (.int09)

WDT        0    0000fff4    00000002     
                  0000fff4    00000002     timer.obj (.int10)

COMPARATORA 
*          0    0000fff6    00000002     
                  0000fff6    00000002     rts430_eabi.lib : int11.obj (.int11)

TIMER1_A1 
*          0    0000fff8    00000002     
                  0000fff8    00000002     softUart.obj (.int12)

TIMER1_A0 
*          0    0000fffa    00000002     
                  0000fffa    00000002     softUart.obj (.int13)

NMI        0    0000fffc    00000002     
                  0000fffc    00000002     rts430_eabi.lib : int14.obj (.int14)

.reset     0    0000fffe    00000002     
                  0000fffe    00000002     rts430_eabi.lib : boot.obj (.reset)


LINKER GENERATED COPY TABLES

__TI_cinit_table @ 0000cde0 records: 2, size/record: 4, table size: 8
	.data: load addr=0000cdc6, load size=00000010 bytes, run addr=000002b8, run size=0000000c bytes, compression=copy
	.bss: load addr=0000cddc, load size=00000004 bytes, run addr=00000200, run size=00000065 bytes, compression=zero_init


LINKER GENERATED HANDLER TABLE

__TI_handler_table @ 0000cdd6 records: 3, size/record: 2, table size: 6
	index: 0, handler: __TI_zero_init
	index: 1, handler: __TI_decompress_rle24
	index: 2, handler: __TI_decompress_none


GLOBAL SYMBOLS: SORTED ALPHABETICALLY BY Name 

address    name
--------   ----
0000004a   ADC10AE0
000001b0   ADC10CTL0
000001b2   ADC10CTL1
00000048   ADC10DTC0
00000049   ADC10DTC1
000001b4   ADC10MEM
000001bc   ADC10SA
00000057   BCSCTL1
00000058   BCSCTL2
00000053   BCSCTL3
0000cc9c   C$$EXIT
00000059   CACTL1
0000005a   CACTL2
000010fb   CALBC1_12MHZ
000010f9   CALBC1_16MHZ
000010ff   CALBC1_1MHZ
000010fd   CALBC1_8MHZ
000010fa   CALDCO_12MHZ
000010f8   CALDCO_16MHZ
000010fe   CALDCO_1MHZ
000010fc   CALDCO_8MHZ
0000005b   CAPD
00000056   DCOCTL
00000128   FCTL1
0000012a   FCTL2
0000012c   FCTL3
00000000   IE1
00000001   IE2
00000002   IFG1
00000003   IFG2
00000022   P1DIR
00000025   P1IE
00000024   P1IES
00000023   P1IFG
00000020   P1IN
00000021   P1OUT
00000027   P1REN
00000026   P1SEL
00000041   P1SEL2
0000002a   P2DIR
0000002d   P2IE
0000002c   P2IES
0000002b   P2IFG
00000028   P2IN
00000029   P2OUT
0000002f   P2REN
0000002e   P2SEL
00000042   P2SEL2
0000001a   P3DIR
00000018   P3IN
00000019   P3OUT
00000010   P3REN
0000001b   P3SEL
00000043   P3SEL2
00000172   TA0CCR0
00000174   TA0CCR1
00000176   TA0CCR2
00000162   TA0CCTL0
00000164   TA0CCTL1
00000166   TA0CCTL2
00000160   TA0CTL
0000012e   TA0IV
00000170   TA0R
00000192   TA1CCR0
00000194   TA1CCR1
00000196   TA1CCR2
00000182   TA1CCTL0
00000184   TA1CCTL1
00000186   TA1CCTL2
00000180   TA1CTL
0000011e   TA1IV
00000190   TA1R
000010db   TLV_ADC10_1_LEN
000010da   TLV_ADC10_1_TAG
000010c0   TLV_CHECKSUM
000010f7   TLV_DCO_30_LEN
000010f6   TLV_DCO_30_TAG
0000005d   UCA0ABCTL
00000062   UCA0BR0
00000063   UCA0BR1
00000060   UCA0CTL0
00000061   UCA0CTL1
0000005f   UCA0IRRCTL
0000005e   UCA0IRTCTL
00000064   UCA0MCTL
00000066   UCA0RXBUF
00000065   UCA0STAT
00000067   UCA0TXBUF
0000006a   UCB0BR0
0000006b   UCB0BR1
00000068   UCB0CTL0
00000069   UCB0CTL1
0000006c   UCB0I2CIE
00000118   UCB0I2COA
0000011a   UCB0I2CSA
0000006e   UCB0RXBUF
0000006d   UCB0STAT
0000006f   UCB0TXBUF
00000120   WDTCTL
0000ca6a   _Z13initClockTimev
0000ca1c   _Z14secondsElapsedi
0000ca44   _Z15quaterMsElapsedi
0000cbc4   _Z5getMsv
0000cbec   _Z6Port_1v
0000cbf6   _Z6getSecv
0000cab2   _Z8initPinsv
0000cbd2   _Z8initTestv
0000cc00   _Z9startTestv
0000c89a   _Z9wdt_timerv
0000c942   _ZN10PacketInfoC1Ev
0000c942   _ZN10PacketInfoC2Ev
0000cc0a   _ZN10PacketInfoD0Ev
0000cca0   _ZN10PacketInfoD1Ev
0000cca0   _ZN10PacketInfoD2Ev
0000cc14   _ZN10Xbee16addrD0Ev
0000cca2   _ZN10Xbee16addrD1Ev
0000c5c8   _ZN10Xbee64addr11get_addr_sbEh
0000cc1e   _ZN10Xbee64addrD0Ev
0000cca4   _ZN10Xbee64addrD1Ev
0000cc28   _ZN10__cxxabiv117__class_type_infoD0Ev
0000cca6   _ZN10__cxxabiv117__class_type_infoD1Ev
0000cca6   _ZN10__cxxabiv117__class_type_infoD2Ev
0000cc32   _ZN10__cxxabiv120__si_class_type_infoD0Ev
0000cca8   _ZN10__cxxabiv120__si_class_type_infoD1Ev
0000cca8   _ZN10__cxxabiv120__si_class_type_infoD2Ev
0000cb94   _ZN10ringbufferIcLi16EE12clear_bufferEv
0000cba4   _ZN10ringbufferIcLi16EE5emptyEv
0000c96e   _ZN10ringbufferIcLi16EE9pop_frontEv
0000ca8e   _ZN10ringbufferIcLi16EE9push_backEc
0000cb34   _ZN10ringbufferIcLi16EEC1Ev
0000cc3c   _ZN10ringbufferIcLi16EED0Ev
0000ccaa   _ZN10ringbufferIcLi16EED1Ev
00000258   _ZN6XbeeS110rxApiFrameE
00000259   _ZN6XbeeS110rxChecksumE
0000025a   _ZN6XbeeS110txChecksumE
0000c332   _ZN6XbeeS111getRXPacketEv
0000020e   _ZN6XbeeS112packetBufferE
0000c7c8   _ZN6XbeeS112xbeeSendByteEcb
0000c1aa   _ZN6XbeeS115remoteATCommandE10Xbee64addrcc
00000200   _ZN6XbeeS12suE
0000025b   _ZN6XbeeS13lsbE
0000025c   _ZN6XbeeS13msbE
0000025d   _ZN6XbeeS14txOkE
00000202   _ZN6XbeeS16packetE
0000cc46   _ZN6XbeeS17isEmptyEv
0000023e   _ZN6XbeeS17msgsizeE
0000025e   _ZN6XbeeS18txStatusE
0000caea   _ZN6XbeeS19Timer0_A0Ev
0000025f   _ZN6XbeeS19dataIndexE
0000cc50   _ZN6XbeeS19getPacketEv
00000260   _ZN6XbeeS19isEscapedE
0000c856   _ZN6XbeeS1C1Ev
0000c856   _ZN6XbeeS1C2Ev
0000cc5a   _ZN6XbeeS1D0Ev
0000ccac   _ZN6XbeeS1D1Ev
0000ccac   _ZN6XbeeS1D2Ev
0000c566   _ZN8softUart11Timer_A0_RXEv
0000c810   _ZN8softUart11Timer_A1_TXEv
0000cbe0   _ZN8softUart4recvEv
00000224   _ZN8softUart4sfrbE
0000c912   _ZN8softUart4xmitEh
0000cc64   _ZN8softUart5emptyEv
00000240   _ZN8softUart6txDataE
0000c99a   _ZN8softUartC1Ev
0000c99a   _ZN8softUartC2Ev
0000cc6e   _ZN8softUartD0Ev
0000ccae   _ZN8softUartD1Ev
0000ccae   _ZN8softUartD2Ev
0000cda6   _ZTI10PacketInfo
0000cdaa   _ZTI10Xbee16addr
0000cdae   _ZTI10Xbee64addr
0000cdb2   _ZTI10ringbufferIcLi16EE
0000cdb6   _ZTI6XbeeS1
0000cdba   _ZTI8softUart
0000cd9a   _ZTIN10__cxxabiv117__class_type_infoE
0000cda0   _ZTIN10__cxxabiv120__si_class_type_infoE
0000cdbe   _ZTISt9type_info
0000cd10   _ZTS10PacketInfo
0000cd1e   _ZTS10Xbee16addr
0000cd2c   _ZTS10Xbee64addr
0000ccfa   _ZTS10ringbufferIcLi16EE
0000cd52   _ZTS6XbeeS1
0000cd48   _ZTS8softUart
0000ccd8   _ZTSN10__cxxabiv117__class_type_infoE
0000ccb2   _ZTSN10__cxxabiv120__si_class_type_infoE
0000cd3a   _ZTSSt9type_info
0000cd5a   _ZTV10PacketInfo
0000cd62   _ZTV10Xbee16addr
0000cd6a   _ZTV10Xbee64addr
0000cd72   _ZTV10ringbufferIcLi16EE
0000cd7a   _ZTV6XbeeS1
0000cd82   _ZTV8softUart
0000cd8a   _ZTVN10__cxxabiv117__class_type_infoE
0000cd92   _ZTVN10__cxxabiv120__si_class_type_infoE
0000cc78   _ZdlPv
00000400   __STACK_END
00000050   __STACK_SIZE
00000050   __SYSMEM_SIZE
0000cde0   __TI_CINIT_Base
0000cde8   __TI_CINIT_Limit
0000cdd6   __TI_Handler_Table_Base
0000cddc   __TI_Handler_Table_Limit
0000cdc2   __TI_INITARRAY_Base
0000cdc6   __TI_INITARRAY_Limit
0000cc82   __TI_ISR_TRAP
00000001   __TI_args_main
00000242   __TI_cleanup_ptr
0000cb70   __TI_decompress_none
0000cc8e   __TI_decompress_rle24
00000244   __TI_dtors_ptr
00000001   __TI_exit
0000ffe4   __TI_int02
0000ffe6   __TI_int03
0000ffea   __TI_int05
0000ffec   __TI_int06
0000ffee   __TI_int07
0000fff0   __TI_int08
0000fff2   __TI_int09
0000fff4   __TI_int10
0000fff6   __TI_int11
0000fff8   __TI_int12
0000fffa   __TI_int13
0000fffc   __TI_int14
0000cb48   __TI_zero_init
ffffffff   __binit__
ffffffff   __c_args__
0000cc94   __cxa_atexit
0000c6e4   __cxa_finalize
0000cc88   __cxa_ia64_exit
00000246   __dso_handle
0000c9c6   __mspabi_divi
0000cb1e   __mspabi_divu
0000cbc0   __mspabi_func_epilog_1
0000cbbe   __mspabi_func_epilog_2
0000cbbc   __mspabi_func_epilog_3
0000cbba   __mspabi_func_epilog_4
0000cbb8   __mspabi_func_epilog_5
0000cbb6   __mspabi_func_epilog_6
0000cbb4   __mspabi_func_epilog_7
0000cb5c   __mspabi_mpyi
0000c9c6   __mspabi_remi
0000cb1e   __mspabi_remu
0000c77e   __sti___10_XbeeS1_cpp_4018486e
0000cb04   __sti___12_softUart_cpp_9d11b5a7
0000c686   _auto_init
0000cace   _c_int00
0000cace   _c_int00_noargs
000002b8   _lock
0000ccb0   _nop
0000fffe   _reset_vector
000003b0   _stack
00000268   _sys_memory
0000cc98   _system_pre_init
000002ba   _unlock
0000cc9c   abort
ffffffff   binit
00000261   btnpress
0000c9f2   exit
0000c4e6   free
0000c000   main
0000c43e   malloc
0000cb82   memcpy
0000c8da   minit
0000024a   msCounter
0000024c   msCronometer
0000023a   secCounter
0000024e   startCronometer
00000262   startT
00000263   starttxcronometer
00000254   txcronometer
00000256   txtimeout
00000264   value


GLOBAL SYMBOLS: SORTED BY Symbol Address 

address    name
--------   ----
00000000   IE1
00000001   IE2
00000001   __TI_args_main
00000001   __TI_exit
00000002   IFG1
00000003   IFG2
00000010   P3REN
00000018   P3IN
00000019   P3OUT
0000001a   P3DIR
0000001b   P3SEL
00000020   P1IN
00000021   P1OUT
00000022   P1DIR
00000023   P1IFG
00000024   P1IES
00000025   P1IE
00000026   P1SEL
00000027   P1REN
00000028   P2IN
00000029   P2OUT
0000002a   P2DIR
0000002b   P2IFG
0000002c   P2IES
0000002d   P2IE
0000002e   P2SEL
0000002f   P2REN
00000041   P1SEL2
00000042   P2SEL2
00000043   P3SEL2
00000048   ADC10DTC0
00000049   ADC10DTC1
0000004a   ADC10AE0
00000050   __STACK_SIZE
00000050   __SYSMEM_SIZE
00000053   BCSCTL3
00000056   DCOCTL
00000057   BCSCTL1
00000058   BCSCTL2
00000059   CACTL1
0000005a   CACTL2
0000005b   CAPD
0000005d   UCA0ABCTL
0000005e   UCA0IRTCTL
0000005f   UCA0IRRCTL
00000060   UCA0CTL0
00000061   UCA0CTL1
00000062   UCA0BR0
00000063   UCA0BR1
00000064   UCA0MCTL
00000065   UCA0STAT
00000066   UCA0RXBUF
00000067   UCA0TXBUF
00000068   UCB0CTL0
00000069   UCB0CTL1
0000006a   UCB0BR0
0000006b   UCB0BR1
0000006c   UCB0I2CIE
0000006d   UCB0STAT
0000006e   UCB0RXBUF
0000006f   UCB0TXBUF
00000118   UCB0I2COA
0000011a   UCB0I2CSA
0000011e   TA1IV
00000120   WDTCTL
00000128   FCTL1
0000012a   FCTL2
0000012c   FCTL3
0000012e   TA0IV
00000160   TA0CTL
00000162   TA0CCTL0
00000164   TA0CCTL1
00000166   TA0CCTL2
00000170   TA0R
00000172   TA0CCR0
00000174   TA0CCR1
00000176   TA0CCR2
00000180   TA1CTL
00000182   TA1CCTL0
00000184   TA1CCTL1
00000186   TA1CCTL2
00000190   TA1R
00000192   TA1CCR0
00000194   TA1CCR1
00000196   TA1CCR2
000001b0   ADC10CTL0
000001b2   ADC10CTL1
000001b4   ADC10MEM
000001bc   ADC10SA
00000200   _ZN6XbeeS12suE
00000202   _ZN6XbeeS16packetE
0000020e   _ZN6XbeeS112packetBufferE
00000224   _ZN8softUart4sfrbE
0000023a   secCounter
0000023e   _ZN6XbeeS17msgsizeE
00000240   _ZN8softUart6txDataE
00000242   __TI_cleanup_ptr
00000244   __TI_dtors_ptr
00000246   __dso_handle
0000024a   msCounter
0000024c   msCronometer
0000024e   startCronometer
00000254   txcronometer
00000256   txtimeout
00000258   _ZN6XbeeS110rxApiFrameE
00000259   _ZN6XbeeS110rxChecksumE
0000025a   _ZN6XbeeS110txChecksumE
0000025b   _ZN6XbeeS13lsbE
0000025c   _ZN6XbeeS13msbE
0000025d   _ZN6XbeeS14txOkE
0000025e   _ZN6XbeeS18txStatusE
0000025f   _ZN6XbeeS19dataIndexE
00000260   _ZN6XbeeS19isEscapedE
00000261   btnpress
00000262   startT
00000263   starttxcronometer
00000264   value
00000268   _sys_memory
000002b8   _lock
000002ba   _unlock
000003b0   _stack
00000400   __STACK_END
000010c0   TLV_CHECKSUM
000010da   TLV_ADC10_1_TAG
000010db   TLV_ADC10_1_LEN
000010f6   TLV_DCO_30_TAG
000010f7   TLV_DCO_30_LEN
000010f8   CALDCO_16MHZ
000010f9   CALBC1_16MHZ
000010fa   CALDCO_12MHZ
000010fb   CALBC1_12MHZ
000010fc   CALDCO_8MHZ
000010fd   CALBC1_8MHZ
000010fe   CALDCO_1MHZ
000010ff   CALBC1_1MHZ
0000c000   main
0000c1aa   _ZN6XbeeS115remoteATCommandE10Xbee64addrcc
0000c332   _ZN6XbeeS111getRXPacketEv
0000c43e   malloc
0000c4e6   free
0000c566   _ZN8softUart11Timer_A0_RXEv
0000c5c8   _ZN10Xbee64addr11get_addr_sbEh
0000c686   _auto_init
0000c6e4   __cxa_finalize
0000c77e   __sti___10_XbeeS1_cpp_4018486e
0000c7c8   _ZN6XbeeS112xbeeSendByteEcb
0000c810   _ZN8softUart11Timer_A1_TXEv
0000c856   _ZN6XbeeS1C1Ev
0000c856   _ZN6XbeeS1C2Ev
0000c89a   _Z9wdt_timerv
0000c8da   minit
0000c912   _ZN8softUart4xmitEh
0000c942   _ZN10PacketInfoC1Ev
0000c942   _ZN10PacketInfoC2Ev
0000c96e   _ZN10ringbufferIcLi16EE9pop_frontEv
0000c99a   _ZN8softUartC1Ev
0000c99a   _ZN8softUartC2Ev
0000c9c6   __mspabi_divi
0000c9c6   __mspabi_remi
0000c9f2   exit
0000ca1c   _Z14secondsElapsedi
0000ca44   _Z15quaterMsElapsedi
0000ca6a   _Z13initClockTimev
0000ca8e   _ZN10ringbufferIcLi16EE9push_backEc
0000cab2   _Z8initPinsv
0000cace   _c_int00
0000cace   _c_int00_noargs
0000caea   _ZN6XbeeS19Timer0_A0Ev
0000cb04   __sti___12_softUart_cpp_9d11b5a7
0000cb1e   __mspabi_divu
0000cb1e   __mspabi_remu
0000cb34   _ZN10ringbufferIcLi16EEC1Ev
0000cb48   __TI_zero_init
0000cb5c   __mspabi_mpyi
0000cb70   __TI_decompress_none
0000cb82   memcpy
0000cb94   _ZN10ringbufferIcLi16EE12clear_bufferEv
0000cba4   _ZN10ringbufferIcLi16EE5emptyEv
0000cbb4   __mspabi_func_epilog_7
0000cbb6   __mspabi_func_epilog_6
0000cbb8   __mspabi_func_epilog_5
0000cbba   __mspabi_func_epilog_4
0000cbbc   __mspabi_func_epilog_3
0000cbbe   __mspabi_func_epilog_2
0000cbc0   __mspabi_func_epilog_1
0000cbc4   _Z5getMsv
0000cbd2   _Z8initTestv
0000cbe0   _ZN8softUart4recvEv
0000cbec   _Z6Port_1v
0000cbf6   _Z6getSecv
0000cc00   _Z9startTestv
0000cc0a   _ZN10PacketInfoD0Ev
0000cc14   _ZN10Xbee16addrD0Ev
0000cc1e   _ZN10Xbee64addrD0Ev
0000cc28   _ZN10__cxxabiv117__class_type_infoD0Ev
0000cc32   _ZN10__cxxabiv120__si_class_type_infoD0Ev
0000cc3c   _ZN10ringbufferIcLi16EED0Ev
0000cc46   _ZN6XbeeS17isEmptyEv
0000cc50   _ZN6XbeeS19getPacketEv
0000cc5a   _ZN6XbeeS1D0Ev
0000cc64   _ZN8softUart5emptyEv
0000cc6e   _ZN8softUartD0Ev
0000cc78   _ZdlPv
0000cc82   __TI_ISR_TRAP
0000cc88   __cxa_ia64_exit
0000cc8e   __TI_decompress_rle24
0000cc94   __cxa_atexit
0000cc98   _system_pre_init
0000cc9c   C$$EXIT
0000cc9c   abort
0000cca0   _ZN10PacketInfoD1Ev
0000cca0   _ZN10PacketInfoD2Ev
0000cca2   _ZN10Xbee16addrD1Ev
0000cca4   _ZN10Xbee64addrD1Ev
0000cca6   _ZN10__cxxabiv117__class_type_infoD1Ev
0000cca6   _ZN10__cxxabiv117__class_type_infoD2Ev
0000cca8   _ZN10__cxxabiv120__si_class_type_infoD1Ev
0000cca8   _ZN10__cxxabiv120__si_class_type_infoD2Ev
0000ccaa   _ZN10ringbufferIcLi16EED1Ev
0000ccac   _ZN6XbeeS1D1Ev
0000ccac   _ZN6XbeeS1D2Ev
0000ccae   _ZN8softUartD1Ev
0000ccae   _ZN8softUartD2Ev
0000ccb0   _nop
0000ccb2   _ZTSN10__cxxabiv120__si_class_type_infoE
0000ccd8   _ZTSN10__cxxabiv117__class_type_infoE
0000ccfa   _ZTS10ringbufferIcLi16EE
0000cd10   _ZTS10PacketInfo
0000cd1e   _ZTS10Xbee16addr
0000cd2c   _ZTS10Xbee64addr
0000cd3a   _ZTSSt9type_info
0000cd48   _ZTS8softUart
0000cd52   _ZTS6XbeeS1
0000cd5a   _ZTV10PacketInfo
0000cd62   _ZTV10Xbee16addr
0000cd6a   _ZTV10Xbee64addr
0000cd72   _ZTV10ringbufferIcLi16EE
0000cd7a   _ZTV6XbeeS1
0000cd82   _ZTV8softUart
0000cd8a   _ZTVN10__cxxabiv117__class_type_infoE
0000cd92   _ZTVN10__cxxabiv120__si_class_type_infoE
0000cd9a   _ZTIN10__cxxabiv117__class_type_infoE
0000cda0   _ZTIN10__cxxabiv120__si_class_type_infoE
0000cda6   _ZTI10PacketInfo
0000cdaa   _ZTI10Xbee16addr
0000cdae   _ZTI10Xbee64addr
0000cdb2   _ZTI10ringbufferIcLi16EE
0000cdb6   _ZTI6XbeeS1
0000cdba   _ZTI8softUart
0000cdbe   _ZTISt9type_info
0000cdc2   __TI_INITARRAY_Base
0000cdc6   __TI_INITARRAY_Limit
0000cdd6   __TI_Handler_Table_Base
0000cddc   __TI_Handler_Table_Limit
0000cde0   __TI_CINIT_Base
0000cde8   __TI_CINIT_Limit
0000ffe4   __TI_int02
0000ffe6   __TI_int03
0000ffea   __TI_int05
0000ffec   __TI_int06
0000ffee   __TI_int07
0000fff0   __TI_int08
0000fff2   __TI_int09
0000fff4   __TI_int10
0000fff6   __TI_int11
0000fff8   __TI_int12
0000fffa   __TI_int13
0000fffc   __TI_int14
0000fffe   _reset_vector
ffffffff   __binit__
ffffffff   __c_args__
ffffffff   binit

[272 symbols]
