<?xml version="1.0"?>
<link_info>
   <banner>MSP430 Linker PC v4.3.1</banner>
   <copyright>Copyright (c) 2003-2014 Texas Instruments Incorporated</copyright>
   <link_time>0x54f6a036</link_time>
   <link_errors>0x0</link_errors>
   <output_file>MSP430-Xbee-SoftwareSerial.out</output_file>
   <entry_point>
      <name>_c_int00</name>
      <address>0xc944</address>
   </entry_point>
   <input_file_list>
      <input_file id="fl-2">
         <path>.\</path>
         <kind>object</kind>
         <file>timer.obj</file>
         <name>timer.obj</name>
      </input_file>
      <input_file id="fl-3">
         <path>.\</path>
         <kind>object</kind>
         <file>softUart.obj</file>
         <name>softUart.obj</name>
      </input_file>
      <input_file id="fl-4">
         <path>.\</path>
         <kind>object</kind>
         <file>pins.obj</file>
         <name>pins.obj</name>
      </input_file>
      <input_file id="fl-5">
         <path>.\</path>
         <kind>object</kind>
         <file>main.obj</file>
         <name>main.obj</name>
      </input_file>
      <input_file id="fl-6">
         <path>.\</path>
         <kind>object</kind>
         <file>XbeeS1.obj</file>
         <name>XbeeS1.obj</name>
      </input_file>
      <input_file id="fl-7">
         <path>.\</path>
         <kind>object</kind>
         <file>TxFrame.obj</file>
         <name>TxFrame.obj</name>
      </input_file>
      <input_file id="fl-8">
         <path>.\</path>
         <kind>object</kind>
         <file>PacketInfo.obj</file>
         <name>PacketInfo.obj</name>
      </input_file>
      <input_file id="fl-36">
         <path>F:\Program Files\ti\ccsv6\tools\compiler\msp430_4.3.1\lib\</path>
         <kind>archive</kind>
         <file>rts430_eabi.lib</file>
         <name>boot.obj</name>
      </input_file>
      <input_file id="fl-37">
         <path>F:\Program Files\ti\ccsv6\tools\compiler\msp430_4.3.1\lib\</path>
         <kind>archive</kind>
         <file>rts430_eabi.lib</file>
         <name>copy_decompress_none.obj</name>
      </input_file>
      <input_file id="fl-38">
         <path>F:\Program Files\ti\ccsv6\tools\compiler\msp430_4.3.1\lib\</path>
         <kind>archive</kind>
         <file>rts430_eabi.lib</file>
         <name>copy_decompress_rle.obj</name>
      </input_file>
      <input_file id="fl-39">
         <path>F:\Program Files\ti\ccsv6\tools\compiler\msp430_4.3.1\lib\</path>
         <kind>archive</kind>
         <file>rts430_eabi.lib</file>
         <name>copy_zero_init.obj</name>
      </input_file>
      <input_file id="fl-3a">
         <path>F:\Program Files\ti\ccsv6\tools\compiler\msp430_4.3.1\lib\</path>
         <kind>archive</kind>
         <file>rts430_eabi.lib</file>
         <name>delete.obj</name>
      </input_file>
      <input_file id="fl-3b">
         <path>F:\Program Files\ti\ccsv6\tools\compiler\msp430_4.3.1\lib\</path>
         <kind>archive</kind>
         <file>rts430_eabi.lib</file>
         <name>div16s.obj</name>
      </input_file>
      <input_file id="fl-3c">
         <path>F:\Program Files\ti\ccsv6\tools\compiler\msp430_4.3.1\lib\</path>
         <kind>archive</kind>
         <file>rts430_eabi.lib</file>
         <name>div16u.obj</name>
      </input_file>
      <input_file id="fl-3d">
         <path>F:\Program Files\ti\ccsv6\tools\compiler\msp430_4.3.1\lib\</path>
         <kind>archive</kind>
         <file>rts430_eabi.lib</file>
         <name>dtor_list.obj</name>
      </input_file>
      <input_file id="fl-3e">
         <path>F:\Program Files\ti\ccsv6\tools\compiler\msp430_4.3.1\lib\</path>
         <kind>archive</kind>
         <file>rts430_eabi.lib</file>
         <name>epilog.obj</name>
      </input_file>
      <input_file id="fl-3f">
         <path>F:\Program Files\ti\ccsv6\tools\compiler\msp430_4.3.1\lib\</path>
         <kind>archive</kind>
         <file>rts430_eabi.lib</file>
         <name>exit.obj</name>
      </input_file>
      <input_file id="fl-40">
         <path>F:\Program Files\ti\ccsv6\tools\compiler\msp430_4.3.1\lib\</path>
         <kind>archive</kind>
         <file>rts430_eabi.lib</file>
         <name>int03.obj</name>
      </input_file>
      <input_file id="fl-41">
         <path>F:\Program Files\ti\ccsv6\tools\compiler\msp430_4.3.1\lib\</path>
         <kind>archive</kind>
         <file>rts430_eabi.lib</file>
         <name>int05.obj</name>
      </input_file>
      <input_file id="fl-42">
         <path>F:\Program Files\ti\ccsv6\tools\compiler\msp430_4.3.1\lib\</path>
         <kind>archive</kind>
         <file>rts430_eabi.lib</file>
         <name>int06.obj</name>
      </input_file>
      <input_file id="fl-43">
         <path>F:\Program Files\ti\ccsv6\tools\compiler\msp430_4.3.1\lib\</path>
         <kind>archive</kind>
         <file>rts430_eabi.lib</file>
         <name>int07.obj</name>
      </input_file>
      <input_file id="fl-44">
         <path>F:\Program Files\ti\ccsv6\tools\compiler\msp430_4.3.1\lib\</path>
         <kind>archive</kind>
         <file>rts430_eabi.lib</file>
         <name>int08.obj</name>
      </input_file>
      <input_file id="fl-45">
         <path>F:\Program Files\ti\ccsv6\tools\compiler\msp430_4.3.1\lib\</path>
         <kind>archive</kind>
         <file>rts430_eabi.lib</file>
         <name>int11.obj</name>
      </input_file>
      <input_file id="fl-46">
         <path>F:\Program Files\ti\ccsv6\tools\compiler\msp430_4.3.1\lib\</path>
         <kind>archive</kind>
         <file>rts430_eabi.lib</file>
         <name>int14.obj</name>
      </input_file>
      <input_file id="fl-47">
         <path>F:\Program Files\ti\ccsv6\tools\compiler\msp430_4.3.1\lib\</path>
         <kind>archive</kind>
         <file>rts430_eabi.lib</file>
         <name>isr_trap.obj</name>
      </input_file>
      <input_file id="fl-48">
         <path>F:\Program Files\ti\ccsv6\tools\compiler\msp430_4.3.1\lib\</path>
         <kind>archive</kind>
         <file>rts430_eabi.lib</file>
         <name>lsl16.obj</name>
      </input_file>
      <input_file id="fl-49">
         <path>F:\Program Files\ti\ccsv6\tools\compiler\msp430_4.3.1\lib\</path>
         <kind>archive</kind>
         <file>rts430_eabi.lib</file>
         <name>memcpy.obj</name>
      </input_file>
      <input_file id="fl-4a">
         <path>F:\Program Files\ti\ccsv6\tools\compiler\msp430_4.3.1\lib\</path>
         <kind>archive</kind>
         <file>rts430_eabi.lib</file>
         <name>memory.obj</name>
      </input_file>
      <input_file id="fl-4b">
         <path>F:\Program Files\ti\ccsv6\tools\compiler\msp430_4.3.1\lib\</path>
         <kind>archive</kind>
         <file>rts430_eabi.lib</file>
         <name>mpu_init.obj</name>
      </input_file>
      <input_file id="fl-4c">
         <path>F:\Program Files\ti\ccsv6\tools\compiler\msp430_4.3.1\lib\</path>
         <kind>archive</kind>
         <file>rts430_eabi.lib</file>
         <name>mult16.obj</name>
      </input_file>
      <input_file id="fl-4d">
         <path>F:\Program Files\ti\ccsv6\tools\compiler\msp430_4.3.1\lib\</path>
         <kind>archive</kind>
         <file>rts430_eabi.lib</file>
         <name>pre_init.obj</name>
      </input_file>
      <input_file id="fl-4e">
         <path>F:\Program Files\ti\ccsv6\tools\compiler\msp430_4.3.1\lib\</path>
         <kind>archive</kind>
         <file>rts430_eabi.lib</file>
         <name>typeinfo_.obj</name>
      </input_file>
      <input_file id="fl-4f">
         <path>F:\Program Files\ti\ccsv6\tools\compiler\msp430_4.3.1\lib\</path>
         <kind>archive</kind>
         <file>rts430_eabi.lib</file>
         <name>_lock.obj</name>
      </input_file>
      <input_file id="fl-50">
         <path>F:\Program Files\ti\ccsv6\tools\compiler\msp430_4.3.1\lib\</path>
         <kind>archive</kind>
         <file>rts430_eabi.lib</file>
         <name>args_main.obj</name>
      </input_file>
      <input_file id="fl-51">
         <path>F:\Program Files\ti\ccsv6\tools\compiler\msp430_4.3.1\lib\</path>
         <kind>archive</kind>
         <file>rts430_eabi.lib</file>
         <name>autoinit.obj</name>
      </input_file>
   </input_file_list>
   <object_component_list>
      <object_component id="oc-53">
         <name>.sysmem</name>
         <uninitialized>true</uninitialized>
         <run_address>0x268</run_address>
         <size>0x4</size>
         <input_file_ref idref="fl-4a"/>
      </object_component>
      <object_component id="oc-3ea">
         <name>.sysmem</name>
         <uninitialized>true</uninitialized>
         <run_address>0x268</run_address>
         <size>0x0</size>
      </object_component>
      <object_component id="oc-50">
         <name>.stack</name>
         <uninitialized>true</uninitialized>
         <run_address>0x3b0</run_address>
         <size>0x2</size>
         <input_file_ref idref="fl-36"/>
      </object_component>
      <object_component id="oc-3e9">
         <name>.stack</name>
         <uninitialized>true</uninitialized>
         <run_address>0x3b0</run_address>
         <size>0x0</size>
      </object_component>
      <object_component id="oc-7c">
         <name>.text:main</name>
         <load_address>0xc000</load_address>
         <run_address>0xc000</run_address>
         <size>0x13a</size>
         <input_file_ref idref="fl-5"/>
      </object_component>
      <object_component id="oc-be">
         <name>.text:_ZN6XbeeS111getRXPacketEv</name>
         <load_address>0xc13a</load_address>
         <run_address>0xc13a</run_address>
         <size>0x10c</size>
         <input_file_ref idref="fl-6"/>
      </object_component>
      <object_component id="oc-12a">
         <name>.text:_ZN6XbeeS18txPacketE10Xbee16addrPKc</name>
         <load_address>0xc246</load_address>
         <run_address>0xc246</run_address>
         <size>0xce</size>
         <input_file_ref idref="fl-6"/>
      </object_component>
      <object_component id="oc-305">
         <name>.text:malloc</name>
         <load_address>0xc314</load_address>
         <run_address>0xc314</run_address>
         <size>0xa8</size>
         <input_file_ref idref="fl-4a"/>
      </object_component>
      <object_component id="oc-333">
         <name>.text:free</name>
         <load_address>0xc3bc</load_address>
         <run_address>0xc3bc</run_address>
         <size>0x80</size>
         <input_file_ref idref="fl-4a"/>
      </object_component>
      <object_component id="oc-6d">
         <name>.text:_ZN8softUart11Timer_A0_RXEv</name>
         <load_address>0xc43c</load_address>
         <run_address>0xc43c</run_address>
         <size>0x62</size>
         <input_file_ref idref="fl-3"/>
      </object_component>
      <object_component id="oc-9a">
         <name>.text:__TI_decompress_rle_core</name>
         <load_address>0xc49e</load_address>
         <run_address>0xc49e</run_address>
         <size>0x5e</size>
         <input_file_ref idref="fl-38"/>
      </object_component>
      <object_component id="oc-77">
         <name>.text:_auto_init</name>
         <load_address>0xc4fc</load_address>
         <run_address>0xc4fc</run_address>
         <size>0x5e</size>
         <input_file_ref idref="fl-51"/>
      </object_component>
      <object_component id="oc-354">
         <name>.text:__cxa_finalize</name>
         <load_address>0xc55a</load_address>
         <run_address>0xc55a</run_address>
         <size>0x4e</size>
         <input_file_ref idref="fl-3d"/>
      </object_component>
      <object_component id="oc-2a4">
         <name>.text:_Z11__TI_atexitPFYvPvES_S_</name>
         <load_address>0xc5a8</load_address>
         <run_address>0xc5a8</run_address>
         <size>0x4c</size>
         <input_file_ref idref="fl-3d"/>
      </object_component>
      <object_component id="oc-ab">
         <name>.text:__sti___10_XbeeS1_cpp_4018486e</name>
         <load_address>0xc5f4</load_address>
         <run_address>0xc5f4</run_address>
         <size>0x4a</size>
         <input_file_ref idref="fl-6"/>
      </object_component>
      <object_component id="oc-24e">
         <name>.text:_ZN6XbeeS112xbeeSendByteEcb</name>
         <load_address>0xc63e</load_address>
         <run_address>0xc63e</run_address>
         <size>0x48</size>
         <input_file_ref idref="fl-6"/>
      </object_component>
      <object_component id="oc-68">
         <name>.text:_ZN8softUart11Timer_A1_TXEv</name>
         <load_address>0xc686</load_address>
         <run_address>0xc686</run_address>
         <size>0x46</size>
         <input_file_ref idref="fl-3"/>
      </object_component>
      <object_component id="oc-102">
         <name>.text:_ZN6XbeeS1C1Ev</name>
         <load_address>0xc6cc</load_address>
         <run_address>0xc6cc</run_address>
         <size>0x44</size>
         <input_file_ref idref="fl-6"/>
      </object_component>
      <object_component id="oc-63">
         <name>.text:_Z9wdt_timerv</name>
         <load_address>0xc710</load_address>
         <run_address>0xc710</run_address>
         <size>0x40</size>
         <input_file_ref idref="fl-2"/>
      </object_component>
      <object_component id="oc-34b">
         <name>.text:minit</name>
         <load_address>0xc750</load_address>
         <run_address>0xc750</run_address>
         <size>0x38</size>
         <input_file_ref idref="fl-4a"/>
      </object_component>
      <object_component id="oc-2f0">
         <name>.text:_ZN8softUart4xmitEh</name>
         <load_address>0xc788</load_address>
         <run_address>0xc788</run_address>
         <size>0x30</size>
         <input_file_ref idref="fl-3"/>
      </object_component>
      <object_component id="oc-10c">
         <name>.text:_ZN10PacketInfoC1Ev</name>
         <load_address>0xc7b8</load_address>
         <run_address>0xc7b8</run_address>
         <size>0x2c</size>
         <input_file_ref idref="fl-8"/>
      </object_component>
      <object_component id="oc-26c">
         <name>.text:_ZN10ringbufferIcLi16EE9pop_frontEv</name>
         <load_address>0xc7e4</load_address>
         <run_address>0xc7e4</run_address>
         <size>0x2c</size>
         <input_file_ref idref="fl-3"/>
      </object_component>
      <object_component id="oc-18d">
         <name>.text:_ZN8softUartC1Ev</name>
         <load_address>0xc810</load_address>
         <run_address>0xc810</run_address>
         <size>0x2c</size>
         <input_file_ref idref="fl-3"/>
      </object_component>
      <object_component id="oc-23e">
         <name>.text</name>
         <load_address>0xc83c</load_address>
         <run_address>0xc83c</run_address>
         <size>0x2c</size>
         <input_file_ref idref="fl-3b"/>
      </object_component>
      <object_component id="oc-81">
         <name>.text:exit</name>
         <load_address>0xc868</load_address>
         <run_address>0xc868</run_address>
         <size>0x2a</size>
         <input_file_ref idref="fl-3f"/>
      </object_component>
      <object_component id="oc-119">
         <name>.text:_Z14secondsElapsedi</name>
         <load_address>0xc892</load_address>
         <run_address>0xc892</run_address>
         <size>0x28</size>
         <input_file_ref idref="fl-2"/>
      </object_component>
      <object_component id="oc-12f">
         <name>.text:_Z15quaterMsElapsedi</name>
         <load_address>0xc8ba</load_address>
         <run_address>0xc8ba</run_address>
         <size>0x26</size>
         <input_file_ref idref="fl-2"/>
      </object_component>
      <object_component id="oc-f7">
         <name>.text:_Z13initClockTimev</name>
         <load_address>0xc8e0</load_address>
         <run_address>0xc8e0</run_address>
         <size>0x24</size>
         <input_file_ref idref="fl-2"/>
      </object_component>
      <object_component id="oc-e8">
         <name>.text:_ZN10ringbufferIcLi16EE9push_backEc</name>
         <load_address>0xc904</load_address>
         <run_address>0xc904</run_address>
         <size>0x24</size>
         <input_file_ref idref="fl-3"/>
      </object_component>
      <object_component id="oc-fc">
         <name>.text:_Z8initPinsv</name>
         <load_address>0xc928</load_address>
         <run_address>0xc928</run_address>
         <size>0x1c</size>
         <input_file_ref idref="fl-4"/>
      </object_component>
      <object_component id="oc-3a">
         <name>.text:_c_int00_noargs</name>
         <load_address>0xc944</load_address>
         <run_address>0xc944</run_address>
         <size>0x1c</size>
         <input_file_ref idref="fl-36"/>
      </object_component>
      <object_component id="oc-5e">
         <name>.text:_ZN6XbeeS19Timer0_A0Ev</name>
         <load_address>0xc960</load_address>
         <run_address>0xc960</run_address>
         <size>0x1a</size>
         <input_file_ref idref="fl-6"/>
      </object_component>
      <object_component id="oc-a6">
         <name>.text:__sti___12_softUart_cpp_9d11b5a7</name>
         <load_address>0xc97a</load_address>
         <run_address>0xc97a</run_address>
         <size>0x1a</size>
         <input_file_ref idref="fl-3"/>
      </object_component>
      <object_component id="oc-246">
         <name>.text:_ZN6XbeeS16strlenEPKc</name>
         <load_address>0xc994</load_address>
         <run_address>0xc994</run_address>
         <size>0x18</size>
         <input_file_ref idref="fl-6"/>
      </object_component>
      <object_component id="oc-2ea">
         <name>.text</name>
         <load_address>0xc9ac</load_address>
         <run_address>0xc9ac</run_address>
         <size>0x16</size>
         <input_file_ref idref="fl-3c"/>
      </object_component>
      <object_component id="oc-16f">
         <name>.text:_ZN10ringbufferIcLi16EEC1Ev</name>
         <load_address>0xc9c2</load_address>
         <run_address>0xc9c2</run_address>
         <size>0x14</size>
         <input_file_ref idref="fl-3"/>
      </object_component>
      <object_component id="oc-44">
         <name>.text:decompress:ZI:__TI_zero_init</name>
         <load_address>0xc9d6</load_address>
         <run_address>0xc9d6</run_address>
         <size>0x14</size>
         <input_file_ref idref="fl-39"/>
      </object_component>
      <object_component id="oc-235">
         <name>.text</name>
         <load_address>0xc9ea</load_address>
         <run_address>0xc9ea</run_address>
         <size>0x14</size>
         <input_file_ref idref="fl-4c"/>
      </object_component>
      <object_component id="oc-3f">
         <name>.text:decompress:none:__TI_decompress_none</name>
         <load_address>0xc9fe</load_address>
         <run_address>0xc9fe</run_address>
         <size>0x12</size>
         <input_file_ref idref="fl-37"/>
      </object_component>
      <object_component id="oc-87">
         <name>.text:memcpy</name>
         <load_address>0xca10</load_address>
         <run_address>0xca10</run_address>
         <size>0x12</size>
         <input_file_ref idref="fl-49"/>
      </object_component>
      <object_component id="oc-28c">
         <name>.text:_ZN10ringbufferIcLi16EE12clear_bufferEv</name>
         <load_address>0xca22</load_address>
         <run_address>0xca22</run_address>
         <size>0x10</size>
         <input_file_ref idref="fl-3"/>
      </object_component>
      <object_component id="oc-264">
         <name>.text:_ZN10ringbufferIcLi16EE5emptyEv</name>
         <load_address>0xca32</load_address>
         <run_address>0xca32</run_address>
         <size>0x10</size>
         <input_file_ref idref="fl-3"/>
      </object_component>
      <object_component id="oc-f1">
         <name>.text</name>
         <load_address>0xca42</load_address>
         <run_address>0xca42</run_address>
         <size>0x10</size>
         <input_file_ref idref="fl-3e"/>
      </object_component>
      <object_component id="oc-120">
         <name>.text:_Z5getMsv</name>
         <load_address>0xca52</load_address>
         <run_address>0xca52</run_address>
         <size>0xe</size>
         <input_file_ref idref="fl-2"/>
      </object_component>
      <object_component id="oc-22d">
         <name>.text:_Z8initTestv</name>
         <load_address>0xca60</load_address>
         <run_address>0xca60</run_address>
         <size>0xe</size>
         <input_file_ref idref="fl-2"/>
      </object_component>
      <object_component id="oc-1b7">
         <name>.text:_ZN8softUart4recvEv</name>
         <load_address>0xca6e</load_address>
         <run_address>0xca6e</run_address>
         <size>0xc</size>
         <input_file_ref idref="fl-3"/>
      </object_component>
      <object_component id="oc-55">
         <name>.text:_Z6Port_1v</name>
         <load_address>0xca7a</load_address>
         <run_address>0xca7a</run_address>
         <size>0xa</size>
         <input_file_ref idref="fl-5"/>
      </object_component>
      <object_component id="oc-125">
         <name>.text:_Z6getSecv</name>
         <load_address>0xca84</load_address>
         <run_address>0xca84</run_address>
         <size>0xa</size>
         <input_file_ref idref="fl-2"/>
      </object_component>
      <object_component id="oc-114">
         <name>.text:_Z9startTestv</name>
         <load_address>0xca8e</load_address>
         <run_address>0xca8e</run_address>
         <size>0xa</size>
         <input_file_ref idref="fl-5"/>
      </object_component>
      <object_component id="oc-2df">
         <name>.text:_ZN10PacketInfoD0Ev</name>
         <load_address>0xca98</load_address>
         <run_address>0xca98</run_address>
         <size>0xa</size>
         <input_file_ref idref="fl-8"/>
      </object_component>
      <object_component id="oc-21e">
         <name>.text:_ZN10Xbee16addrD0Ev</name>
         <load_address>0xcaa2</load_address>
         <run_address>0xcaa2</run_address>
         <size>0xa</size>
         <input_file_ref idref="fl-5"/>
      </object_component>
      <object_component id="oc-32e">
         <name>.text:_ZN10__cxxabiv117__class_type_infoD0Ev</name>
         <load_address>0xcaac</load_address>
         <run_address>0xcaac</run_address>
         <size>0xa</size>
         <input_file_ref idref="fl-4e"/>
      </object_component>
      <object_component id="oc-39e">
         <name>.text:_ZN10__cxxabiv120__si_class_type_infoD0Ev</name>
         <load_address>0xcab6</load_address>
         <run_address>0xcab6</run_address>
         <size>0xa</size>
         <input_file_ref idref="fl-4e"/>
      </object_component>
      <object_component id="oc-2fe">
         <name>.text:_ZN10ringbufferIcLi16EED0Ev</name>
         <load_address>0xcac0</load_address>
         <run_address>0xcac0</run_address>
         <size>0xa</size>
         <input_file_ref idref="fl-3"/>
      </object_component>
      <object_component id="oc-134">
         <name>.text:_ZN6XbeeS17isEmptyEv</name>
         <load_address>0xcaca</load_address>
         <run_address>0xcaca</run_address>
         <size>0xa</size>
         <input_file_ref idref="fl-6"/>
      </object_component>
      <object_component id="oc-139">
         <name>.text:_ZN6XbeeS19getPacketEv</name>
         <load_address>0xcad4</load_address>
         <run_address>0xcad4</run_address>
         <size>0xa</size>
         <input_file_ref idref="fl-6"/>
      </object_component>
      <object_component id="oc-2c7">
         <name>.text:_ZN6XbeeS1D0Ev</name>
         <load_address>0xcade</load_address>
         <run_address>0xcade</run_address>
         <size>0xa</size>
         <input_file_ref idref="fl-6"/>
      </object_component>
      <object_component id="oc-1e1">
         <name>.text:_ZN8softUart5emptyEv</name>
         <load_address>0xcae8</load_address>
         <run_address>0xcae8</run_address>
         <size>0xa</size>
         <input_file_ref idref="fl-3"/>
      </object_component>
      <object_component id="oc-318">
         <name>.text:_ZN8softUartD0Ev</name>
         <load_address>0xcaf2</load_address>
         <run_address>0xcaf2</run_address>
         <size>0xa</size>
         <input_file_ref idref="fl-3"/>
      </object_component>
      <object_component id="oc-2d5">
         <name>.text:_ZdlPv</name>
         <load_address>0xcafc</load_address>
         <run_address>0xcafc</run_address>
         <size>0xa</size>
         <input_file_ref idref="fl-3a"/>
      </object_component>
      <object_component id="oc-5a">
         <name>.text:__TI_ISR_TRAP</name>
         <load_address>0xcb06</load_address>
         <run_address>0xcb06</run_address>
         <size>0x6</size>
         <input_file_ref idref="fl-47"/>
      </object_component>
      <object_component id="oc-30a">
         <name>.text:__cxa_ia64_exit</name>
         <load_address>0xcb0c</load_address>
         <run_address>0xcb0c</run_address>
         <size>0x6</size>
         <input_file_ref idref="fl-3d"/>
      </object_component>
      <object_component id="oc-49">
         <name>.text:decompress:rle24:__TI_decompress_rle24</name>
         <load_address>0xcb12</load_address>
         <run_address>0xcb12</run_address>
         <size>0x6</size>
         <input_file_ref idref="fl-38"/>
      </object_component>
      <object_component id="oc-17f">
         <name>.text:__cxa_atexit</name>
         <load_address>0xcb18</load_address>
         <run_address>0xcb18</run_address>
         <size>0x4</size>
         <input_file_ref idref="fl-3d"/>
      </object_component>
      <object_component id="oc-72">
         <name>.text:_system_pre_init</name>
         <load_address>0xcb1c</load_address>
         <run_address>0xcb1c</run_address>
         <size>0x4</size>
         <input_file_ref idref="fl-4d"/>
      </object_component>
      <object_component id="oc-155">
         <name>.text:abort</name>
         <load_address>0xcb20</load_address>
         <run_address>0xcb20</run_address>
         <size>0x4</size>
         <input_file_ref idref="fl-3f"/>
      </object_component>
      <object_component id="oc-187">
         <name>.text:_ZN10PacketInfoD1Ev</name>
         <load_address>0xcb24</load_address>
         <run_address>0xcb24</run_address>
         <size>0x2</size>
         <input_file_ref idref="fl-8"/>
      </object_component>
      <object_component id="oc-217">
         <name>.text:_ZN10Xbee16addrD1Ev</name>
         <load_address>0xcb26</load_address>
         <run_address>0xcb26</run_address>
         <size>0x2</size>
         <input_file_ref idref="fl-5"/>
      </object_component>
      <object_component id="oc-329">
         <name>.text:_ZN10__cxxabiv117__class_type_infoD1Ev</name>
         <load_address>0xcb28</load_address>
         <run_address>0xcb28</run_address>
         <size>0x2</size>
         <input_file_ref idref="fl-4e"/>
      </object_component>
      <object_component id="oc-399">
         <name>.text:_ZN10__cxxabiv120__si_class_type_infoD1Ev</name>
         <load_address>0xcb2a</load_address>
         <run_address>0xcb2a</run_address>
         <size>0x2</size>
         <input_file_ref idref="fl-4e"/>
      </object_component>
      <object_component id="oc-176">
         <name>.text:_ZN10ringbufferIcLi16EED1Ev</name>
         <load_address>0xcb2c</load_address>
         <run_address>0xcb2c</run_address>
         <size>0x2</size>
         <input_file_ref idref="fl-3"/>
      </object_component>
      <object_component id="oc-2c2">
         <name>.text:_ZN6XbeeS1D1Ev</name>
         <load_address>0xcb2e</load_address>
         <run_address>0xcb2e</run_address>
         <size>0x2</size>
         <input_file_ref idref="fl-6"/>
      </object_component>
      <object_component id="oc-192">
         <name>.text:_ZN8softUartD1Ev</name>
         <load_address>0xcb30</load_address>
         <run_address>0xcb30</run_address>
         <size>0x2</size>
         <input_file_ref idref="fl-3"/>
      </object_component>
      <object_component id="oc-278">
         <name>.text:_nop</name>
         <load_address>0xcb32</load_address>
         <run_address>0xcb32</run_address>
         <size>0x2</size>
         <input_file_ref idref="fl-4f"/>
      </object_component>
      <object_component id="oc-3e8">
         <name>.cinit..data.load</name>
         <load_address>0xcc2e</load_address>
         <run_address>0xcc2e</run_address>
         <size>0x10</size>
      </object_component>
      <object_component id="oc-3e5">
         <name>__TI_handler_table</name>
         <load_address>0xcc3e</load_address>
         <run_address>0xcc3e</run_address>
         <size>0x6</size>
      </object_component>
      <object_component id="oc-3e7">
         <name>.cinit..bss.load</name>
         <load_address>0xcc44</load_address>
         <run_address>0xcc44</run_address>
         <size>0x4</size>
      </object_component>
      <object_component id="oc-3e6">
         <name>__TI_cinit_table</name>
         <load_address>0xcc48</load_address>
         <run_address>0xcc48</run_address>
         <size>0x8</size>
      </object_component>
      <object_component id="oc-3a7">
         <name>.const:.typeinfo:_ZTSN10__cxxabiv120__si_class_type_infoE</name>
         <load_address>0xcb34</load_address>
         <run_address>0xcb34</run_address>
         <size>0x25</size>
         <input_file_ref idref="fl-4e"/>
      </object_component>
      <object_component id="oc-368">
         <name>.const:.typeinfo:_ZTSN10__cxxabiv117__class_type_infoE</name>
         <load_address>0xcb5a</load_address>
         <run_address>0xcb5a</run_address>
         <size>0x22</size>
         <input_file_ref idref="fl-4e"/>
      </object_component>
      <object_component id="oc-344">
         <name>.const:.typeinfo:_ZTS10ringbufferIcLi16EE</name>
         <load_address>0xcb7c</load_address>
         <run_address>0xcb7c</run_address>
         <size>0x15</size>
         <input_file_ref idref="fl-3"/>
      </object_component>
      <object_component id="oc-33a">
         <name>.const:.typeinfo:_ZTS10PacketInfo</name>
         <load_address>0xcb92</load_address>
         <run_address>0xcb92</run_address>
         <size>0xd</size>
         <input_file_ref idref="fl-8"/>
      </object_component>
      <object_component id="oc-2d0">
         <name>.const:.typeinfo:_ZTS10Xbee16addr</name>
         <load_address>0xcba0</load_address>
         <run_address>0xcba0</run_address>
         <size>0xd</size>
         <input_file_ref idref="fl-5"/>
      </object_component>
      <object_component id="oc-3a2">
         <name>.const:.typeinfo:_ZTSSt9type_info</name>
         <load_address>0xcbae</load_address>
         <run_address>0xcbae</run_address>
         <size>0xd</size>
         <input_file_ref idref="fl-4e"/>
      </object_component>
      <object_component id="oc-35c">
         <name>.const:.typeinfo:_ZTS8softUart</name>
         <load_address>0xcbbc</load_address>
         <run_address>0xcbbc</run_address>
         <size>0xa</size>
         <input_file_ref idref="fl-3"/>
      </object_component>
      <object_component id="oc-31c">
         <name>.const:.typeinfo:_ZTS6XbeeS1</name>
         <load_address>0xcbc6</load_address>
         <run_address>0xcbc6</run_address>
         <size>0x8</size>
         <input_file_ref idref="fl-6"/>
      </object_component>
      <object_component id="oc-225">
         <name>.const:_ZTV10PacketInfo</name>
         <load_address>0xcbce</load_address>
         <run_address>0xcbce</run_address>
         <size>0x8</size>
         <input_file_ref idref="fl-8"/>
      </object_component>
      <object_component id="oc-107">
         <name>.const:_ZTV10Xbee16addr</name>
         <load_address>0xcbd6</load_address>
         <run_address>0xcbd6</run_address>
         <size>0x8</size>
         <input_file_ref idref="fl-5"/>
      </object_component>
      <object_component id="oc-287">
         <name>.const:_ZTV10ringbufferIcLi16EE</name>
         <load_address>0xcbde</load_address>
         <run_address>0xcbde</run_address>
         <size>0x8</size>
         <input_file_ref idref="fl-3"/>
      </object_component>
      <object_component id="oc-202">
         <name>.const:_ZTV6XbeeS1</name>
         <load_address>0xcbe6</load_address>
         <run_address>0xcbe6</run_address>
         <size>0x8</size>
         <input_file_ref idref="fl-6"/>
      </object_component>
      <object_component id="oc-2ad">
         <name>.const:_ZTV8softUart</name>
         <load_address>0xcbee</load_address>
         <run_address>0xcbee</run_address>
         <size>0x8</size>
         <input_file_ref idref="fl-3"/>
      </object_component>
      <object_component id="oc-2cb">
         <name>.const:_ZTVN10__cxxabiv117__class_type_infoE</name>
         <load_address>0xcbf6</load_address>
         <run_address>0xcbf6</run_address>
         <size>0x8</size>
         <input_file_ref idref="fl-4e"/>
      </object_component>
      <object_component id="oc-363">
         <name>.const:_ZTVN10__cxxabiv120__si_class_type_infoE</name>
         <load_address>0xcbfe</load_address>
         <run_address>0xcbfe</run_address>
         <size>0x8</size>
         <input_file_ref idref="fl-4e"/>
      </object_component>
      <object_component id="oc-324">
         <name>.const:.typeinfo:_ZTIN10__cxxabiv117__class_type_infoE</name>
         <load_address>0xcc06</load_address>
         <run_address>0xcc06</run_address>
         <size>0x6</size>
         <input_file_ref idref="fl-4e"/>
      </object_component>
      <object_component id="oc-394">
         <name>.const:.typeinfo:_ZTIN10__cxxabiv120__si_class_type_infoE</name>
         <load_address>0xcc0c</load_address>
         <run_address>0xcc0c</run_address>
         <size>0x6</size>
         <input_file_ref idref="fl-4e"/>
      </object_component>
      <object_component id="oc-2da">
         <name>.const:.typeinfo:_ZTI10PacketInfo</name>
         <load_address>0xcc12</load_address>
         <run_address>0xcc12</run_address>
         <size>0x4</size>
         <input_file_ref idref="fl-8"/>
      </object_component>
      <object_component id="oc-212">
         <name>.const:.typeinfo:_ZTI10Xbee16addr</name>
         <load_address>0xcc16</load_address>
         <run_address>0xcc16</run_address>
         <size>0x4</size>
         <input_file_ref idref="fl-5"/>
      </object_component>
      <object_component id="oc-2f9">
         <name>.const:.typeinfo:_ZTI10ringbufferIcLi16EE</name>
         <load_address>0xcc1a</load_address>
         <run_address>0xcc1a</run_address>
         <size>0x4</size>
         <input_file_ref idref="fl-3"/>
      </object_component>
      <object_component id="oc-2bd">
         <name>.const:.typeinfo:_ZTI6XbeeS1</name>
         <load_address>0xcc1e</load_address>
         <run_address>0xcc1e</run_address>
         <size>0x4</size>
         <input_file_ref idref="fl-6"/>
      </object_component>
      <object_component id="oc-313">
         <name>.const:.typeinfo:_ZTI8softUart</name>
         <load_address>0xcc22</load_address>
         <run_address>0xcc22</run_address>
         <size>0x4</size>
         <input_file_ref idref="fl-3"/>
      </object_component>
      <object_component id="oc-36d">
         <name>.const:.typeinfo:_ZTISt9type_info</name>
         <load_address>0xcc26</load_address>
         <run_address>0xcc26</run_address>
         <size>0x4</size>
         <input_file_ref idref="fl-4e"/>
      </object_component>
      <object_component id="oc-4f">
         <name>.init_array</name>
         <load_address>0xcc2a</load_address>
         <run_address>0xcc2a</run_address>
         <size>0x2</size>
         <input_file_ref idref="fl-6"/>
      </object_component>
      <object_component id="oc-4e">
         <name>.init_array</name>
         <load_address>0xcc2c</load_address>
         <run_address>0xcc2c</run_address>
         <size>0x2</size>
         <input_file_ref idref="fl-3"/>
      </object_component>
      <object_component id="oc-2e">
         <name>.int02</name>
         <load_address>0xffe4</load_address>
         <run_address>0xffe4</run_address>
         <size>0x2</size>
         <input_file_ref idref="fl-5"/>
      </object_component>
      <object_component id="oc-2f">
         <name>.int03</name>
         <load_address>0xffe6</load_address>
         <run_address>0xffe6</run_address>
         <size>0x2</size>
         <input_file_ref idref="fl-40"/>
      </object_component>
      <object_component id="oc-30">
         <name>.int05</name>
         <load_address>0xffea</load_address>
         <run_address>0xffea</run_address>
         <size>0x2</size>
         <input_file_ref idref="fl-41"/>
      </object_component>
      <object_component id="oc-31">
         <name>.int06</name>
         <load_address>0xffec</load_address>
         <run_address>0xffec</run_address>
         <size>0x2</size>
         <input_file_ref idref="fl-42"/>
      </object_component>
      <object_component id="oc-32">
         <name>.int07</name>
         <load_address>0xffee</load_address>
         <run_address>0xffee</run_address>
         <size>0x2</size>
         <input_file_ref idref="fl-43"/>
      </object_component>
      <object_component id="oc-33">
         <name>.int08</name>
         <load_address>0xfff0</load_address>
         <run_address>0xfff0</run_address>
         <size>0x2</size>
         <input_file_ref idref="fl-44"/>
      </object_component>
      <object_component id="oc-34">
         <name>.int09</name>
         <load_address>0xfff2</load_address>
         <run_address>0xfff2</run_address>
         <size>0x2</size>
         <input_file_ref idref="fl-6"/>
      </object_component>
      <object_component id="oc-35">
         <name>.int10</name>
         <load_address>0xfff4</load_address>
         <run_address>0xfff4</run_address>
         <size>0x2</size>
         <input_file_ref idref="fl-2"/>
      </object_component>
      <object_component id="oc-36">
         <name>.int11</name>
         <load_address>0xfff6</load_address>
         <run_address>0xfff6</run_address>
         <size>0x2</size>
         <input_file_ref idref="fl-45"/>
      </object_component>
      <object_component id="oc-37">
         <name>.int12</name>
         <load_address>0xfff8</load_address>
         <run_address>0xfff8</run_address>
         <size>0x2</size>
         <input_file_ref idref="fl-3"/>
      </object_component>
      <object_component id="oc-38">
         <name>.int13</name>
         <load_address>0xfffa</load_address>
         <run_address>0xfffa</run_address>
         <size>0x2</size>
         <input_file_ref idref="fl-3"/>
      </object_component>
      <object_component id="oc-39">
         <name>.int14</name>
         <load_address>0xfffc</load_address>
         <run_address>0xfffc</run_address>
         <size>0x2</size>
         <input_file_ref idref="fl-46"/>
      </object_component>
      <object_component id="oc-52">
         <name>.reset</name>
         <load_address>0xfffe</load_address>
         <run_address>0xfffe</run_address>
         <size>0x2</size>
         <input_file_ref idref="fl-36"/>
      </object_component>
      <object_component id="oc-e6">
         <name>.bss</name>
         <uninitialized>true</uninitialized>
         <run_address>0x224</run_address>
         <size>0x16</size>
         <input_file_ref idref="fl-3"/>
      </object_component>
      <object_component id="oc-185">
         <name>.bss</name>
         <uninitialized>true</uninitialized>
         <run_address>0x200</run_address>
         <size>0x24</size>
         <input_file_ref idref="fl-6"/>
      </object_component>
      <object_component id="oc-2e7">
         <name>.common:msCounter</name>
         <uninitialized>true</uninitialized>
         <run_address>0x24a</run_address>
         <size>0x2</size>
      </object_component>
      <object_component id="oc-262">
         <name>.common:msCronometer</name>
         <uninitialized>true</uninitialized>
         <run_address>0x24c</run_address>
         <size>0x2</size>
      </object_component>
      <object_component id="oc-2e6">
         <name>.common:secCounter</name>
         <uninitialized>true</uninitialized>
         <run_address>0x23a</run_address>
         <size>0x4</size>
      </object_component>
      <object_component id="oc-261">
         <name>.common:startCronometer</name>
         <uninitialized>true</uninitialized>
         <run_address>0x24e</run_address>
         <size>0x2</size>
      </object_component>
      <object_component id="oc-1ff">
         <name>.common:starttxcronometer</name>
         <uninitialized>true</uninitialized>
         <run_address>0x263</run_address>
         <size>0x1</size>
      </object_component>
      <object_component id="oc-d3">
         <name>.common:txcronometer</name>
         <uninitialized>true</uninitialized>
         <run_address>0x254</run_address>
         <size>0x2</size>
      </object_component>
      <object_component id="oc-d4">
         <name>.common:txtimeout</name>
         <uninitialized>true</uninitialized>
         <run_address>0x256</run_address>
         <size>0x2</size>
      </object_component>
      <object_component id="oc-342">
         <name>.common:_ZN8softUart6txDataE</name>
         <uninitialized>true</uninitialized>
         <run_address>0x240</run_address>
         <size>0x2</size>
      </object_component>
      <object_component id="oc-22c">
         <name>.common:startT</name>
         <uninitialized>true</uninitialized>
         <run_address>0x262</run_address>
         <size>0x1</size>
      </object_component>
      <object_component id="oc-11e">
         <name>.common:btnpress</name>
         <uninitialized>true</uninitialized>
         <run_address>0x261</run_address>
         <size>0x1</size>
      </object_component>
      <object_component id="oc-112">
         <name>.common:value</name>
         <uninitialized>true</uninitialized>
         <run_address>0x264</run_address>
         <size>0x1</size>
      </object_component>
      <object_component id="oc-207">
         <name>.common:_ZN6XbeeS19dataIndexE</name>
         <uninitialized>true</uninitialized>
         <run_address>0x25f</run_address>
         <size>0x1</size>
      </object_component>
      <object_component id="oc-208">
         <name>.common:_ZN6XbeeS19isEscapedE</name>
         <uninitialized>true</uninitialized>
         <run_address>0x260</run_address>
         <size>0x1</size>
      </object_component>
      <object_component id="oc-209">
         <name>.common:_ZN6XbeeS110rxChecksumE</name>
         <uninitialized>true</uninitialized>
         <run_address>0x259</run_address>
         <size>0x1</size>
      </object_component>
      <object_component id="oc-25c">
         <name>.common:_ZN6XbeeS110txChecksumE</name>
         <uninitialized>true</uninitialized>
         <run_address>0x25a</run_address>
         <size>0x1</size>
      </object_component>
      <object_component id="oc-20b">
         <name>.common:_ZN6XbeeS17msgsizeE</name>
         <uninitialized>true</uninitialized>
         <run_address>0x23e</run_address>
         <size>0x2</size>
      </object_component>
      <object_component id="oc-20c">
         <name>.common:_ZN6XbeeS13msbE</name>
         <uninitialized>true</uninitialized>
         <run_address>0x25c</run_address>
         <size>0x1</size>
      </object_component>
      <object_component id="oc-20d">
         <name>.common:_ZN6XbeeS13lsbE</name>
         <uninitialized>true</uninitialized>
         <run_address>0x25b</run_address>
         <size>0x1</size>
      </object_component>
      <object_component id="oc-254">
         <name>.common:_ZN6XbeeS14txOkE</name>
         <uninitialized>true</uninitialized>
         <run_address>0x25d</run_address>
         <size>0x1</size>
      </object_component>
      <object_component id="oc-20f">
         <name>.common:_ZN6XbeeS110rxApiFrameE</name>
         <uninitialized>true</uninitialized>
         <run_address>0x258</run_address>
         <size>0x1</size>
      </object_component>
      <object_component id="oc-210">
         <name>.common:_ZN6XbeeS18txStatusE</name>
         <uninitialized>true</uninitialized>
         <run_address>0x25e</run_address>
         <size>0x1</size>
      </object_component>
      <object_component id="oc-154">
         <name>.common:__TI_cleanup_ptr</name>
         <uninitialized>true</uninitialized>
         <run_address>0x242</run_address>
         <size>0x2</size>
      </object_component>
      <object_component id="oc-30f">
         <name>.common:__TI_dtors_ptr</name>
         <uninitialized>true</uninitialized>
         <run_address>0x244</run_address>
         <size>0x2</size>
      </object_component>
      <object_component id="oc-198">
         <name>.common:__dso_handle</name>
         <uninitialized>true</uninitialized>
         <run_address>0x246</run_address>
         <size>0x2</size>
      </object_component>
      <object_component id="oc-38e">
         <name>.common:sys_free</name>
         <uninitialized>true</uninitialized>
         <run_address>0x252</run_address>
         <size>0x2</size>
      </object_component>
      <object_component id="oc-391">
         <name>.common:sys_base</name>
         <uninitialized>true</uninitialized>
         <run_address>0x250</run_address>
         <size>0x2</size>
      </object_component>
      <object_component id="oc-390">
         <name>.common:memsize</name>
         <uninitialized>true</uninitialized>
         <run_address>0x248</run_address>
         <size>0x2</size>
      </object_component>
      <object_component id="oc-d7">
         <name>.data</name>
         <load_address>0x2bc</load_address>
         <run_address>0x2bc</run_address>
         <size>0x3</size>
         <input_file_ref idref="fl-3"/>
      </object_component>
      <object_component id="oc-14e">
         <name>.data</name>
         <load_address>0x2b8</load_address>
         <run_address>0x2b8</run_address>
         <size>0x4</size>
         <input_file_ref idref="fl-4f"/>
      </object_component>
      <object_component id="oc-310">
         <name>.data</name>
         <load_address>0x2c0</load_address>
         <run_address>0x2c0</run_address>
         <size>0x2</size>
         <input_file_ref idref="fl-3d"/>
      </object_component>
      <object_component id="oc-349">
         <name>.data</name>
         <load_address>0x2c2</load_address>
         <run_address>0x2c2</run_address>
         <size>0x2</size>
         <input_file_ref idref="fl-4a"/>
      </object_component>
      <object_component id="oc-3b">
         <name>.debug_aranges</name>
         <load_address>0x0</load_address>
         <run_address>0x0</run_address>
         <size>0x20</size>
         <input_file_ref idref="fl-36"/>
      </object_component>
      <object_component id="oc-43">
         <name>.debug_aranges</name>
         <load_address>0x20</load_address>
         <run_address>0x20</run_address>
         <size>0x20</size>
         <input_file_ref idref="fl-37"/>
      </object_component>
      <object_component id="oc-48">
         <name>.debug_aranges</name>
         <load_address>0x40</load_address>
         <run_address>0x40</run_address>
         <size>0x20</size>
         <input_file_ref idref="fl-39"/>
      </object_component>
      <object_component id="oc-4d">
         <name>.debug_aranges</name>
         <load_address>0x60</load_address>
         <run_address>0x60</run_address>
         <size>0x20</size>
         <input_file_ref idref="fl-38"/>
      </object_component>
      <object_component id="oc-58">
         <name>.debug_aranges</name>
         <load_address>0x80</load_address>
         <run_address>0x80</run_address>
         <size>0x20</size>
         <input_file_ref idref="fl-5"/>
      </object_component>
      <object_component id="oc-5d">
         <name>.debug_aranges</name>
         <load_address>0xa0</load_address>
         <run_address>0xa0</run_address>
         <size>0x20</size>
         <input_file_ref idref="fl-47"/>
      </object_component>
      <object_component id="oc-62">
         <name>.debug_aranges</name>
         <load_address>0xc0</load_address>
         <run_address>0xc0</run_address>
         <size>0x20</size>
         <input_file_ref idref="fl-6"/>
      </object_component>
      <object_component id="oc-67">
         <name>.debug_aranges</name>
         <load_address>0xe0</load_address>
         <run_address>0xe0</run_address>
         <size>0x20</size>
         <input_file_ref idref="fl-2"/>
      </object_component>
      <object_component id="oc-6c">
         <name>.debug_aranges</name>
         <load_address>0x100</load_address>
         <run_address>0x100</run_address>
         <size>0x20</size>
         <input_file_ref idref="fl-3"/>
      </object_component>
      <object_component id="oc-71">
         <name>.debug_aranges</name>
         <load_address>0x120</load_address>
         <run_address>0x120</run_address>
         <size>0x20</size>
         <input_file_ref idref="fl-3"/>
      </object_component>
      <object_component id="oc-76">
         <name>.debug_aranges</name>
         <load_address>0x140</load_address>
         <run_address>0x140</run_address>
         <size>0x20</size>
         <input_file_ref idref="fl-4d"/>
      </object_component>
      <object_component id="oc-7a">
         <name>.debug_aranges</name>
         <load_address>0x160</load_address>
         <run_address>0x160</run_address>
         <size>0x20</size>
         <input_file_ref idref="fl-51"/>
      </object_component>
      <object_component id="oc-7f">
         <name>.debug_aranges</name>
         <load_address>0x180</load_address>
         <run_address>0x180</run_address>
         <size>0x20</size>
         <input_file_ref idref="fl-5"/>
      </object_component>
      <object_component id="oc-83">
         <name>.debug_aranges</name>
         <load_address>0x1a0</load_address>
         <run_address>0x1a0</run_address>
         <size>0x20</size>
         <input_file_ref idref="fl-3f"/>
      </object_component>
      <object_component id="oc-89">
         <name>.debug_aranges</name>
         <load_address>0x1c0</load_address>
         <run_address>0x1c0</run_address>
         <size>0x20</size>
         <input_file_ref idref="fl-49"/>
      </object_component>
      <object_component id="oc-9e">
         <name>.debug_aranges</name>
         <load_address>0x1e0</load_address>
         <run_address>0x1e0</run_address>
         <size>0x20</size>
         <input_file_ref idref="fl-38"/>
      </object_component>
      <object_component id="oc-aa">
         <name>.debug_aranges</name>
         <load_address>0x200</load_address>
         <run_address>0x200</run_address>
         <size>0x20</size>
         <input_file_ref idref="fl-3"/>
      </object_component>
      <object_component id="oc-af">
         <name>.debug_aranges</name>
         <load_address>0x220</load_address>
         <run_address>0x220</run_address>
         <size>0x20</size>
         <input_file_ref idref="fl-6"/>
      </object_component>
      <object_component id="oc-c2">
         <name>.debug_aranges</name>
         <load_address>0x240</load_address>
         <run_address>0x240</run_address>
         <size>0x20</size>
         <input_file_ref idref="fl-6"/>
      </object_component>
      <object_component id="oc-ee">
         <name>.debug_aranges</name>
         <load_address>0x260</load_address>
         <run_address>0x260</run_address>
         <size>0x20</size>
         <input_file_ref idref="fl-3"/>
      </object_component>
      <object_component id="oc-f4">
         <name>.debug_aranges</name>
         <load_address>0x280</load_address>
         <run_address>0x280</run_address>
         <size>0x20</size>
         <input_file_ref idref="fl-3e"/>
      </object_component>
      <object_component id="oc-fb">
         <name>.debug_aranges</name>
         <load_address>0x2a0</load_address>
         <run_address>0x2a0</run_address>
         <size>0x20</size>
         <input_file_ref idref="fl-2"/>
      </object_component>
      <object_component id="oc-fd">
         <name>.debug_aranges</name>
         <load_address>0x2c0</load_address>
         <run_address>0x2c0</run_address>
         <size>0x20</size>
         <input_file_ref idref="fl-4"/>
      </object_component>
      <object_component id="oc-106">
         <name>.debug_aranges</name>
         <load_address>0x2e0</load_address>
         <run_address>0x2e0</run_address>
         <size>0x20</size>
         <input_file_ref idref="fl-6"/>
      </object_component>
      <object_component id="oc-110">
         <name>.debug_aranges</name>
         <load_address>0x300</load_address>
         <run_address>0x300</run_address>
         <size>0x20</size>
         <input_file_ref idref="fl-8"/>
      </object_component>
      <object_component id="oc-117">
         <name>.debug_aranges</name>
         <load_address>0x320</load_address>
         <run_address>0x320</run_address>
         <size>0x20</size>
         <input_file_ref idref="fl-5"/>
      </object_component>
      <object_component id="oc-11d">
         <name>.debug_aranges</name>
         <load_address>0x340</load_address>
         <run_address>0x340</run_address>
         <size>0x20</size>
         <input_file_ref idref="fl-2"/>
      </object_component>
      <object_component id="oc-124">
         <name>.debug_aranges</name>
         <load_address>0x360</load_address>
         <run_address>0x360</run_address>
         <size>0x20</size>
         <input_file_ref idref="fl-2"/>
      </object_component>
      <object_component id="oc-129">
         <name>.debug_aranges</name>
         <load_address>0x380</load_address>
         <run_address>0x380</run_address>
         <size>0x20</size>
         <input_file_ref idref="fl-2"/>
      </object_component>
      <object_component id="oc-12e">
         <name>.debug_aranges</name>
         <load_address>0x3a0</load_address>
         <run_address>0x3a0</run_address>
         <size>0x20</size>
         <input_file_ref idref="fl-6"/>
      </object_component>
      <object_component id="oc-133">
         <name>.debug_aranges</name>
         <load_address>0x3c0</load_address>
         <run_address>0x3c0</run_address>
         <size>0x20</size>
         <input_file_ref idref="fl-2"/>
      </object_component>
      <object_component id="oc-138">
         <name>.debug_aranges</name>
         <load_address>0x3e0</load_address>
         <run_address>0x3e0</run_address>
         <size>0x20</size>
         <input_file_ref idref="fl-6"/>
      </object_component>
      <object_component id="oc-13d">
         <name>.debug_aranges</name>
         <load_address>0x400</load_address>
         <run_address>0x400</run_address>
         <size>0x20</size>
         <input_file_ref idref="fl-6"/>
      </object_component>
      <object_component id="oc-159">
         <name>.debug_aranges</name>
         <load_address>0x420</load_address>
         <run_address>0x420</run_address>
         <size>0x20</size>
         <input_file_ref idref="fl-3f"/>
      </object_component>
      <object_component id="oc-175">
         <name>.debug_aranges</name>
         <load_address>0x440</load_address>
         <run_address>0x440</run_address>
         <size>0x20</size>
         <input_file_ref idref="fl-3"/>
      </object_component>
      <object_component id="oc-17c">
         <name>.debug_aranges</name>
         <load_address>0x460</load_address>
         <run_address>0x460</run_address>
         <size>0x20</size>
         <input_file_ref idref="fl-3"/>
      </object_component>
      <object_component id="oc-182">
         <name>.debug_aranges</name>
         <load_address>0x480</load_address>
         <run_address>0x480</run_address>
         <size>0x20</size>
         <input_file_ref idref="fl-3d"/>
      </object_component>
      <object_component id="oc-18a">
         <name>.debug_aranges</name>
         <load_address>0x4a0</load_address>
         <run_address>0x4a0</run_address>
         <size>0x20</size>
         <input_file_ref idref="fl-8"/>
      </object_component>
      <object_component id="oc-191">
         <name>.debug_aranges</name>
         <load_address>0x4c0</load_address>
         <run_address>0x4c0</run_address>
         <size>0x20</size>
         <input_file_ref idref="fl-3"/>
      </object_component>
      <object_component id="oc-196">
         <name>.debug_aranges</name>
         <load_address>0x4e0</load_address>
         <run_address>0x4e0</run_address>
         <size>0x20</size>
         <input_file_ref idref="fl-3"/>
      </object_component>
      <object_component id="oc-1bb">
         <name>.debug_aranges</name>
         <load_address>0x500</load_address>
         <run_address>0x500</run_address>
         <size>0x20</size>
         <input_file_ref idref="fl-3"/>
      </object_component>
      <object_component id="oc-1e5">
         <name>.debug_aranges</name>
         <load_address>0x520</load_address>
         <run_address>0x520</run_address>
         <size>0x20</size>
         <input_file_ref idref="fl-3"/>
      </object_component>
      <object_component id="oc-21d">
         <name>.debug_aranges</name>
         <load_address>0x540</load_address>
         <run_address>0x540</run_address>
         <size>0x20</size>
         <input_file_ref idref="fl-5"/>
      </object_component>
      <object_component id="oc-224">
         <name>.debug_aranges</name>
         <load_address>0x560</load_address>
         <run_address>0x560</run_address>
         <size>0x20</size>
         <input_file_ref idref="fl-5"/>
      </object_component>
      <object_component id="oc-230">
         <name>.debug_aranges</name>
         <load_address>0x580</load_address>
         <run_address>0x580</run_address>
         <size>0x20</size>
         <input_file_ref idref="fl-2"/>
      </object_component>
      <object_component id="oc-238">
         <name>.debug_aranges</name>
         <load_address>0x5a0</load_address>
         <run_address>0x5a0</run_address>
         <size>0x20</size>
         <input_file_ref idref="fl-4c"/>
      </object_component>
      <object_component id="oc-241">
         <name>.debug_aranges</name>
         <load_address>0x5c0</load_address>
         <run_address>0x5c0</run_address>
         <size>0x20</size>
         <input_file_ref idref="fl-3b"/>
      </object_component>
      <object_component id="oc-24a">
         <name>.debug_aranges</name>
         <load_address>0x5e0</load_address>
         <run_address>0x5e0</run_address>
         <size>0x20</size>
         <input_file_ref idref="fl-6"/>
      </object_component>
      <object_component id="oc-252">
         <name>.debug_aranges</name>
         <load_address>0x600</load_address>
         <run_address>0x600</run_address>
         <size>0x20</size>
         <input_file_ref idref="fl-6"/>
      </object_component>
      <object_component id="oc-26a">
         <name>.debug_aranges</name>
         <load_address>0x620</load_address>
         <run_address>0x620</run_address>
         <size>0x20</size>
         <input_file_ref idref="fl-3"/>
      </object_component>
      <object_component id="oc-272">
         <name>.debug_aranges</name>
         <load_address>0x640</load_address>
         <run_address>0x640</run_address>
         <size>0x20</size>
         <input_file_ref idref="fl-3"/>
      </object_component>
      <object_component id="oc-27a">
         <name>.debug_aranges</name>
         <load_address>0x660</load_address>
         <run_address>0x660</run_address>
         <size>0x20</size>
         <input_file_ref idref="fl-4f"/>
      </object_component>
      <object_component id="oc-292">
         <name>.debug_aranges</name>
         <load_address>0x680</load_address>
         <run_address>0x680</run_address>
         <size>0x20</size>
         <input_file_ref idref="fl-3"/>
      </object_component>
      <object_component id="oc-2a7">
         <name>.debug_aranges</name>
         <load_address>0x6a0</load_address>
         <run_address>0x6a0</run_address>
         <size>0x20</size>
         <input_file_ref idref="fl-3d"/>
      </object_component>
      <object_component id="oc-2c6">
         <name>.debug_aranges</name>
         <load_address>0x6c0</load_address>
         <run_address>0x6c0</run_address>
         <size>0x20</size>
         <input_file_ref idref="fl-6"/>
      </object_component>
      <object_component id="oc-2ca">
         <name>.debug_aranges</name>
         <load_address>0x6e0</load_address>
         <run_address>0x6e0</run_address>
         <size>0x20</size>
         <input_file_ref idref="fl-6"/>
      </object_component>
      <object_component id="oc-2d8">
         <name>.debug_aranges</name>
         <load_address>0x700</load_address>
         <run_address>0x700</run_address>
         <size>0x20</size>
         <input_file_ref idref="fl-3a"/>
      </object_component>
      <object_component id="oc-2e1">
         <name>.debug_aranges</name>
         <load_address>0x720</load_address>
         <run_address>0x720</run_address>
         <size>0x20</size>
         <input_file_ref idref="fl-8"/>
      </object_component>
      <object_component id="oc-2eb">
         <name>.debug_aranges</name>
         <load_address>0x740</load_address>
         <run_address>0x740</run_address>
         <size>0x20</size>
         <input_file_ref idref="fl-3c"/>
      </object_component>
      <object_component id="oc-2f4">
         <name>.debug_aranges</name>
         <load_address>0x760</load_address>
         <run_address>0x760</run_address>
         <size>0x20</size>
         <input_file_ref idref="fl-3"/>
      </object_component>
      <object_component id="oc-304">
         <name>.debug_aranges</name>
         <load_address>0x780</load_address>
         <run_address>0x780</run_address>
         <size>0x20</size>
         <input_file_ref idref="fl-3"/>
      </object_component>
      <object_component id="oc-308">
         <name>.debug_aranges</name>
         <load_address>0x7a0</load_address>
         <run_address>0x7a0</run_address>
         <size>0x20</size>
         <input_file_ref idref="fl-4a"/>
      </object_component>
      <object_component id="oc-30e">
         <name>.debug_aranges</name>
         <load_address>0x7c0</load_address>
         <run_address>0x7c0</run_address>
         <size>0x20</size>
         <input_file_ref idref="fl-3d"/>
      </object_component>
      <object_component id="oc-31b">
         <name>.debug_aranges</name>
         <load_address>0x7e0</load_address>
         <run_address>0x7e0</run_address>
         <size>0x20</size>
         <input_file_ref idref="fl-3"/>
      </object_component>
      <object_component id="oc-32d">
         <name>.debug_aranges</name>
         <load_address>0x800</load_address>
         <run_address>0x800</run_address>
         <size>0x20</size>
         <input_file_ref idref="fl-4e"/>
      </object_component>
      <object_component id="oc-331">
         <name>.debug_aranges</name>
         <load_address>0x820</load_address>
         <run_address>0x820</run_address>
         <size>0x20</size>
         <input_file_ref idref="fl-4e"/>
      </object_component>
      <object_component id="oc-337">
         <name>.debug_aranges</name>
         <load_address>0x840</load_address>
         <run_address>0x840</run_address>
         <size>0x20</size>
         <input_file_ref idref="fl-4a"/>
      </object_component>
      <object_component id="oc-34f">
         <name>.debug_aranges</name>
         <load_address>0x860</load_address>
         <run_address>0x860</run_address>
         <size>0x20</size>
         <input_file_ref idref="fl-4a"/>
      </object_component>
      <object_component id="oc-357">
         <name>.debug_aranges</name>
         <load_address>0x880</load_address>
         <run_address>0x880</run_address>
         <size>0x20</size>
         <input_file_ref idref="fl-3d"/>
      </object_component>
      <object_component id="oc-39b">
         <name>.debug_aranges</name>
         <load_address>0x8a0</load_address>
         <run_address>0x8a0</run_address>
         <size>0x20</size>
         <input_file_ref idref="fl-4e"/>
      </object_component>
      <object_component id="oc-3a0">
         <name>.debug_aranges</name>
         <load_address>0x8c0</load_address>
         <run_address>0x8c0</run_address>
         <size>0x20</size>
         <input_file_ref idref="fl-4e"/>
      </object_component>
      <object_component id="oc-3c">
         <name>.debug_frame</name>
         <load_address>0x0</load_address>
         <run_address>0x0</run_address>
         <size>0x42</size>
         <input_file_ref idref="fl-36"/>
      </object_component>
      <object_component id="oc-42">
         <name>.debug_frame</name>
         <load_address>0x42</load_address>
         <run_address>0x42</run_address>
         <size>0x47</size>
         <input_file_ref idref="fl-37"/>
      </object_component>
      <object_component id="oc-46">
         <name>.debug_frame</name>
         <load_address>0x89</load_address>
         <run_address>0x89</run_address>
         <size>0x47</size>
         <input_file_ref idref="fl-39"/>
      </object_component>
      <object_component id="oc-4b">
         <name>.debug_frame</name>
         <load_address>0xd0</load_address>
         <run_address>0xd0</run_address>
         <size>0x47</size>
         <input_file_ref idref="fl-38"/>
      </object_component>
      <object_component id="oc-59">
         <name>.debug_frame</name>
         <load_address>0x117</load_address>
         <run_address>0x117</run_address>
         <size>0x47</size>
         <input_file_ref idref="fl-5"/>
      </object_component>
      <object_component id="oc-5f">
         <name>.debug_frame</name>
         <load_address>0x15e</load_address>
         <run_address>0x15e</run_address>
         <size>0x74</size>
         <input_file_ref idref="fl-6"/>
      </object_component>
      <object_component id="oc-66">
         <name>.debug_frame</name>
         <load_address>0x1d2</load_address>
         <run_address>0x1d2</run_address>
         <size>0x47</size>
         <input_file_ref idref="fl-2"/>
      </object_component>
      <object_component id="oc-6b">
         <name>.debug_frame</name>
         <load_address>0x219</load_address>
         <run_address>0x219</run_address>
         <size>0x50</size>
         <input_file_ref idref="fl-3"/>
      </object_component>
      <object_component id="oc-70">
         <name>.debug_frame</name>
         <load_address>0x269</load_address>
         <run_address>0x269</run_address>
         <size>0x74</size>
         <input_file_ref idref="fl-3"/>
      </object_component>
      <object_component id="oc-74">
         <name>.debug_frame</name>
         <load_address>0x2dd</load_address>
         <run_address>0x2dd</run_address>
         <size>0x47</size>
         <input_file_ref idref="fl-4d"/>
      </object_component>
      <object_component id="oc-78">
         <name>.debug_frame</name>
         <load_address>0x324</load_address>
         <run_address>0x324</run_address>
         <size>0x51</size>
         <input_file_ref idref="fl-51"/>
      </object_component>
      <object_component id="oc-80">
         <name>.debug_frame</name>
         <load_address>0x375</load_address>
         <run_address>0x375</run_address>
         <size>0x5f</size>
         <input_file_ref idref="fl-5"/>
      </object_component>
      <object_component id="oc-85">
         <name>.debug_frame</name>
         <load_address>0x3d4</load_address>
         <run_address>0x3d4</run_address>
         <size>0x50</size>
         <input_file_ref idref="fl-3f"/>
      </object_component>
      <object_component id="oc-88">
         <name>.debug_frame</name>
         <load_address>0x424</load_address>
         <run_address>0x424</run_address>
         <size>0x47</size>
         <input_file_ref idref="fl-49"/>
      </object_component>
      <object_component id="oc-9d">
         <name>.debug_frame</name>
         <load_address>0x46b</load_address>
         <run_address>0x46b</run_address>
         <size>0x51</size>
         <input_file_ref idref="fl-38"/>
      </object_component>
      <object_component id="oc-a9">
         <name>.debug_frame</name>
         <load_address>0x4bc</load_address>
         <run_address>0x4bc</run_address>
         <size>0x47</size>
         <input_file_ref idref="fl-3"/>
      </object_component>
      <object_component id="oc-ac">
         <name>.debug_frame</name>
         <load_address>0x503</load_address>
         <run_address>0x503</run_address>
         <size>0x47</size>
         <input_file_ref idref="fl-6"/>
      </object_component>
      <object_component id="oc-c1">
         <name>.debug_frame</name>
         <load_address>0x54a</load_address>
         <run_address>0x54a</run_address>
         <size>0x51</size>
         <input_file_ref idref="fl-6"/>
      </object_component>
      <object_component id="oc-ec">
         <name>.debug_frame</name>
         <load_address>0x59b</load_address>
         <run_address>0x59b</run_address>
         <size>0x47</size>
         <input_file_ref idref="fl-3"/>
      </object_component>
      <object_component id="oc-fa">
         <name>.debug_frame</name>
         <load_address>0x5e2</load_address>
         <run_address>0x5e2</run_address>
         <size>0x47</size>
         <input_file_ref idref="fl-2"/>
      </object_component>
      <object_component id="oc-100">
         <name>.debug_frame</name>
         <load_address>0x629</load_address>
         <run_address>0x629</run_address>
         <size>0x47</size>
         <input_file_ref idref="fl-4"/>
      </object_component>
      <object_component id="oc-105">
         <name>.debug_frame</name>
         <load_address>0x670</load_address>
         <run_address>0x670</run_address>
         <size>0x47</size>
         <input_file_ref idref="fl-6"/>
      </object_component>
      <object_component id="oc-10e">
         <name>.debug_frame</name>
         <load_address>0x6b7</load_address>
         <run_address>0x6b7</run_address>
         <size>0x47</size>
         <input_file_ref idref="fl-8"/>
      </object_component>
      <object_component id="oc-118">
         <name>.debug_frame</name>
         <load_address>0x6fe</load_address>
         <run_address>0x6fe</run_address>
         <size>0x47</size>
         <input_file_ref idref="fl-5"/>
      </object_component>
      <object_component id="oc-11c">
         <name>.debug_frame</name>
         <load_address>0x745</load_address>
         <run_address>0x745</run_address>
         <size>0x47</size>
         <input_file_ref idref="fl-2"/>
      </object_component>
      <object_component id="oc-123">
         <name>.debug_frame</name>
         <load_address>0x78c</load_address>
         <run_address>0x78c</run_address>
         <size>0x47</size>
         <input_file_ref idref="fl-2"/>
      </object_component>
      <object_component id="oc-128">
         <name>.debug_frame</name>
         <load_address>0x7d3</load_address>
         <run_address>0x7d3</run_address>
         <size>0x47</size>
         <input_file_ref idref="fl-2"/>
      </object_component>
      <object_component id="oc-12b">
         <name>.debug_frame</name>
         <load_address>0x81a</load_address>
         <run_address>0x81a</run_address>
         <size>0x5c</size>
         <input_file_ref idref="fl-6"/>
      </object_component>
      <object_component id="oc-132">
         <name>.debug_frame</name>
         <load_address>0x876</load_address>
         <run_address>0x876</run_address>
         <size>0x47</size>
         <input_file_ref idref="fl-2"/>
      </object_component>
      <object_component id="oc-137">
         <name>.debug_frame</name>
         <load_address>0x8bd</load_address>
         <run_address>0x8bd</run_address>
         <size>0x47</size>
         <input_file_ref idref="fl-6"/>
      </object_component>
      <object_component id="oc-13c">
         <name>.debug_frame</name>
         <load_address>0x904</load_address>
         <run_address>0x904</run_address>
         <size>0x47</size>
         <input_file_ref idref="fl-6"/>
      </object_component>
      <object_component id="oc-157">
         <name>.debug_frame</name>
         <load_address>0x94b</load_address>
         <run_address>0x94b</run_address>
         <size>0x47</size>
         <input_file_ref idref="fl-3f"/>
      </object_component>
      <object_component id="oc-173">
         <name>.debug_frame</name>
         <load_address>0x992</load_address>
         <run_address>0x992</run_address>
         <size>0x50</size>
         <input_file_ref idref="fl-3"/>
      </object_component>
      <object_component id="oc-17a">
         <name>.debug_frame</name>
         <load_address>0x9e2</load_address>
         <run_address>0x9e2</run_address>
         <size>0x47</size>
         <input_file_ref idref="fl-3"/>
      </object_component>
      <object_component id="oc-183">
         <name>.debug_frame</name>
         <load_address>0xa29</load_address>
         <run_address>0xa29</run_address>
         <size>0x47</size>
         <input_file_ref idref="fl-3d"/>
      </object_component>
      <object_component id="oc-18b">
         <name>.debug_frame</name>
         <load_address>0xa70</load_address>
         <run_address>0xa70</run_address>
         <size>0x47</size>
         <input_file_ref idref="fl-8"/>
      </object_component>
      <object_component id="oc-18f">
         <name>.debug_frame</name>
         <load_address>0xab7</load_address>
         <run_address>0xab7</run_address>
         <size>0x47</size>
         <input_file_ref idref="fl-3"/>
      </object_component>
      <object_component id="oc-194">
         <name>.debug_frame</name>
         <load_address>0xafe</load_address>
         <run_address>0xafe</run_address>
         <size>0x47</size>
         <input_file_ref idref="fl-3"/>
      </object_component>
      <object_component id="oc-1ba">
         <name>.debug_frame</name>
         <load_address>0xb45</load_address>
         <run_address>0xb45</run_address>
         <size>0x47</size>
         <input_file_ref idref="fl-3"/>
      </object_component>
      <object_component id="oc-1e4">
         <name>.debug_frame</name>
         <load_address>0xb8c</load_address>
         <run_address>0xb8c</run_address>
         <size>0x47</size>
         <input_file_ref idref="fl-3"/>
      </object_component>
      <object_component id="oc-21b">
         <name>.debug_frame</name>
         <load_address>0xbd3</load_address>
         <run_address>0xbd3</run_address>
         <size>0x47</size>
         <input_file_ref idref="fl-5"/>
      </object_component>
      <object_component id="oc-222">
         <name>.debug_frame</name>
         <load_address>0xc1a</load_address>
         <run_address>0xc1a</run_address>
         <size>0x47</size>
         <input_file_ref idref="fl-5"/>
      </object_component>
      <object_component id="oc-231">
         <name>.debug_frame</name>
         <load_address>0xc61</load_address>
         <run_address>0xc61</run_address>
         <size>0x47</size>
         <input_file_ref idref="fl-2"/>
      </object_component>
      <object_component id="oc-247">
         <name>.debug_frame</name>
         <load_address>0xca8</load_address>
         <run_address>0xca8</run_address>
         <size>0x47</size>
         <input_file_ref idref="fl-6"/>
      </object_component>
      <object_component id="oc-251">
         <name>.debug_frame</name>
         <load_address>0xcef</load_address>
         <run_address>0xcef</run_address>
         <size>0x50</size>
         <input_file_ref idref="fl-6"/>
      </object_component>
      <object_component id="oc-268">
         <name>.debug_frame</name>
         <load_address>0xd3f</load_address>
         <run_address>0xd3f</run_address>
         <size>0x47</size>
         <input_file_ref idref="fl-3"/>
      </object_component>
      <object_component id="oc-270">
         <name>.debug_frame</name>
         <load_address>0xd86</load_address>
         <run_address>0xd86</run_address>
         <size>0x47</size>
         <input_file_ref idref="fl-3"/>
      </object_component>
      <object_component id="oc-27c">
         <name>.debug_frame</name>
         <load_address>0xdcd</load_address>
         <run_address>0xdcd</run_address>
         <size>0x47</size>
         <input_file_ref idref="fl-4f"/>
      </object_component>
      <object_component id="oc-290">
         <name>.debug_frame</name>
         <load_address>0xe14</load_address>
         <run_address>0xe14</run_address>
         <size>0x47</size>
         <input_file_ref idref="fl-3"/>
      </object_component>
      <object_component id="oc-2a8">
         <name>.debug_frame</name>
         <load_address>0xe5b</load_address>
         <run_address>0xe5b</run_address>
         <size>0x56</size>
         <input_file_ref idref="fl-3d"/>
      </object_component>
      <object_component id="oc-2c5">
         <name>.debug_frame</name>
         <load_address>0xeb1</load_address>
         <run_address>0xeb1</run_address>
         <size>0x47</size>
         <input_file_ref idref="fl-6"/>
      </object_component>
      <object_component id="oc-2c9">
         <name>.debug_frame</name>
         <load_address>0xef8</load_address>
         <run_address>0xef8</run_address>
         <size>0x47</size>
         <input_file_ref idref="fl-6"/>
      </object_component>
      <object_component id="oc-2d9">
         <name>.debug_frame</name>
         <load_address>0xf3f</load_address>
         <run_address>0xf3f</run_address>
         <size>0x47</size>
         <input_file_ref idref="fl-3a"/>
      </object_component>
      <object_component id="oc-2e2">
         <name>.debug_frame</name>
         <load_address>0xf86</load_address>
         <run_address>0xf86</run_address>
         <size>0x47</size>
         <input_file_ref idref="fl-8"/>
      </object_component>
      <object_component id="oc-2f3">
         <name>.debug_frame</name>
         <load_address>0xfcd</load_address>
         <run_address>0xfcd</run_address>
         <size>0x47</size>
         <input_file_ref idref="fl-3"/>
      </object_component>
      <object_component id="oc-302">
         <name>.debug_frame</name>
         <load_address>0x1014</load_address>
         <run_address>0x1014</run_address>
         <size>0x47</size>
         <input_file_ref idref="fl-3"/>
      </object_component>
      <object_component id="oc-309">
         <name>.debug_frame</name>
         <load_address>0x105b</load_address>
         <run_address>0x105b</run_address>
         <size>0x52</size>
         <input_file_ref idref="fl-4a"/>
      </object_component>
      <object_component id="oc-30d">
         <name>.debug_frame</name>
         <load_address>0x10ad</load_address>
         <run_address>0x10ad</run_address>
         <size>0x47</size>
         <input_file_ref idref="fl-3d"/>
      </object_component>
      <object_component id="oc-31a">
         <name>.debug_frame</name>
         <load_address>0x10f4</load_address>
         <run_address>0x10f4</run_address>
         <size>0x47</size>
         <input_file_ref idref="fl-3"/>
      </object_component>
      <object_component id="oc-32c">
         <name>.debug_frame</name>
         <load_address>0x113b</load_address>
         <run_address>0x113b</run_address>
         <size>0x47</size>
         <input_file_ref idref="fl-4e"/>
      </object_component>
      <object_component id="oc-330">
         <name>.debug_frame</name>
         <load_address>0x1182</load_address>
         <run_address>0x1182</run_address>
         <size>0x47</size>
         <input_file_ref idref="fl-4e"/>
      </object_component>
      <object_component id="oc-336">
         <name>.debug_frame</name>
         <load_address>0x11c9</load_address>
         <run_address>0x11c9</run_address>
         <size>0x50</size>
         <input_file_ref idref="fl-4a"/>
      </object_component>
      <object_component id="oc-34e">
         <name>.debug_frame</name>
         <load_address>0x1219</load_address>
         <run_address>0x1219</run_address>
         <size>0x47</size>
[...]
      </symbol>
      <symbol id="sm-19b">
         <name>_ZN10ringbufferIcLi16EE12clear_bufferEv</name>
         <value>0xca22</value>
         <object_component_ref idref="oc-28c"/>
      </symbol>
      <symbol id="sm-19c">
         <name>_ZN8softUart4recvEv</name>
         <value>0xca6e</value>
         <object_component_ref idref="oc-1b7"/>
      </symbol>
      <symbol id="sm-19d">
         <name>_ZTS10ringbufferIcLi16EE</name>
         <value>0xcb7c</value>
         <object_component_ref idref="oc-344"/>
      </symbol>
      <symbol id="sm-19e">
         <name>_ZN8softUartD0Ev</name>
         <value>0xcaf2</value>
         <object_component_ref idref="oc-318"/>
      </symbol>
      <symbol id="sm-19f">
         <name>_ZN8softUart11Timer_A0_RXEv</name>
         <value>0xc43c</value>
         <object_component_ref idref="oc-6d"/>
      </symbol>
      <symbol id="sm-1a0">
         <name>_ZN10ringbufferIcLi16EED0Ev</name>
         <value>0xcac0</value>
         <object_component_ref idref="oc-2fe"/>
      </symbol>
      <symbol id="sm-1a1">
         <name>_ZN8softUart11Timer_A1_TXEv</name>
         <value>0xc686</value>
         <object_component_ref idref="oc-68"/>
      </symbol>
      <symbol id="sm-1a2">
         <name>_ZN10ringbufferIcLi16EE9push_backEc</name>
         <value>0xc904</value>
         <object_component_ref idref="oc-e8"/>
      </symbol>
      <symbol id="sm-1a3">
         <name>_ZN10ringbufferIcLi16EEC1Ev</name>
         <value>0xc9c2</value>
         <object_component_ref idref="oc-16f"/>
      </symbol>
      <symbol id="sm-1a4">
         <name>_ZN8softUartD1Ev</name>
         <value>0xcb30</value>
         <object_component_ref idref="oc-192"/>
      </symbol>
      <symbol id="sm-1a5">
         <name>_ZN8softUart5emptyEv</name>
         <value>0xcae8</value>
         <object_component_ref idref="oc-1e1"/>
      </symbol>
      <symbol id="sm-1a6">
         <name>_ZN10ringbufferIcLi16EED1Ev</name>
         <value>0xcb2c</value>
         <object_component_ref idref="oc-176"/>
      </symbol>
      <symbol id="sm-1a7">
         <name>_ZN8softUart4xmitEh</name>
         <value>0xc788</value>
         <object_component_ref idref="oc-2f0"/>
      </symbol>
      <symbol id="sm-1a8">
         <name>_ZN10ringbufferIcLi16EE5emptyEv</name>
         <value>0xca32</value>
         <object_component_ref idref="oc-264"/>
      </symbol>
      <symbol id="sm-1b5">
         <name>_Z8initPinsv</name>
         <value>0xc928</value>
         <object_component_ref idref="oc-fc"/>
      </symbol>
      <symbol id="sm-218">
         <name>startT</name>
         <value>0x262</value>
      </symbol>
      <symbol id="sm-219">
         <name>btnpress</name>
         <value>0x261</value>
      </symbol>
      <symbol id="sm-21a">
         <name>value</name>
         <value>0x264</value>
      </symbol>
      <symbol id="sm-21b">
         <name>__TI_int02</name>
         <value>0xffe4</value>
         <object_component_ref idref="oc-2e"/>
      </symbol>
      <symbol id="sm-21c">
         <name>_Z9startTestv</name>
         <value>0xca8e</value>
         <object_component_ref idref="oc-114"/>
      </symbol>
      <symbol id="sm-21d">
         <name>_ZTV10Xbee16addr</name>
         <value>0xcbd6</value>
         <object_component_ref idref="oc-107"/>
      </symbol>
      <symbol id="sm-21e">
         <name>_Z6Port_1v</name>
         <value>0xca7a</value>
         <object_component_ref idref="oc-55"/>
      </symbol>
      <symbol id="sm-21f">
         <name>_ZN10Xbee16addrD0Ev</name>
         <value>0xcaa2</value>
         <object_component_ref idref="oc-21e"/>
      </symbol>
      <symbol id="sm-220">
         <name>_ZTI10Xbee16addr</name>
         <value>0xcc16</value>
         <object_component_ref idref="oc-212"/>
      </symbol>
      <symbol id="sm-221">
         <name>_ZTS10Xbee16addr</name>
         <value>0xcba0</value>
         <object_component_ref idref="oc-2d0"/>
      </symbol>
      <symbol id="sm-222">
         <name>main</name>
         <value>0xc000</value>
         <object_component_ref idref="oc-7c"/>
      </symbol>
      <symbol id="sm-223">
         <name>_ZN10Xbee16addrD1Ev</name>
         <value>0xcb26</value>
         <object_component_ref idref="oc-217"/>
      </symbol>
      <symbol id="sm-29c">
         <name>_ZN6XbeeS19dataIndexE</name>
         <value>0x25f</value>
      </symbol>
      <symbol id="sm-29d">
         <name>_ZN6XbeeS19isEscapedE</name>
         <value>0x260</value>
      </symbol>
      <symbol id="sm-29e">
         <name>_ZN6XbeeS110rxChecksumE</name>
         <value>0x259</value>
      </symbol>
      <symbol id="sm-29f">
         <name>_ZN6XbeeS110txChecksumE</name>
         <value>0x25a</value>
      </symbol>
      <symbol id="sm-2a0">
         <name>_ZN6XbeeS17msgsizeE</name>
         <value>0x23e</value>
      </symbol>
      <symbol id="sm-2a1">
         <name>_ZN6XbeeS13msbE</name>
         <value>0x25c</value>
      </symbol>
      <symbol id="sm-2a2">
         <name>_ZN6XbeeS13lsbE</name>
         <value>0x25b</value>
      </symbol>
      <symbol id="sm-2a3">
         <name>_ZN6XbeeS14txOkE</name>
         <value>0x25d</value>
      </symbol>
      <symbol id="sm-2a4">
         <name>_ZN6XbeeS110rxApiFrameE</name>
         <value>0x258</value>
      </symbol>
      <symbol id="sm-2a5">
         <name>_ZN6XbeeS18txStatusE</name>
         <value>0x25e</value>
      </symbol>
      <symbol id="sm-2a6">
         <name>__sti___10_XbeeS1_cpp_4018486e</name>
         <value>0xc5f4</value>
         <object_component_ref idref="oc-ab"/>
      </symbol>
      <symbol id="sm-2a7">
         <name>_ZTV6XbeeS1</name>
         <value>0xcbe6</value>
         <object_component_ref idref="oc-202"/>
      </symbol>
      <symbol id="sm-2a8">
         <name>_ZTS6XbeeS1</name>
         <value>0xcbc6</value>
         <object_component_ref idref="oc-31c"/>
      </symbol>
      <symbol id="sm-2a9">
         <name>_ZN6XbeeS18txPacketE10Xbee16addrPKc</name>
         <value>0xc246</value>
         <object_component_ref idref="oc-12a"/>
      </symbol>
      <symbol id="sm-2aa">
         <name>__TI_int09</name>
         <value>0xfff2</value>
         <object_component_ref idref="oc-34"/>
      </symbol>
      <symbol id="sm-2ab">
         <name>_ZN6XbeeS1D0Ev</name>
         <value>0xcade</value>
         <object_component_ref idref="oc-2c7"/>
      </symbol>
      <symbol id="sm-2ac">
         <name>_ZN6XbeeS16packetE</name>
         <value>0x202</value>
         <object_component_ref idref="oc-185"/>
      </symbol>
      <symbol id="sm-2ad">
         <name>_ZN6XbeeS16strlenEPKc</name>
         <value>0xc994</value>
         <object_component_ref idref="oc-246"/>
      </symbol>
      <symbol id="sm-2ae">
         <name>_ZN6XbeeS17isEmptyEv</name>
         <value>0xcaca</value>
         <object_component_ref idref="oc-134"/>
      </symbol>
      <symbol id="sm-2af">
         <name>_ZN6XbeeS1D1Ev</name>
         <value>0xcb2e</value>
         <object_component_ref idref="oc-2c2"/>
      </symbol>
      <symbol id="sm-2b0">
         <name>_ZN6XbeeS112xbeeSendByteEcb</name>
         <value>0xc63e</value>
         <object_component_ref idref="oc-24e"/>
      </symbol>
      <symbol id="sm-2b1">
         <name>_ZN6XbeeS19getPacketEv</name>
         <value>0xcad4</value>
         <object_component_ref idref="oc-139"/>
      </symbol>
      <symbol id="sm-2b2">
         <name>_ZN6XbeeS1C1Ev</name>
         <value>0xc6cc</value>
         <object_component_ref idref="oc-102"/>
      </symbol>
      <symbol id="sm-2b3">
         <name>_ZN6XbeeS111getRXPacketEv</name>
         <value>0xc13a</value>
         <object_component_ref idref="oc-be"/>
      </symbol>
      <symbol id="sm-2b4">
         <name>_ZN6XbeeS12suE</name>
         <value>0x200</value>
         <object_component_ref idref="oc-185"/>
      </symbol>
      <symbol id="sm-2b5">
         <name>_ZN6XbeeS19Timer0_A0Ev</name>
         <value>0xc960</value>
         <object_component_ref idref="oc-5e"/>
      </symbol>
      <symbol id="sm-2b6">
         <name>_ZN6XbeeS112packetBufferE</name>
         <value>0x20e</value>
         <object_component_ref idref="oc-185"/>
      </symbol>
      <symbol id="sm-2b7">
         <name>_ZTI6XbeeS1</name>
         <value>0xcc1e</value>
         <object_component_ref idref="oc-2bd"/>
      </symbol>
      <symbol id="sm-2df">
         <name>_ZTI10PacketInfo</name>
         <value>0xcc12</value>
         <object_component_ref idref="oc-2da"/>
      </symbol>
      <symbol id="sm-2e0">
         <name>_ZTS10PacketInfo</name>
         <value>0xcb92</value>
         <object_component_ref idref="oc-33a"/>
      </symbol>
      <symbol id="sm-2e1">
         <name>_ZN10PacketInfoD1Ev</name>
         <value>0xcb24</value>
         <object_component_ref idref="oc-187"/>
      </symbol>
      <symbol id="sm-2e2">
         <name>_ZN10PacketInfoD0Ev</name>
         <value>0xca98</value>
         <object_component_ref idref="oc-2df"/>
      </symbol>
      <symbol id="sm-2e3">
         <name>_ZN10PacketInfoC1Ev</name>
         <value>0xc7b8</value>
         <object_component_ref idref="oc-10c"/>
      </symbol>
      <symbol id="sm-2e4">
         <name>_ZTV10PacketInfo</name>
         <value>0xcbce</value>
         <object_component_ref idref="oc-225"/>
      </symbol>
      <symbol id="sm-2f5">
         <name>__TI_cleanup_ptr</name>
         <value>0x242</value>
      </symbol>
      <symbol id="sm-2f6">
         <name>__TI_dtors_ptr</name>
         <value>0x244</value>
      </symbol>
      <symbol id="sm-2f7">
         <name>_c_int00</name>
         <value>0xc944</value>
         <object_component_ref idref="oc-3a"/>
      </symbol>
      <symbol id="sm-2f8">
         <name>_stack</name>
         <value>0x3b0</value>
         <object_component_ref idref="oc-50"/>
      </symbol>
      <symbol id="sm-2f9">
         <name>_c_int00_noargs</name>
         <value>0xc944</value>
         <object_component_ref idref="oc-3a"/>
      </symbol>
      <symbol id="sm-2fa">
         <name>_reset_vector</name>
         <value>0xfffe</value>
         <object_component_ref idref="oc-52"/>
      </symbol>
      <symbol id="sm-30f">
         <name>__TI_decompress_none</name>
         <value>0xc9fe</value>
         <object_component_ref idref="oc-3f"/>
      </symbol>
      <symbol id="sm-32f">
         <name>__TI_decompress_rle24</name>
         <value>0xcb12</value>
         <object_component_ref idref="oc-49"/>
      </symbol>
      <symbol id="sm-346">
         <name>__TI_zero_init</name>
         <value>0xc9d6</value>
         <object_component_ref idref="oc-44"/>
      </symbol>
      <symbol id="sm-352">
         <name>_ZdlPv</name>
         <value>0xcafc</value>
         <object_component_ref idref="oc-2d5"/>
      </symbol>
      <symbol id="sm-35d">
         <name>__mspabi_remi</name>
         <value>0xc83c</value>
         <object_component_ref idref="oc-23e"/>
      </symbol>
      <symbol id="sm-35e">
         <name>__mspabi_divi</name>
         <value>0xc83c</value>
         <object_component_ref idref="oc-23e"/>
      </symbol>
      <symbol id="sm-367">
         <name>__mspabi_remu</name>
         <value>0xc9ac</value>
         <object_component_ref idref="oc-2ea"/>
      </symbol>
      <symbol id="sm-368">
         <name>__mspabi_divu</name>
         <value>0xc9ac</value>
         <object_component_ref idref="oc-2ea"/>
      </symbol>
      <symbol id="sm-3a2">
         <name>__dso_handle</name>
         <value>0x246</value>
      </symbol>
      <symbol id="sm-3a3">
         <name>__cxa_atexit</name>
         <value>0xcb18</value>
         <object_component_ref idref="oc-17f"/>
      </symbol>
      <symbol id="sm-3a4">
         <name>__cxa_finalize</name>
         <value>0xc55a</value>
         <object_component_ref idref="oc-354"/>
      </symbol>
      <symbol id="sm-3a5">
         <name>__cxa_ia64_exit</name>
         <value>0xcb0c</value>
         <object_component_ref idref="oc-30a"/>
      </symbol>
      <symbol id="sm-3ad">
         <name>__mspabi_func_epilog_2</name>
         <value>0xca4c</value>
         <object_component_ref idref="oc-f1"/>
      </symbol>
      <symbol id="sm-3ae">
         <name>__mspabi_func_epilog_3</name>
         <value>0xca4a</value>
         <object_component_ref idref="oc-f1"/>
      </symbol>
      <symbol id="sm-3af">
         <name>__mspabi_func_epilog_1</name>
         <value>0xca4e</value>
         <object_component_ref idref="oc-f1"/>
      </symbol>
      <symbol id="sm-3b0">
         <name>__mspabi_func_epilog_6</name>
         <value>0xca44</value>
         <object_component_ref idref="oc-f1"/>
      </symbol>
      <symbol id="sm-3b1">
         <name>__mspabi_func_epilog_7</name>
         <value>0xca42</value>
         <object_component_ref idref="oc-f1"/>
      </symbol>
      <symbol id="sm-3b2">
         <name>__mspabi_func_epilog_4</name>
         <value>0xca48</value>
         <object_component_ref idref="oc-f1"/>
      </symbol>
      <symbol id="sm-3b3">
         <name>__mspabi_func_epilog_5</name>
         <value>0xca46</value>
         <object_component_ref idref="oc-f1"/>
      </symbol>
      <symbol id="sm-3c7">
         <name>C$$EXIT</name>
         <value>0xcb20</value>
         <object_component_ref idref="oc-155"/>
      </symbol>
      <symbol id="sm-3c8">
         <name>abort</name>
         <value>0xcb20</value>
         <object_component_ref idref="oc-155"/>
      </symbol>
      <symbol id="sm-3c9">
         <name>exit</name>
         <value>0xc868</value>
         <object_component_ref idref="oc-81"/>
      </symbol>
      <symbol id="sm-3cc">
         <name>__TI_int03</name>
         <value>0xffe6</value>
         <object_component_ref idref="oc-2f"/>
      </symbol>
      <symbol id="sm-3cf">
         <name>__TI_int05</name>
         <value>0xffea</value>
         <object_component_ref idref="oc-30"/>
      </symbol>
      <symbol id="sm-3d2">
         <name>__TI_int06</name>
         <value>0xffec</value>
         <object_component_ref idref="oc-31"/>
      </symbol>
      <symbol id="sm-3d5">
         <name>__TI_int07</name>
         <value>0xffee</value>
         <object_component_ref idref="oc-32"/>
      </symbol>
      <symbol id="sm-3d8">
         <name>__TI_int08</name>
         <value>0xfff0</value>
         <object_component_ref idref="oc-33"/>
      </symbol>
      <symbol id="sm-3db">
         <name>__TI_int11</name>
         <value>0xfff6</value>
         <object_component_ref idref="oc-36"/>
      </symbol>
      <symbol id="sm-3de">
         <name>__TI_int14</name>
         <value>0xfffc</value>
         <object_component_ref idref="oc-39"/>
      </symbol>
      <symbol id="sm-3e5">
         <name>__TI_ISR_TRAP</name>
         <value>0xcb06</value>
         <object_component_ref idref="oc-5a"/>
      </symbol>
      <symbol id="sm-3f3">
         <name>memcpy</name>
         <value>0xca10</value>
         <object_component_ref idref="oc-87"/>
      </symbol>
      <symbol id="sm-439">
         <name>_sys_memory</name>
         <value>0x268</value>
         <object_component_ref idref="oc-53"/>
      </symbol>
      <symbol id="sm-43a">
         <name>free</name>
         <value>0xc3bc</value>
         <object_component_ref idref="oc-333"/>
      </symbol>
      <symbol id="sm-43b">
         <name>malloc</name>
         <value>0xc314</value>
         <object_component_ref idref="oc-305"/>
      </symbol>
      <symbol id="sm-43c">
         <name>minit</name>
         <value>0xc750</value>
         <object_component_ref idref="oc-34b"/>
      </symbol>
      <symbol id="sm-446">
         <name>__mspabi_mpyi</name>
         <value>0xc9ea</value>
         <object_component_ref idref="oc-235"/>
      </symbol>
      <symbol id="sm-44e">
         <name>_system_pre_init</name>
         <value>0xcb1c</value>
         <object_component_ref idref="oc-72"/>
      </symbol>
      <symbol id="sm-4a4">
         <name>_ZTSSt9type_info</name>
         <value>0xcbae</value>
         <object_component_ref idref="oc-3a2"/>
      </symbol>
      <symbol id="sm-4a5">
         <name>_ZN10__cxxabiv117__class_type_infoD1Ev</name>
         <value>0xcb28</value>
         <object_component_ref idref="oc-329"/>
      </symbol>
      <symbol id="sm-4a6">
         <name>_ZTSN10__cxxabiv120__si_class_type_infoE</name>
         <value>0xcb34</value>
         <object_component_ref idref="oc-3a7"/>
      </symbol>
      <symbol id="sm-4a7">
         <name>_ZTSN10__cxxabiv117__class_type_infoE</name>
         <value>0xcb5a</value>
         <object_component_ref idref="oc-368"/>
      </symbol>
      <symbol id="sm-4a8">
         <name>_ZTVN10__cxxabiv117__class_type_infoE</name>
         <value>0xcbf6</value>
         <object_component_ref idref="oc-2cb"/>
      </symbol>
      <symbol id="sm-4a9">
         <name>_ZTISt9type_info</name>
         <value>0xcc26</value>
         <object_component_ref idref="oc-36d"/>
      </symbol>
      <symbol id="sm-4aa">
         <name>_ZTIN10__cxxabiv117__class_type_infoE</name>
         <value>0xcc06</value>
         <object_component_ref idref="oc-324"/>
      </symbol>
      <symbol id="sm-4ab">
         <name>_ZN10__cxxabiv120__si_class_type_infoD1Ev</name>
         <value>0xcb2a</value>
         <object_component_ref idref="oc-399"/>
      </symbol>
      <symbol id="sm-4ac">
         <name>_ZTIN10__cxxabiv120__si_class_type_infoE</name>
         <value>0xcc0c</value>
         <object_component_ref idref="oc-394"/>
      </symbol>
      <symbol id="sm-4ad">
         <name>_ZN10__cxxabiv117__class_type_infoD0Ev</name>
         <value>0xcaac</value>
         <object_component_ref idref="oc-32e"/>
      </symbol>
      <symbol id="sm-4ae">
         <name>_ZTVN10__cxxabiv120__si_class_type_infoE</name>
         <value>0xcbfe</value>
         <object_component_ref idref="oc-363"/>
      </symbol>
      <symbol id="sm-4af">
         <name>_ZN10__cxxabiv120__si_class_type_infoD0Ev</name>
         <value>0xcab6</value>
         <object_component_ref idref="oc-39e"/>
      </symbol>
      <symbol id="sm-4be">
         <name>_nop</name>
         <value>0xcb32</value>
         <object_component_ref idref="oc-278"/>
      </symbol>
      <symbol id="sm-4bf">
         <name>_lock</name>
         <value>0x2b8</value>
         <object_component_ref idref="oc-14e"/>
      </symbol>
      <symbol id="sm-4c0">
         <name>_unlock</name>
         <value>0x2ba</value>
         <object_component_ref idref="oc-14e"/>
      </symbol>
      <symbol id="sm-4d6">
         <name>_auto_init</name>
         <value>0xc4fc</value>
         <object_component_ref idref="oc-77"/>
      </symbol>
      <symbol id="sm-4d7">
         <name>__TI_exit</name>
         <value>0x1</value>
      </symbol>
      <symbol id="sm-4d8">
         <name>__TI_args_main</name>
         <value>0x1</value>
      </symbol>
      <symbol id="sm-4db">
         <name>_ZN8softUartC2Ev</name>
         <value>0xc810</value>
      </symbol>
      <symbol id="sm-4dc">
         <name>_ZN8softUartD2Ev</name>
         <value>0xcb30</value>
      </symbol>
      <symbol id="sm-4dd">
         <name>_ZN6XbeeS1C2Ev</name>
         <value>0xc6cc</value>
      </symbol>
      <symbol id="sm-4de">
         <name>_ZN6XbeeS1D2Ev</name>
         <value>0xcb2e</value>
      </symbol>
      <symbol id="sm-4df">
         <name>_ZN10PacketInfoC2Ev</name>
         <value>0xc7b8</value>
      </symbol>
      <symbol id="sm-4e0">
         <name>_ZN10PacketInfoD2Ev</name>
         <value>0xcb24</value>
      </symbol>
      <symbol id="sm-4e1">
         <name>_ZN10__cxxabiv117__class_type_infoD2Ev</name>
         <value>0xcb28</value>
      </symbol>
      <symbol id="sm-4e2">
         <name>_ZN10__cxxabiv120__si_class_type_infoD2Ev</name>
         <value>0xcb2a</value>
      </symbol>
   </symbol_table>
   <title>Link successful</title>
</link_info>
