<?xml version="1.0"?>
<link_info>
   <banner>MSP430 Linker PC v4.3.1</banner>
   <copyright>Copyright (c) 2003-2014 Texas Instruments Incorporated</copyright>
   <link_time>0x54f7eae5</link_time>
   <link_errors>0x0</link_errors>
   <output_file>MSP430-Xbee-SoftwareSerial.out</output_file>
   <entry_point>
      <name>_c_int00</name>
      <address>0xc7ec</address>
   </entry_point>
   <input_file_list>
      <input_file id="fl-2">
         <path>.\</path>
         <kind>object</kind>
         <file>xbee_s1.obj</file>
         <name>xbee_s1.obj</name>
      </input_file>
      <input_file id="fl-3">
         <path>.\</path>
         <kind>object</kind>
         <file>timer.obj</file>
         <name>timer.obj</name>
      </input_file>
      <input_file id="fl-4">
         <path>.\</path>
         <kind>object</kind>
         <file>software_serial.obj</file>
         <name>software_serial.obj</name>
      </input_file>
      <input_file id="fl-5">
         <path>.\</path>
         <kind>object</kind>
         <file>main.obj</file>
         <name>main.obj</name>
      </input_file>
      <input_file id="fl-33">
         <path>F:\Program Files\ti\ccsv6\tools\compiler\msp430_4.3.1\lib\</path>
         <kind>archive</kind>
         <file>rts430_eabi.lib</file>
         <name>boot.obj</name>
      </input_file>
      <input_file id="fl-34">
         <path>F:\Program Files\ti\ccsv6\tools\compiler\msp430_4.3.1\lib\</path>
         <kind>archive</kind>
         <file>rts430_eabi.lib</file>
         <name>copy_decompress_none.obj</name>
      </input_file>
      <input_file id="fl-35">
         <path>F:\Program Files\ti\ccsv6\tools\compiler\msp430_4.3.1\lib\</path>
         <kind>archive</kind>
         <file>rts430_eabi.lib</file>
         <name>copy_decompress_rle.obj</name>
      </input_file>
      <input_file id="fl-36">
         <path>F:\Program Files\ti\ccsv6\tools\compiler\msp430_4.3.1\lib\</path>
         <kind>archive</kind>
         <file>rts430_eabi.lib</file>
         <name>copy_zero_init.obj</name>
      </input_file>
      <input_file id="fl-37">
         <path>F:\Program Files\ti\ccsv6\tools\compiler\msp430_4.3.1\lib\</path>
         <kind>archive</kind>
         <file>rts430_eabi.lib</file>
         <name>delete.obj</name>
      </input_file>
      <input_file id="fl-38">
         <path>F:\Program Files\ti\ccsv6\tools\compiler\msp430_4.3.1\lib\</path>
         <kind>archive</kind>
         <file>rts430_eabi.lib</file>
         <name>div16s.obj</name>
      </input_file>
      <input_file id="fl-39">
         <path>F:\Program Files\ti\ccsv6\tools\compiler\msp430_4.3.1\lib\</path>
         <kind>archive</kind>
         <file>rts430_eabi.lib</file>
         <name>div16u.obj</name>
      </input_file>
      <input_file id="fl-3a">
         <path>F:\Program Files\ti\ccsv6\tools\compiler\msp430_4.3.1\lib\</path>
         <kind>archive</kind>
         <file>rts430_eabi.lib</file>
         <name>dtor_list.obj</name>
      </input_file>
      <input_file id="fl-3b">
         <path>F:\Program Files\ti\ccsv6\tools\compiler\msp430_4.3.1\lib\</path>
         <kind>archive</kind>
         <file>rts430_eabi.lib</file>
         <name>epilog.obj</name>
      </input_file>
      <input_file id="fl-3c">
         <path>F:\Program Files\ti\ccsv6\tools\compiler\msp430_4.3.1\lib\</path>
         <kind>archive</kind>
         <file>rts430_eabi.lib</file>
         <name>exit.obj</name>
      </input_file>
      <input_file id="fl-3d">
         <path>F:\Program Files\ti\ccsv6\tools\compiler\msp430_4.3.1\lib\</path>
         <kind>archive</kind>
         <file>rts430_eabi.lib</file>
         <name>int03.obj</name>
      </input_file>
      <input_file id="fl-3e">
         <path>F:\Program Files\ti\ccsv6\tools\compiler\msp430_4.3.1\lib\</path>
         <kind>archive</kind>
         <file>rts430_eabi.lib</file>
         <name>int05.obj</name>
      </input_file>
      <input_file id="fl-3f">
         <path>F:\Program Files\ti\ccsv6\tools\compiler\msp430_4.3.1\lib\</path>
         <kind>archive</kind>
         <file>rts430_eabi.lib</file>
         <name>int06.obj</name>
      </input_file>
      <input_file id="fl-40">
         <path>F:\Program Files\ti\ccsv6\tools\compiler\msp430_4.3.1\lib\</path>
         <kind>archive</kind>
         <file>rts430_eabi.lib</file>
         <name>int07.obj</name>
      </input_file>
      <input_file id="fl-41">
         <path>F:\Program Files\ti\ccsv6\tools\compiler\msp430_4.3.1\lib\</path>
         <kind>archive</kind>
         <file>rts430_eabi.lib</file>
         <name>int08.obj</name>
      </input_file>
      <input_file id="fl-42">
         <path>F:\Program Files\ti\ccsv6\tools\compiler\msp430_4.3.1\lib\</path>
         <kind>archive</kind>
         <file>rts430_eabi.lib</file>
         <name>int11.obj</name>
      </input_file>
      <input_file id="fl-43">
         <path>F:\Program Files\ti\ccsv6\tools\compiler\msp430_4.3.1\lib\</path>
         <kind>archive</kind>
         <file>rts430_eabi.lib</file>
         <name>int14.obj</name>
      </input_file>
      <input_file id="fl-44">
         <path>F:\Program Files\ti\ccsv6\tools\compiler\msp430_4.3.1\lib\</path>
         <kind>archive</kind>
         <file>rts430_eabi.lib</file>
         <name>isr_trap.obj</name>
      </input_file>
      <input_file id="fl-45">
         <path>F:\Program Files\ti\ccsv6\tools\compiler\msp430_4.3.1\lib\</path>
         <kind>archive</kind>
         <file>rts430_eabi.lib</file>
         <name>lsl16.obj</name>
      </input_file>
      <input_file id="fl-46">
         <path>F:\Program Files\ti\ccsv6\tools\compiler\msp430_4.3.1\lib\</path>
         <kind>archive</kind>
         <file>rts430_eabi.lib</file>
         <name>memcpy.obj</name>
      </input_file>
      <input_file id="fl-47">
         <path>F:\Program Files\ti\ccsv6\tools\compiler\msp430_4.3.1\lib\</path>
         <kind>archive</kind>
         <file>rts430_eabi.lib</file>
         <name>memory.obj</name>
      </input_file>
      <input_file id="fl-48">
         <path>F:\Program Files\ti\ccsv6\tools\compiler\msp430_4.3.1\lib\</path>
         <kind>archive</kind>
         <file>rts430_eabi.lib</file>
         <name>mpu_init.obj</name>
      </input_file>
      <input_file id="fl-49">
         <path>F:\Program Files\ti\ccsv6\tools\compiler\msp430_4.3.1\lib\</path>
         <kind>archive</kind>
         <file>rts430_eabi.lib</file>
         <name>mult16.obj</name>
      </input_file>
      <input_file id="fl-4a">
         <path>F:\Program Files\ti\ccsv6\tools\compiler\msp430_4.3.1\lib\</path>
         <kind>archive</kind>
         <file>rts430_eabi.lib</file>
         <name>pre_init.obj</name>
      </input_file>
      <input_file id="fl-4b">
         <path>F:\Program Files\ti\ccsv6\tools\compiler\msp430_4.3.1\lib\</path>
         <kind>archive</kind>
         <file>rts430_eabi.lib</file>
         <name>typeinfo_.obj</name>
      </input_file>
      <input_file id="fl-4c">
         <path>F:\Program Files\ti\ccsv6\tools\compiler\msp430_4.3.1\lib\</path>
         <kind>archive</kind>
         <file>rts430_eabi.lib</file>
         <name>_lock.obj</name>
      </input_file>
      <input_file id="fl-4d">
         <path>F:\Program Files\ti\ccsv6\tools\compiler\msp430_4.3.1\lib\</path>
         <kind>archive</kind>
         <file>rts430_eabi.lib</file>
         <name>args_main.obj</name>
      </input_file>
      <input_file id="fl-4e">
         <path>F:\Program Files\ti\ccsv6\tools\compiler\msp430_4.3.1\lib\</path>
         <kind>archive</kind>
         <file>rts430_eabi.lib</file>
         <name>autoinit.obj</name>
      </input_file>
   </input_file_list>
   <object_component_list>
      <object_component id="oc-53">
         <name>.sysmem</name>
         <uninitialized>true</uninitialized>
         <run_address>0x258</run_address>
         <size>0x4</size>
         <input_file_ref idref="fl-47"/>
      </object_component>
      <object_component id="oc-395">
         <name>.sysmem</name>
         <uninitialized>true</uninitialized>
         <run_address>0x258</run_address>
         <size>0x0</size>
      </object_component>
      <object_component id="oc-50">
         <name>.stack</name>
         <uninitialized>true</uninitialized>
         <run_address>0x3b0</run_address>
         <size>0x2</size>
         <input_file_ref idref="fl-33"/>
      </object_component>
      <object_component id="oc-394">
         <name>.stack</name>
         <uninitialized>true</uninitialized>
         <run_address>0x3b0</run_address>
         <size>0x0</size>
      </object_component>
      <object_component id="oc-be">
         <name>.text:_ZN6XbeeS111GetRXPacketEv</name>
         <load_address>0xc000</load_address>
         <run_address>0xc000</run_address>
         <size>0xce</size>
         <input_file_ref idref="fl-2"/>
      </object_component>
      <object_component id="oc-7c">
         <name>.text:main</name>
         <load_address>0xc0ce</load_address>
         <run_address>0xc0ce</run_address>
         <size>0xc0</size>
         <input_file_ref idref="fl-5"/>
      </object_component>
      <object_component id="oc-2a3">
         <name>.text:malloc</name>
         <load_address>0xc18e</load_address>
         <run_address>0xc18e</run_address>
         <size>0xa8</size>
         <input_file_ref idref="fl-47"/>
      </object_component>
      <object_component id="oc-307">
         <name>.text:free</name>
         <load_address>0xc236</load_address>
         <run_address>0xc236</run_address>
         <size>0x80</size>
         <input_file_ref idref="fl-47"/>
      </object_component>
      <object_component id="oc-6d">
         <name>.text:_ZN14SoftwareSerial11Timer_A0_RXEv</name>
         <load_address>0xc2b6</load_address>
         <run_address>0xc2b6</run_address>
         <size>0x66</size>
         <input_file_ref idref="fl-4"/>
      </object_component>
      <object_component id="oc-110">
         <name>.text:_ZN10Xbee64AddrC1Ehhhhhhhh</name>
         <load_address>0xc31c</load_address>
         <run_address>0xc31c</run_address>
         <size>0x62</size>
         <input_file_ref idref="fl-5"/>
      </object_component>
      <object_component id="oc-9a">
         <name>.text:__TI_decompress_rle_core</name>
         <load_address>0xc37e</load_address>
         <run_address>0xc37e</run_address>
         <size>0x5e</size>
         <input_file_ref idref="fl-35"/>
      </object_component>
      <object_component id="oc-77">
         <name>.text:_auto_init</name>
         <load_address>0xc3dc</load_address>
         <run_address>0xc3dc</run_address>
         <size>0x5e</size>
         <input_file_ref idref="fl-4e"/>
      </object_component>
      <object_component id="oc-104">
         <name>.text:_ZN6XbeeS1C1Ev</name>
         <load_address>0xc43a</load_address>
         <run_address>0xc43a</run_address>
         <size>0x4e</size>
         <input_file_ref idref="fl-2"/>
      </object_component>
      <object_component id="oc-2eb">
         <name>.text:__cxa_finalize</name>
         <load_address>0xc488</load_address>
         <run_address>0xc488</run_address>
         <size>0x4e</size>
         <input_file_ref idref="fl-3a"/>
      </object_component>
      <object_component id="oc-23c">
         <name>.text:_Z11__TI_atexitPFYvPvES_S_</name>
         <load_address>0xc4d6</load_address>
         <run_address>0xc4d6</run_address>
         <size>0x4c</size>
         <input_file_ref idref="fl-3a"/>
      </object_component>
      <object_component id="oc-68">
         <name>.text:_ZN14SoftwareSerial11Timer_A1_TXEv</name>
         <load_address>0xc522</load_address>
         <run_address>0xc522</run_address>
         <size>0x4c</size>
         <input_file_ref idref="fl-4"/>
      </object_component>
      <object_component id="oc-129">
         <name>.text:_Z14SecondsElapsedi</name>
         <load_address>0xc56e</load_address>
         <run_address>0xc56e</run_address>
         <size>0x44</size>
         <input_file_ref idref="fl-3"/>
      </object_component>
      <object_component id="oc-e8">
         <name>.text:_ZN10ringbufferIcLi16EE9push_backEc</name>
         <load_address>0xc5b2</load_address>
         <run_address>0xc5b2</run_address>
         <size>0x44</size>
         <input_file_ref idref="fl-4"/>
      </object_component>
      <object_component id="oc-118">
         <name>.text:_Z19QuaterMillisElapsedi</name>
         <load_address>0xc5f6</load_address>
         <run_address>0xc5f6</run_address>
         <size>0x42</size>
         <input_file_ref idref="fl-3"/>
      </object_component>
      <object_component id="oc-63">
         <name>.text:_Z9wdt_timerv</name>
         <load_address>0xc638</load_address>
         <run_address>0xc638</run_address>
         <size>0x40</size>
         <input_file_ref idref="fl-3"/>
      </object_component>
      <object_component id="oc-253">
         <name>.text:_ZN10ringbufferIcLi16EE9pop_frontEv</name>
         <load_address>0xc678</load_address>
         <run_address>0xc678</run_address>
         <size>0x40</size>
         <input_file_ref idref="fl-4"/>
      </object_component>
      <object_component id="oc-2e2">
         <name>.text:minit</name>
         <load_address>0xc6b8</load_address>
         <run_address>0xc6b8</run_address>
         <size>0x38</size>
         <input_file_ref idref="fl-47"/>
      </object_component>
      <object_component id="oc-162">
         <name>.text:_ZN14SoftwareSerialC1Ev</name>
         <load_address>0xc6f0</load_address>
         <run_address>0xc6f0</run_address>
         <size>0x36</size>
         <input_file_ref idref="fl-4"/>
      </object_component>
      <object_component id="oc-a6">
         <name>.text:__sti___11_xbee_s1_cpp_0d336741</name>
         <load_address>0xc726</load_address>
         <run_address>0xc726</run_address>
         <size>0x32</size>
         <input_file_ref idref="fl-2"/>
      </object_component>
      <object_component id="oc-109">
         <name>.text:_ZN10Xbee16AddrC1Ehh</name>
         <load_address>0xc758</load_address>
         <run_address>0xc758</run_address>
         <size>0x2a</size>
         <input_file_ref idref="fl-5"/>
      </object_component>
      <object_component id="oc-81">
         <name>.text:exit</name>
         <load_address>0xc782</load_address>
         <run_address>0xc782</run_address>
         <size>0x2a</size>
         <input_file_ref idref="fl-3c"/>
      </object_component>
      <object_component id="oc-f7">
         <name>.text:_Z19InitializeClockTimev</name>
         <load_address>0xc7ac</load_address>
         <run_address>0xc7ac</run_address>
         <size>0x24</size>
         <input_file_ref idref="fl-3"/>
      </object_component>
      <object_component id="oc-fc">
         <name>.text:_Z8initPinsv</name>
         <load_address>0xc7d0</load_address>
         <run_address>0xc7d0</run_address>
         <size>0x1c</size>
         <input_file_ref idref="fl-5"/>
      </object_component>
      <object_component id="oc-3a">
         <name>.text:_c_int00_noargs</name>
         <load_address>0xc7ec</load_address>
         <run_address>0xc7ec</run_address>
         <size>0x1c</size>
         <input_file_ref idref="fl-33"/>
      </object_component>
      <object_component id="oc-278">
         <name>.text:_ZN10Xbee16AddrD0Ev</name>
         <load_address>0xc808</load_address>
         <run_address>0xc808</run_address>
         <size>0x1a</size>
         <input_file_ref idref="fl-5"/>
      </object_component>
      <object_component id="oc-28b">
         <name>.text:_ZN10Xbee64AddrD0Ev</name>
         <load_address>0xc822</load_address>
         <run_address>0xc822</run_address>
         <size>0x1a</size>
         <input_file_ref idref="fl-5"/>
      </object_component>
      <object_component id="oc-247">
         <name>.text:_ZN10ringbufferIcLi16EE12clear_bufferEv</name>
         <load_address>0xc83c</load_address>
         <run_address>0xc83c</run_address>
         <size>0x1a</size>
         <input_file_ref idref="fl-2"/>
      </object_component>
      <object_component id="oc-2b6">
         <name>.text:_ZN10ringbufferIcLi16EED0Ev</name>
         <load_address>0xc856</load_address>
         <run_address>0xc856</run_address>
         <size>0x1a</size>
         <input_file_ref idref="fl-2"/>
      </object_component>
      <object_component id="oc-29f">
         <name>.text:_ZN14SoftwareSerialD0Ev</name>
         <load_address>0xc870</load_address>
         <run_address>0xc870</run_address>
         <size>0x1a</size>
         <input_file_ref idref="fl-4"/>
      </object_component>
      <object_component id="oc-5e">
         <name>.text:_ZN6XbeeS19Timer0_A0Ev</name>
         <load_address>0xc88a</load_address>
         <run_address>0xc88a</run_address>
         <size>0x1a</size>
         <input_file_ref idref="fl-2"/>
      </object_component>
      <object_component id="oc-268">
         <name>.text:_ZN6XbeeS1D0Ev</name>
         <load_address>0xc8a4</load_address>
         <run_address>0xc8a4</run_address>
         <size>0x1a</size>
         <input_file_ref idref="fl-2"/>
      </object_component>
      <object_component id="oc-ab">
         <name>.text:__sti___19_software_serial_cpp_1ac42f9a</name>
         <load_address>0xc8be</load_address>
         <run_address>0xc8be</run_address>
         <size>0x1a</size>
         <input_file_ref idref="fl-4"/>
      </object_component>
      <object_component id="oc-1f6">
         <name>.text:_ZN10ringbufferIcLi16EE5emptyEv</name>
         <load_address>0xc8d8</load_address>
         <run_address>0xc8d8</run_address>
         <size>0x18</size>
         <input_file_ref idref="fl-2"/>
      </object_component>
      <object_component id="oc-173">
         <name>.text:_ZN10ringbufferIcLi16EEC1Ev</name>
         <load_address>0xc8f0</load_address>
         <run_address>0xc8f0</run_address>
         <size>0x18</size>
         <input_file_ref idref="fl-2"/>
      </object_component>
      <object_component id="oc-19d">
         <name>.text:_ZN14SoftwareSerial7ReceiveEv</name>
         <load_address>0xc908</load_address>
         <run_address>0xc908</run_address>
         <size>0x14</size>
         <input_file_ref idref="fl-4"/>
      </object_component>
      <object_component id="oc-44">
         <name>.text:decompress:ZI:__TI_zero_init</name>
         <load_address>0xc91c</load_address>
         <run_address>0xc91c</run_address>
         <size>0x14</size>
         <input_file_ref idref="fl-36"/>
      </object_component>
      <object_component id="oc-207">
         <name>.text</name>
         <load_address>0xc930</load_address>
         <run_address>0xc930</run_address>
         <size>0x14</size>
         <input_file_ref idref="fl-49"/>
      </object_component>
      <object_component id="oc-1b6">
         <name>.text:_ZN14SoftwareSerial7IsEmptyEv</name>
         <load_address>0xc944</load_address>
         <run_address>0xc944</run_address>
         <size>0x12</size>
         <input_file_ref idref="fl-4"/>
      </object_component>
      <object_component id="oc-11e">
         <name>.text:_ZN6XbeeS17IsEmptyEv</name>
         <load_address>0xc956</load_address>
         <run_address>0xc956</run_address>
         <size>0x12</size>
         <input_file_ref idref="fl-2"/>
      </object_component>
      <object_component id="oc-3f">
         <name>.text:decompress:none:__TI_decompress_none</name>
         <load_address>0xc968</load_address>
         <run_address>0xc968</run_address>
         <size>0x12</size>
         <input_file_ref idref="fl-34"/>
      </object_component>
      <object_component id="oc-87">
         <name>.text:memcpy</name>
         <load_address>0xc97a</load_address>
         <run_address>0xc97a</run_address>
         <size>0x12</size>
         <input_file_ref idref="fl-46"/>
      </object_component>
      <object_component id="oc-f1">
         <name>.text</name>
         <load_address>0xc98c</load_address>
         <run_address>0xc98c</run_address>
         <size>0x10</size>
         <input_file_ref idref="fl-3b"/>
      </object_component>
      <object_component id="oc-1ff">
         <name>.text:_Z9BeginTestv</name>
         <load_address>0xc99c</load_address>
         <run_address>0xc99c</run_address>
         <size>0xe</size>
         <input_file_ref idref="fl-3"/>
      </object_component>
      <object_component id="oc-55">
         <name>.text:_Z6Port_1v</name>
         <load_address>0xc9aa</load_address>
         <run_address>0xc9aa</run_address>
         <size>0xa</size>
         <input_file_ref idref="fl-5"/>
      </object_component>
      <object_component id="oc-124">
         <name>.text:_Z9startTestv</name>
         <load_address>0xc9b4</load_address>
         <run_address>0xc9b4</run_address>
         <size>0xa</size>
         <input_file_ref idref="fl-5"/>
      </object_component>
      <object_component id="oc-271">
         <name>.text:_ZN10Xbee16AddrD1Ev</name>
         <load_address>0xc9be</load_address>
         <run_address>0xc9be</run_address>
         <size>0xa</size>
         <input_file_ref idref="fl-5"/>
      </object_component>
      <object_component id="oc-284">
         <name>.text:_ZN10Xbee64AddrD1Ev</name>
         <load_address>0xc9c8</load_address>
         <run_address>0xc9c8</run_address>
         <size>0xa</size>
         <input_file_ref idref="fl-5"/>
      </object_component>
      <object_component id="oc-302">
         <name>.text:_ZN10__cxxabiv117__class_type_infoD0Ev</name>
         <load_address>0xc9d2</load_address>
         <run_address>0xc9d2</run_address>
         <size>0xa</size>
         <input_file_ref idref="fl-4b"/>
      </object_component>
      <object_component id="oc-349">
         <name>.text:_ZN10__cxxabiv120__si_class_type_infoD0Ev</name>
         <load_address>0xc9dc</load_address>
         <run_address>0xc9dc</run_address>
         <size>0xa</size>
         <input_file_ref idref="fl-4b"/>
      </object_component>
      <object_component id="oc-17a">
         <name>.text:_ZN10ringbufferIcLi16EED1Ev</name>
         <load_address>0xc9e6</load_address>
         <run_address>0xc9e6</run_address>
         <size>0xa</size>
         <input_file_ref idref="fl-2"/>
      </object_component>
      <object_component id="oc-167">
         <name>.text:_ZN14SoftwareSerialD1Ev</name>
         <load_address>0xc9f0</load_address>
         <run_address>0xc9f0</run_address>
         <size>0xa</size>
         <input_file_ref idref="fl-4"/>
      </object_component>
      <object_component id="oc-263">
         <name>.text:_ZN6XbeeS1D1Ev</name>
         <load_address>0xc9fa</load_address>
         <run_address>0xc9fa</run_address>
         <size>0xa</size>
         <input_file_ref idref="fl-2"/>
      </object_component>
      <object_component id="oc-2c8">
         <name>.text:_ZdlPv</name>
         <load_address>0xca04</load_address>
         <run_address>0xca04</run_address>
         <size>0xa</size>
         <input_file_ref idref="fl-37"/>
      </object_component>
      <object_component id="oc-5a">
         <name>.text:__TI_ISR_TRAP</name>
         <load_address>0xca0e</load_address>
         <run_address>0xca0e</run_address>
         <size>0x6</size>
         <input_file_ref idref="fl-44"/>
      </object_component>
      <object_component id="oc-2a8">
         <name>.text:__cxa_ia64_exit</name>
         <load_address>0xca14</load_address>
         <run_address>0xca14</run_address>
         <size>0x6</size>
         <input_file_ref idref="fl-3a"/>
      </object_component>
      <object_component id="oc-49">
         <name>.text:decompress:rle24:__TI_decompress_rle24</name>
         <load_address>0xca1a</load_address>
         <run_address>0xca1a</run_address>
         <size>0x6</size>
         <input_file_ref idref="fl-35"/>
      </object_component>
      <object_component id="oc-16e">
         <name>.text:__cxa_atexit</name>
         <load_address>0xca20</load_address>
         <run_address>0xca20</run_address>
         <size>0x4</size>
         <input_file_ref idref="fl-3a"/>
      </object_component>
      <object_component id="oc-72">
         <name>.text:_system_pre_init</name>
         <load_address>0xca24</load_address>
         <run_address>0xca24</run_address>
         <size>0x4</size>
         <input_file_ref idref="fl-4a"/>
      </object_component>
      <object_component id="oc-146">
         <name>.text:abort</name>
         <load_address>0xca28</load_address>
         <run_address>0xca28</run_address>
         <size>0x4</size>
         <input_file_ref idref="fl-3c"/>
      </object_component>
      <object_component id="oc-2fd">
         <name>.text:_ZN10__cxxabiv117__class_type_infoD1Ev</name>
         <load_address>0xca2c</load_address>
         <run_address>0xca2c</run_address>
         <size>0x2</size>
         <input_file_ref idref="fl-4b"/>
      </object_component>
      <object_component id="oc-344">
         <name>.text:_ZN10__cxxabiv120__si_class_type_infoD1Ev</name>
         <load_address>0xca2e</load_address>
         <run_address>0xca2e</run_address>
         <size>0x2</size>
         <input_file_ref idref="fl-4b"/>
      </object_component>
      <object_component id="oc-213">
         <name>.text:_nop</name>
         <load_address>0xca30</load_address>
         <run_address>0xca30</run_address>
         <size>0x2</size>
         <input_file_ref idref="fl-4c"/>
      </object_component>
      <object_component id="oc-393">
         <name>.cinit..data.load</name>
         <load_address>0xcb34</load_address>
         <run_address>0xcb34</run_address>
         <size>0x10</size>
      </object_component>
      <object_component id="oc-390">
         <name>__TI_handler_table</name>
         <load_address>0xcb44</load_address>
         <run_address>0xcb44</run_address>
         <size>0x6</size>
      </object_component>
      <object_component id="oc-392">
         <name>.cinit..bss.load</name>
         <load_address>0xcb4a</load_address>
         <run_address>0xcb4a</run_address>
         <size>0x4</size>
      </object_component>
      <object_component id="oc-391">
         <name>__TI_cinit_table</name>
         <load_address>0xcb4e</load_address>
         <run_address>0xcb4e</run_address>
         <size>0x8</size>
      </object_component>
      <object_component id="oc-352">
         <name>.const:.typeinfo:_ZTSN10__cxxabiv120__si_class_type_infoE</name>
         <load_address>0xca32</load_address>
         <run_address>0xca32</run_address>
         <size>0x25</size>
         <input_file_ref idref="fl-4b"/>
      </object_component>
      <object_component id="oc-31c">
         <name>.const:.typeinfo:_ZTSN10__cxxabiv117__class_type_infoE</name>
         <load_address>0xca58</load_address>
         <run_address>0xca58</run_address>
         <size>0x22</size>
         <input_file_ref idref="fl-4b"/>
      </object_component>
      <object_component id="oc-2f3">
         <name>.const:.typeinfo:_ZTS10ringbufferIcLi16EE</name>
         <load_address>0xca7a</load_address>
         <run_address>0xca7a</run_address>
         <size>0x15</size>
         <input_file_ref idref="fl-2"/>
      </object_component>
      <object_component id="oc-2d9">
         <name>.const:.typeinfo:_ZTS14SoftwareSerial</name>
         <load_address>0xca90</load_address>
         <run_address>0xca90</run_address>
         <size>0x11</size>
         <input_file_ref idref="fl-4"/>
      </object_component>
      <object_component id="oc-2cf">
         <name>.const:.typeinfo:_ZTS10Xbee16Addr</name>
         <load_address>0xcaa2</load_address>
         <run_address>0xcaa2</run_address>
         <size>0xd</size>
         <input_file_ref idref="fl-5"/>
      </object_component>
      <object_component id="oc-2d4">
         <name>.const:.typeinfo:_ZTS10Xbee64Addr</name>
         <load_address>0xcab0</load_address>
         <run_address>0xcab0</run_address>
         <size>0xd</size>
         <input_file_ref idref="fl-5"/>
      </object_component>
      <object_component id="oc-34d">
         <name>.const:.typeinfo:_ZTSSt9type_info</name>
         <load_address>0xcabe</load_address>
         <run_address>0xcabe</run_address>
         <size>0xd</size>
         <input_file_ref idref="fl-4b"/>
      </object_component>
      <object_component id="oc-2c2">
         <name>.const:.typeinfo:_ZTS6XbeeS1</name>
         <load_address>0xcacc</load_address>
         <run_address>0xcacc</run_address>
         <size>0x8</size>
         <input_file_ref idref="fl-2"/>
      </object_component>
      <object_component id="oc-1e6">
         <name>.const:_ZTV10Xbee16Addr</name>
         <load_address>0xcad4</load_address>
         <run_address>0xcad4</run_address>
         <size>0x8</size>
         <input_file_ref idref="fl-5"/>
      </object_component>
      <object_component id="oc-1eb">
         <name>.const:_ZTV10Xbee64Addr</name>
         <load_address>0xcadc</load_address>
         <run_address>0xcadc</run_address>
         <size>0x8</size>
         <input_file_ref idref="fl-5"/>
      </object_component>
      <object_component id="oc-242">
         <name>.const:_ZTV10ringbufferIcLi16EE</name>
         <load_address>0xcae4</load_address>
         <run_address>0xcae4</run_address>
         <size>0x8</size>
         <input_file_ref idref="fl-2"/>
      </object_component>
      <object_component id="oc-224">
         <name>.const:_ZTV14SoftwareSerial</name>
         <load_address>0xcaec</load_address>
         <run_address>0xcaec</run_address>
         <size>0x8</size>
         <input_file_ref idref="fl-4"/>
      </object_component>
      <object_component id="oc-1d6">
         <name>.const:_ZTV6XbeeS1</name>
         <load_address>0xcaf4</load_address>
         <run_address>0xcaf4</run_address>
         <size>0x8</size>
         <input_file_ref idref="fl-2"/>
      </object_component>
      <object_component id="oc-2bd">
         <name>.const:_ZTVN10__cxxabiv117__class_type_infoE</name>
         <load_address>0xcafc</load_address>
         <run_address>0xcafc</run_address>
         <size>0x8</size>
         <input_file_ref idref="fl-4b"/>
      </object_component>
      <object_component id="oc-317">
         <name>.const:_ZTVN10__cxxabiv120__si_class_type_infoE</name>
         <load_address>0xcb04</load_address>
         <run_address>0xcb04</run_address>
         <size>0x8</size>
         <input_file_ref idref="fl-4b"/>
      </object_component>
      <object_component id="oc-2f8">
         <name>.const:.typeinfo:_ZTIN10__cxxabiv117__class_type_infoE</name>
         <load_address>0xcb0c</load_address>
         <run_address>0xcb0c</run_address>
         <size>0x6</size>
         <input_file_ref idref="fl-4b"/>
      </object_component>
      <object_component id="oc-33f">
         <name>.const:.typeinfo:_ZTIN10__cxxabiv120__si_class_type_infoE</name>
         <load_address>0xcb12</load_address>
         <run_address>0xcb12</run_address>
         <size>0x6</size>
         <input_file_ref idref="fl-4b"/>
      </object_component>
      <object_component id="oc-26c">
         <name>.const:.typeinfo:_ZTI10Xbee16Addr</name>
         <load_address>0xcb18</load_address>
         <run_address>0xcb18</run_address>
         <size>0x4</size>
         <input_file_ref idref="fl-5"/>
      </object_component>
      <object_component id="oc-27f">
         <name>.const:.typeinfo:_ZTI10Xbee64Addr</name>
         <load_address>0xcb1c</load_address>
         <run_address>0xcb1c</run_address>
         <size>0x4</size>
         <input_file_ref idref="fl-5"/>
      </object_component>
      <object_component id="oc-2b1">
         <name>.const:.typeinfo:_ZTI10ringbufferIcLi16EE</name>
         <load_address>0xcb20</load_address>
         <run_address>0xcb20</run_address>
         <size>0x4</size>
         <input_file_ref idref="fl-2"/>
      </object_component>
      <object_component id="oc-29a">
         <name>.const:.typeinfo:_ZTI14SoftwareSerial</name>
         <load_address>0xcb24</load_address>
         <run_address>0xcb24</run_address>
         <size>0x4</size>
         <input_file_ref idref="fl-4"/>
      </object_component>
      <object_component id="oc-25e">
         <name>.const:.typeinfo:_ZTI6XbeeS1</name>
         <load_address>0xcb28</load_address>
         <run_address>0xcb28</run_address>
         <size>0x4</size>
         <input_file_ref idref="fl-2"/>
      </object_component>
      <object_component id="oc-321">
         <name>.const:.typeinfo:_ZTISt9type_info</name>
         <load_address>0xcb2c</load_address>
         <run_address>0xcb2c</run_address>
         <size>0x4</size>
         <input_file_ref idref="fl-4b"/>
      </object_component>
      <object_component id="oc-4f">
         <name>.init_array</name>
         <load_address>0xcb30</load_address>
         <run_address>0xcb30</run_address>
         <size>0x2</size>
         <input_file_ref idref="fl-4"/>
      </object_component>
      <object_component id="oc-4e">
         <name>.init_array</name>
         <load_address>0xcb32</load_address>
         <run_address>0xcb32</run_address>
         <size>0x2</size>
         <input_file_ref idref="fl-2"/>
      </object_component>
      <object_component id="oc-2e">
         <name>.int02</name>
         <load_address>0xffe4</load_address>
         <run_address>0xffe4</run_address>
         <size>0x2</size>
         <input_file_ref idref="fl-5"/>
      </object_component>
      <object_component id="oc-2f">
         <name>.int03</name>
         <load_address>0xffe6</load_address>
         <run_address>0xffe6</run_address>
         <size>0x2</size>
         <input_file_ref idref="fl-3d"/>
      </object_component>
      <object_component id="oc-30">
         <name>.int05</name>
         <load_address>0xffea</load_address>
         <run_address>0xffea</run_address>
         <size>0x2</size>
         <input_file_ref idref="fl-3e"/>
      </object_component>
      <object_component id="oc-31">
         <name>.int06</name>
         <load_address>0xffec</load_address>
         <run_address>0xffec</run_address>
         <size>0x2</size>
         <input_file_ref idref="fl-3f"/>
      </object_component>
      <object_component id="oc-32">
         <name>.int07</name>
         <load_address>0xffee</load_address>
         <run_address>0xffee</run_address>
         <size>0x2</size>
         <input_file_ref idref="fl-40"/>
      </object_component>
      <object_component id="oc-33">
         <name>.int08</name>
         <load_address>0xfff0</load_address>
         <run_address>0xfff0</run_address>
         <size>0x2</size>
         <input_file_ref idref="fl-41"/>
      </object_component>
      <object_component id="oc-34">
         <name>.int09</name>
         <load_address>0xfff2</load_address>
         <run_address>0xfff2</run_address>
         <size>0x2</size>
         <input_file_ref idref="fl-2"/>
      </object_component>
      <object_component id="oc-35">
         <name>.int10</name>
         <load_address>0xfff4</load_address>
         <run_address>0xfff4</run_address>
         <size>0x2</size>
         <input_file_ref idref="fl-3"/>
      </object_component>
      <object_component id="oc-36">
         <name>.int11</name>
         <load_address>0xfff6</load_address>
         <run_address>0xfff6</run_address>
         <size>0x2</size>
         <input_file_ref idref="fl-42"/>
      </object_component>
      <object_component id="oc-37">
         <name>.int12</name>
         <load_address>0xfff8</load_address>
         <run_address>0xfff8</run_address>
         <size>0x2</size>
         <input_file_ref idref="fl-4"/>
      </object_component>
      <object_component id="oc-38">
         <name>.int13</name>
         <load_address>0xfffa</load_address>
         <run_address>0xfffa</run_address>
         <size>0x2</size>
         <input_file_ref idref="fl-4"/>
      </object_component>
      <object_component id="oc-39">
         <name>.int14</name>
         <load_address>0xfffc</load_address>
         <run_address>0xfffc</run_address>
         <size>0x2</size>
         <input_file_ref idref="fl-43"/>
      </object_component>
      <object_component id="oc-52">
         <name>.reset</name>
         <load_address>0xfffe</load_address>
         <run_address>0xfffe</run_address>
         <size>0x2</size>
         <input_file_ref idref="fl-33"/>
      </object_component>
      <object_component id="oc-e6">
         <name>.bss</name>
         <uninitialized>true</uninitialized>
         <run_address>0x218</run_address>
         <size>0x16</size>
         <input_file_ref idref="fl-4"/>
      </object_component>
      <object_component id="oc-160">
         <name>.bss</name>
         <uninitialized>true</uninitialized>
         <run_address>0x200</run_address>
         <size>0x18</size>
         <input_file_ref idref="fl-2"/>
      </object_component>
      <object_component id="oc-1db">
         <name>.common:_ZN6XbeeS111data_index_E</name>
         <uninitialized>true</uninitialized>
         <run_address>0x24b</run_address>
         <size>0x1</size>
      </object_component>
      <object_component id="oc-1dc">
         <name>.common:_ZN6XbeeS111is_escaped_E</name>
         <uninitialized>true</uninitialized>
         <run_address>0x24c</run_address>
         <size>0x1</size>
      </object_component>
      <object_component id="oc-1dd">
         <name>.common:_ZN6XbeeS112rx_checksum_E</name>
         <uninitialized>true</uninitialized>
         <run_address>0x24d</run_address>
         <size>0x1</size>
      </object_component>
      <object_component id="oc-1de">
         <name>.common:_ZN6XbeeS112tx_checksum_E</name>
         <uninitialized>true</uninitialized>
         <run_address>0x24e</run_address>
         <size>0x1</size>
      </object_component>
      <object_component id="oc-1df">
         <name>.common:_ZN6XbeeS113message_size_E</name>
         <uninitialized>true</uninitialized>
         <run_address>0x234</run_address>
         <size>0x2</size>
      </object_component>
      <object_component id="oc-1e0">
         <name>.common:_ZN6XbeeS14msb_E</name>
         <uninitialized>true</uninitialized>
         <run_address>0x251</run_address>
         <size>0x1</size>
      </object_component>
      <object_component id="oc-1e1">
         <name>.common:_ZN6XbeeS14lsb_E</name>
         <uninitialized>true</uninitialized>
         <run_address>0x250</run_address>
         <size>0x1</size>
      </object_component>
      <object_component id="oc-1e2">
         <name>.common:_ZN6XbeeS16tx_ok_E</name>
         <uninitialized>true</uninitialized>
         <run_address>0x252</run_address>
         <size>0x1</size>
      </object_component>
      <object_component id="oc-1e3">
         <name>.common:_ZN6XbeeS113rx_api_frame_E</name>
         <uninitialized>true</uninitialized>
         <run_address>0x24f</run_address>
         <size>0x1</size>
      </object_component>
      <object_component id="oc-1e4">
         <name>.common:_ZN6XbeeS110tx_status_E</name>
         <uninitialized>true</uninitialized>
         <run_address>0x24a</run_address>
         <size>0x1</size>
      </object_component>
      <object_component id="oc-294">
         <name>.common:millis_counter_</name>
         <uninitialized>true</uninitialized>
         <run_address>0x23e</run_address>
         <size>0x2</size>
      </object_component>
      <object_component id="oc-20d">
         <name>.common:millis_cronometer_</name>
         <uninitialized>true</uninitialized>
         <run_address>0x240</run_address>
         <size>0x2</size>
      </object_component>
      <object_component id="oc-293">
         <name>.common:seconds_counter_</name>
         <uninitialized>true</uninitialized>
         <run_address>0x22e</run_address>
         <size>0x4</size>
      </object_component>
      <object_component id="oc-20c">
         <name>.common:start_cronometer_</name>
         <uninitialized>true</uninitialized>
         <run_address>0x255</run_address>
         <size>0x1</size>
      </object_component>
      <object_component id="oc-1d4">
         <name>.common:start_tx_cronometer_</name>
         <uninitialized>true</uninitialized>
         <run_address>0x256</run_address>
         <size>0x1</size>
      </object_component>
      <object_component id="oc-d3">
         <name>.common:tx_cronometer_</name>
         <uninitialized>true</uninitialized>
         <run_address>0x246</run_address>
         <size>0x2</size>
      </object_component>
      <object_component id="oc-d4">
         <name>.common:tx_timeout_</name>
         <uninitialized>true</uninitialized>
         <run_address>0x248</run_address>
         <size>0x2</size>
      </object_component>
      <object_component id="oc-da">
         <name>.common:_ZN14SoftwareSerial14tx_char_bufferE</name>
         <uninitialized>true</uninitialized>
         <run_address>0x232</run_address>
         <size>0x2</size>
      </object_component>
      <object_component id="oc-1fe">
         <name>.common:startT</name>
         <uninitialized>true</uninitialized>
         <run_address>0x254</run_address>
         <size>0x1</size>
      </object_component>
      <object_component id="oc-12e">
         <name>.common:btnpress</name>
         <uninitialized>true</uninitialized>
         <run_address>0x253</run_address>
         <size>0x1</size>
      </object_component>
      <object_component id="oc-145">
         <name>.common:__TI_cleanup_ptr</name>
         <uninitialized>true</uninitialized>
         <run_address>0x236</run_address>
         <size>0x2</size>
      </object_component>
      <object_component id="oc-2ad">
         <name>.common:__TI_dtors_ptr</name>
         <uninitialized>true</uninitialized>
         <run_address>0x238</run_address>
         <size>0x2</size>
      </object_component>
      <object_component id="oc-183">
         <name>.common:__dso_handle</name>
         <uninitialized>true</uninitialized>
         <run_address>0x23a</run_address>
         <size>0x2</size>
      </object_component>
      <object_component id="oc-33b">
         <name>.common:sys_free</name>
         <uninitialized>true</uninitialized>
         <run_address>0x244</run_address>
         <size>0x2</size>
      </object_component>
      <object_component id="oc-314">
         <name>.common:sys_base</name>
         <uninitialized>true</uninitialized>
         <run_address>0x242</run_address>
         <size>0x2</size>
      </object_component>
      <object_component id="oc-313">
         <name>.common:memsize</name>
         <uninitialized>true</uninitialized>
         <run_address>0x23c</run_address>
         <size>0x2</size>
      </object_component>
      <object_component id="oc-d7">
         <name>.data</name>
         <load_address>0x2ac</load_address>
         <run_address>0x2ac</run_address>
         <size>0x3</size>
         <input_file_ref idref="fl-4"/>
      </object_component>
      <object_component id="oc-13f">
         <name>.data</name>
         <load_address>0x2a8</load_address>
         <run_address>0x2a8</run_address>
         <size>0x4</size>
         <input_file_ref idref="fl-4c"/>
      </object_component>
      <object_component id="oc-2ae">
         <name>.data</name>
         <load_address>0x2b0</load_address>
         <run_address>0x2b0</run_address>
         <size>0x2</size>
         <input_file_ref idref="fl-3a"/>
      </object_component>
      <object_component id="oc-2e0">
         <name>.data</name>
         <load_address>0x2b2</load_address>
         <run_address>0x2b2</run_address>
         <size>0x2</size>
         <input_file_ref idref="fl-47"/>
      </object_component>
      <object_component id="oc-3b">
         <name>.debug_info</name>
         <load_address>0x0</load_address>
         <run_address>0x0</run_address>
         <size>0x124</size>
         <input_file_ref idref="fl-33"/>
      </object_component>
      <object_component id="oc-43">
         <name>.debug_info</name>
         <load_address>0x124</load_address>
         <run_address>0x124</run_address>
         <size>0x194</size>
         <input_file_ref idref="fl-34"/>
      </object_component>
      <object_component id="oc-45">
         <name>.debug_info</name>
         <load_address>0x2b8</load_address>
         <run_address>0x2b8</run_address>
         <size>0x16a</size>
         <input_file_ref idref="fl-36"/>
      </object_component>
      <object_component id="oc-4d">
         <name>.debug_info</name>
         <load_address>0x422</load_address>
         <run_address>0x422</run_address>
         <size>0x18e</size>
         <input_file_ref idref="fl-35"/>
      </object_component>
      <object_component id="oc-51">
         <name>.debug_info</name>
         <load_address>0x5b0</load_address>
         <run_address>0x5b0</run_address>
         <size>0xaa</size>
         <input_file_ref idref="fl-33"/>
      </object_component>
      <object_component id="oc-54">
         <name>.debug_info</name>
         <load_address>0x65a</load_address>
         <run_address>0x65a</run_address>
         <size>0xb6</size>
         <input_file_ref idref="fl-47"/>
      </object_component>
      <object_component id="oc-56">
         <name>.debug_info</name>
         <load_address>0x710</load_address>
         <run_address>0x710</run_address>
         <size>0x11a</size>
         <input_file_ref idref="fl-5"/>
      </object_component>
      <object_component id="oc-5b">
         <name>.debug_info</name>
         <load_address>0x82a</load_address>
         <run_address>0x82a</run_address>
         <size>0xc2</size>
         <input_file_ref idref="fl-44"/>
      </object_component>
      <object_component id="oc-5f">
         <name>.debug_info</name>
         <load_address>0x8ec</load_address>
         <run_address>0x8ec</run_address>
         <size>0x158</size>
         <input_file_ref idref="fl-2"/>
      </object_component>
      <object_component id="oc-64">
         <name>.debug_info</name>
         <load_address>0xa44</load_address>
         <run_address>0xa44</run_address>
         <size>0x123</size>
         <input_file_ref idref="fl-3"/>
      </object_component>
      <object_component id="oc-69">
         <name>.debug_info</name>
         <load_address>0xb67</load_address>
         <run_address>0xb67</run_address>
         <size>0x17a</size>
         <input_file_ref idref="fl-4"/>
      </object_component>
      <object_component id="oc-6e">
         <name>.debug_info</name>
         <load_address>0xce1</load_address>
         <run_address>0xce1</run_address>
         <size>0x1bf</size>
         <input_file_ref idref="fl-4"/>
      </object_component>
      <object_component id="oc-75">
         <name>.debug_info</name>
         <load_address>0xea0</load_address>
         <run_address>0xea0</run_address>
         <size>0xfd</size>
         <input_file_ref idref="fl-4a"/>
      </object_component>
      <object_component id="oc-78">
         <name>.debug_info</name>
         <load_address>0xf9d</load_address>
         <run_address>0xf9d</run_address>
         <size>0x153</size>
         <input_file_ref idref="fl-4e"/>
      </object_component>
      <object_component id="oc-7d">
         <name>.debug_info</name>
         <load_address>0x10f0</load_address>
         <run_address>0x10f0</run_address>
         <size>0x248</size>
         <input_file_ref idref="fl-5"/>
      </object_component>
      <object_component id="oc-84">
         <name>.debug_info</name>
         <load_address>0x1338</load_address>
         <run_address>0x1338</run_address>
         <size>0x127</size>
         <input_file_ref idref="fl-3c"/>
      </object_component>
      <object_component id="oc-8a">
         <name>.debug_info</name>
         <load_address>0x145f</load_address>
         <run_address>0x145f</run_address>
         <size>0x157</size>
         <input_file_ref idref="fl-46"/>
      </object_component>
      <object_component id="oc-8d">
         <name>.debug_info</name>
         <load_address>0x15b6</load_address>
         <run_address>0x15b6</run_address>
         <size>0x46</size>
         <input_file_ref idref="fl-34"/>
      </object_component>
      <object_component id="oc-92">
         <name>.debug_info</name>
         <load_address>0x15fc</load_address>
         <run_address>0x15fc</run_address>
         <size>0x167</size>
         <input_file_ref idref="fl-34"/>
      </object_component>
      <object_component id="oc-94">
         <name>.debug_info</name>
         <load_address>0x1763</load_address>
         <run_address>0x1763</run_address>
         <size>0x46</size>
         <input_file_ref idref="fl-36"/>
      </object_component>
      <object_component id="oc-99">
         <name>.debug_info</name>
         <load_address>0x17a9</load_address>
         <run_address>0x17a9</run_address>
         <size>0x11f</size>
         <input_file_ref idref="fl-36"/>
      </object_component>
      <object_component id="oc-9d">
         <name>.debug_info</name>
         <load_address>0x18c8</load_address>
         <run_address>0x18c8</run_address>
         <size>0x1ef</size>
         <input_file_ref idref="fl-35"/>
      </object_component>
      <object_component id="oc-a0">
         <name>.debug_info</name>
         <load_address>0x1ab7</load_address>
         <run_address>0x1ab7</run_address>
         <size>0x129</size>
         <input_file_ref idref="fl-35"/>
      </object_component>
      <object_component id="oc-a1">
         <name>.debug_info</name>
         <load_address>0x1be0</load_address>
         <run_address>0x1be0</run_address>
         <size>0x39</size>
         <input_file_ref idref="fl-35"/>
      </object_component>
      <object_component id="oc-a7">
         <name>.debug_info</name>
         <load_address>0x1c19</load_address>
         <run_address>0x1c19</run_address>
         <size>0x191</size>
         <input_file_ref idref="fl-2"/>
      </object_component>
      <object_component id="oc-ac">
         <name>.debug_info</name>
         <load_address>0x1daa</load_address>
         <run_address>0x1daa</run_address>
         <size>0x178</size>
         <input_file_ref idref="fl-4"/>
      </object_component>
      <object_component id="oc-b2">
         <name>.debug_info</name>
         <load_address>0x1f22</load_address>
         <run_address>0x1f22</run_address>
         <size>0x84</size>
         <input_file_ref idref="fl-33"/>
      </object_component>
      <object_component id="oc-b9">
         <name>.debug_info</name>
         <load_address>0x1fa6</load_address>
         <run_address>0x1fa6</run_address>
         <size>0x245</size>
         <input_file_ref idref="fl-47"/>
      </object_component>
      <object_component id="oc-bb">
         <name>.debug_info</name>
         <load_address>0x21eb</load_address>
         <run_address>0x21eb</run_address>
         <size>0xa1d</size>
         <input_file_ref idref="fl-5"/>
      </object_component>
      <object_component id="oc-bf">
         <name>.debug_info</name>
         <load_address>0x2c08</load_address>
         <run_address>0x2c08</run_address>
         <size>0x1a4</size>
         <input_file_ref idref="fl-2"/>
      </object_component>
      <object_component id="oc-c4">
         <name>.debug_info</name>
         <load_address>0x2dac</load_address>
         <run_address>0x2dac</run_address>
         <size>0x1d7</size>
         <input_file_ref idref="fl-2"/>
      </object_component>
      <object_component id="oc-ca">
         <name>.debug_info</name>
         <load_address>0x2f83</load_address>
         <run_address>0x2f83</run_address>
         <size>0x317</size>
         <input_file_ref idref="fl-3"/>
      </object_component>
      <object_component id="oc-d9">
         <name>.debug_info</name>
         <load_address>0x329a</load_address>
         <run_address>0x329a</run_address>
         <size>0x959</size>
         <input_file_ref idref="fl-4"/>
      </object_component>
      <object_component id="oc-dc">
         <name>.debug_info</name>
         <load_address>0x3bf3</load_address>
         <run_address>0x3bf3</run_address>
         <size>0x119</size>
         <input_file_ref idref="fl-2"/>
      </object_component>
      <object_component id="oc-e1">
         <name>.debug_info</name>
         <load_address>0x3d0c</load_address>
         <run_address>0x3d0c</run_address>
         <size>0x8b</size>
         <input_file_ref idref="fl-2"/>
      </object_component>
      <object_component id="oc-e7">
         <name>.debug_info</name>
         <load_address>0x3d97</load_address>
         <run_address>0x3d97</run_address>
         <size>0x128</size>
         <input_file_ref idref="fl-4"/>
      </object_component>
      <object_component id="oc-e9">
         <name>.debug_info</name>
         <load_address>0x3ebf</load_address>
         <run_address>0x3ebf</run_address>
         <size>0x191</size>
         <input_file_ref idref="fl-4"/>
      </object_component>
      <object_component id="oc-f3">
         <name>.debug_info</name>
         <load_address>0x4050</load_address>
         <run_address>0x4050</run_address>
         <size>0xe1</size>
         <input_file_ref idref="fl-3b"/>
      </object_component>
      <object_component id="oc-f6">
         <name>.debug_info</name>
         <load_address>0x4131</load_address>
         <run_address>0x4131</run_address>
         <size>0x2ba</size>
         <input_file_ref idref="fl-4e"/>
      </object_component>
      <object_component id="oc-f8">
         <name>.debug_info</name>
         <load_address>0x43eb</load_address>
         <run_address>0x43eb</run_address>
         <size>0x137</size>
         <input_file_ref idref="fl-3"/>
      </object_component>
      <object_component id="oc-fd">
         <name>.debug_info</name>
         <load_address>0x4522</load_address>
         <run_address>0x4522</run_address>
         <size>0x119</size>
         <input_file_ref idref="fl-5"/>
      </object_component>
      <object_component id="oc-105">
         <name>.debug_info</name>
         <load_address>0x463b</load_address>
         <run_address>0x463b</run_address>
         <size>0x14c</size>
         <input_file_ref idref="fl-2"/>
      </object_component>
      <object_component id="oc-10a">
         <name>.debug_info</name>
         <load_address>0x4787</load_address>
         <run_address>0x4787</run_address>
         <size>0x19f</size>
         <input_file_ref idref="fl-5"/>
      </object_component>
      <object_component id="oc-111">
         <name>.debug_info</name>
         <load_address>0x4926</load_address>
         <run_address>0x4926</run_address>
         <size>0x22c</size>
         <input_file_ref idref="fl-5"/>
      </object_component>
      <object_component id="oc-11a">
         <name>.debug_info</name>
         <load_address>0x4b52</load_address>
         <run_address>0x4b52</run_address>
         <size>0x1aa</size>
         <input_file_ref idref="fl-3"/>
      </object_component>
      <object_component id="oc-11f">
         <name>.debug_info</name>
         <load_address>0x4cfc</load_address>
         <run_address>0x4cfc</run_address>
         <size>0x17c</size>
         <input_file_ref idref="fl-2"/>
      </object_component>
      <object_component id="oc-125">
         <name>.debug_info</name>
         <load_address>0x4e78</load_address>
         <run_address>0x4e78</run_address>
         <size>0x133</size>
         <input_file_ref idref="fl-5"/>
      </object_component>
      <object_component id="oc-12b">
         <name>.debug_info</name>
         <load_address>0x4fab</load_address>
         <run_address>0x4fab</run_address>
         <size>0x1b4</size>
         <input_file_ref idref="fl-3"/>
      </object_component>
      <object_component id="oc-130">
         <name>.debug_info</name>
         <load_address>0x515f</load_address>
         <run_address>0x515f</run_address>
         <size>0x1d7</size>
         <input_file_ref idref="fl-5"/>
      </object_component>
      <object_component id="oc-135">
         <name>.debug_info</name>
         <load_address>0x5336</load_address>
         <run_address>0x5336</run_address>
         <size>0xe9</size>
         <input_file_ref idref="fl-2"/>
      </object_component>
      <object_component id="oc-13a">
         <name>.debug_info</name>
         <load_address>0x541f</load_address>
         <run_address>0x541f</run_address>
         <size>0x17a</size>
         <input_file_ref idref="fl-2"/>
      </object_component>
      <object_component id="oc-140">
         <name>.debug_info</name>
         <load_address>0x5599</load_address>
         <run_address>0x5599</run_address>
         <size>0xc8</size>
         <input_file_ref idref="fl-4c"/>
      </object_component>
      <object_component id="oc-142">
         <name>.debug_info</name>
         <load_address>0x5661</load_address>
         <run_address>0x5661</run_address>
         <size>0x245</size>
         <input_file_ref idref="fl-33"/>
      </object_component>
      <object_component id="oc-149">
         <name>.debug_info</name>
         <load_address>0x58a6</load_address>
         <run_address>0x58a6</run_address>
         <size>0xcc</size>
         <input_file_ref idref="fl-3c"/>
      </object_component>
      <object_component id="oc-14c">
         <name>.debug_info</name>
         <load_address>0x5972</load_address>
         <run_address>0x5972</run_address>
         <size>0x1aa</size>
         <input_file_ref idref="fl-3c"/>
      </object_component>
      <object_component id="oc-14e">
         <name>.debug_info</name>
         <load_address>0x5b1c</load_address>
         <run_address>0x5b1c</run_address>
         <size>0x127</size>
         <input_file_ref idref="fl-46"/>
      </object_component>
      <object_component id="oc-14f">
         <name>.debug_info</name>
         <load_address>0x5c43</load_address>
         <run_address>0x5c43</run_address>
         <size>0x2c</size>
         <input_file_ref idref="fl-36"/>
      </object_component>
      <object_component id="oc-154">
         <name>.debug_info</name>
         <load_address>0x5c6f</load_address>
         <run_address>0x5c6f</run_address>
         <size>0x2c</size>
         <input_file_ref idref="fl-34"/>
      </object_component>
      <object_component id="oc-161">
         <name>.debug_info</name>
         <load_address>0x5c9b</load_address>
         <run_address>0x5c9b</run_address>
         <size>0x15d</size>
         <input_file_ref idref="fl-2"/>
      </object_component>
      <object_component id="oc-163">
         <name>.debug_info</name>
         <load_address>0x5df8</load_address>
         <run_address>0x5df8</run_address>
         <size>0x175</size>
         <input_file_ref idref="fl-4"/>
      </object_component>
      <object_component id="oc-168">
         <name>.debug_info</name>
         <load_address>0x5f6d</load_address>
         <run_address>0x5f6d</run_address>
         <size>0x176</size>
         <input_file_ref idref="fl-4"/>
      </object_component>
      <object_component id="oc-16d">
         <name>.debug_info</name>
         <load_address>0x60e3</load_address>
         <run_address>0x60e3</run_address>
         <size>0x260</size>
         <input_file_ref idref="fl-3a"/>
      </object_component>
      <object_component id="oc-171">
         <name>.debug_info</name>
         <load_address>0x6343</load_address>
         <run_address>0x6343</run_address>
         <size>0x1df</size>
         <input_file_ref idref="fl-3a"/>
      </object_component>
      <object_component id="oc-174">
         <name>.debug_info</name>
         <load_address>0x6522</load_address>
         <run_address>0x6522</run_address>
         <size>0x18d</size>
         <input_file_ref idref="fl-2"/>
      </object_component>
      <object_component id="oc-17b">
         <name>.debug_info</name>
         <load_address>0x66af</load_address>
         <run_address>0x66af</run_address>
         <size>0x160</size>
         <input_file_ref idref="fl-2"/>
      </object_component>
      <object_component id="oc-187">
         <name>.debug_info</name>
         <load_address>0x680f</load_address>
         <run_address>0x680f</run_address>
         <size>0x6f</size>
         <input_file_ref idref="fl-47"/>
      </object_component>
      <object_component id="oc-18e">
         <name>.debug_info</name>
         <load_address>0x687e</load_address>
         <run_address>0x687e</run_address>
         <size>0x119</size>
         <input_file_ref idref="fl-5"/>
      </object_component>
      <object_component id="oc-193">
         <name>.debug_info</name>
         <load_address>0x6997</load_address>
         <run_address>0x6997</run_address>
         <size>0x18b</size>
         <input_file_ref idref="fl-2"/>
      </object_component>
      <object_component id="oc-198">
         <name>.debug_info</name>
         <load_address>0x6b22</load_address>
         <run_address>0x6b22</run_address>
         <size>0x7b</size>
         <input_file_ref idref="fl-2"/>
      </object_component>
      <object_component id="oc-19e">
         <name>.debug_info</name>
         <load_address>0x6b9d</load_address>
         <run_address>0x6b9d</run_address>
         <size>0x19e</size>
         <input_file_ref idref="fl-4"/>
      </object_component>
      <object_component id="oc-1a3">
         <name>.debug_info</name>
         <load_address>0x6d3b</load_address>
         <run_address>0x6d3b</run_address>
         <size>0xc5f</size>
         <input_file_ref idref="fl-2"/>
      </object_component>
      <object_component id="oc-1b7">
         <name>.debug_info</name>
         <load_address>0x799a</load_address>
         <run_address>0x799a</run_address>
         <size>0x19a</size>
         <input_file_ref idref="fl-4"/>
      </object_component>
      <object_component id="oc-1bc">
         <name>.debug_info</name>
         <load_address>0x7b34</load_address>
         <run_address>0x7b34</run_address>
         <size>0x10e</size>
         <input_file_ref idref="fl-2"/>
      </object_component>
      <object_component id="oc-1ca">
         <name>.debug_info</name>
         <load_address>0x7c42</load_address>
         <run_address>0x7c42</run_address>
         <size>0x39</size>
         <input_file_ref idref="fl-4e"/>
      </object_component>
      <object_component id="oc-1d7">
         <name>.debug_info</name>
         <load_address>0x7c7b</load_address>
         <run_address>0x7c7b</run_address>
         <size>0x10b</size>
         <input_file_ref idref="fl-2"/>
      </object_component>
      <object_component id="oc-1e7">
         <name>.debug_info</name>
         <load_address>0x7d86</load_address>
         <run_address>0x7d86</run_address>
         <size>0x111</size>
         <input_file_ref idref="fl-5"/>
      </object_component>
      <object_component id="oc-1ec">
         <name>.debug_info</name>
         <load_address>0x7e97</load_address>
         <run_address>0x7e97</run_address>
         <size>0x111</size>
         <input_file_ref idref="fl-5"/>
      </object_component>
      <object_component id="oc-1f7">
         <name>.debug_info</name>
         <load_address>0x7fa8</load_address>
         <run_address>0x7fa8</run_address>
         <size>0x15e</size>
         <input_file_ref idref="fl-2"/>
      </object_component>
      <object_component id="oc-200">
         <name>.debug_info</name>
         <load_address>0x8106</load_address>
         <run_address>0x8106</run_address>
         <size>0x122</size>
         <input_file_ref idref="fl-3"/>
      </object_component>
      <object_component id="oc-208">
         <name>.debug_info</name>
         <load_address>0x8228</load_address>
         <run_address>0x8228</run_address>
         <size>0xd4</size>
         <input_file_ref idref="fl-49"/>
      </object_component>
      <object_component id="oc-20f">
         <name>.debug_info</name>
         <load_address>0x82fc</load_address>
         <run_address>0x82fc</run_address>
         <size>0x28</size>
         <input_file_ref idref="fl-5"/>
      </object_component>
      <object_component id="oc-214">
         <name>.debug_info</name>
         <load_address>0x8324</load_address>
         <run_address>0x8324</run_address>
         <size>0xd8</size>
         <input_file_ref idref="fl-4c"/>
      </object_component>
      <object_component id="oc-21a">
         <name>.debug_info</name>
         <load_address>0x83fc</load_address>
         <run_address>0x83fc</run_address>
         <size>0x10d</size>
         <input_file_ref idref="fl-4c"/>
      </object_component>
      <object_component id="oc-225">
         <name>.debug_info</name>
         <load_address>0x8509</load_address>
         <run_address>0x8509</run_address>
         <size>0x124</size>
         <input_file_ref idref="fl-4"/>
      </object_component>
      <object_component id="oc-22d">
         <name>.debug_info</name>
         <load_address>0x862d</load_address>
         <run_address>0x862d</run_address>
         <size>0x2c</size>
         <input_file_ref idref="fl-3a"/>
      </object_component>
      <object_component id="oc-232">
         <name>.debug_info</name>
         <load_address>0x8659</load_address>
         <run_address>0x8659</run_address>
         <size>0xa3</size>
         <input_file_ref idref="fl-3a"/>
      </object_component>
      <object_component id="oc-237">
         <name>.debug_info</name>
         <load_address>0x86fc</load_address>
         <run_address>0x86fc</run_address>
         <size>0x46</size>
         <input_file_ref idref="fl-3a"/>
      </object_component>
      <object_component id="oc-23d">
         <name>.debug_info</name>
         <load_address>0x8742</load_address>
         <run_address>0x8742</run_address>
         <size>0x20e</size>
         <input_file_ref idref="fl-3a"/>
      </object_component>
      <object_component id="oc-243">
         <name>.debug_info</name>
         <load_address>0x8950</load_address>
         <run_address>0x8950</run_address>
         <size>0x11c</size>
         <input_file_ref idref="fl-2"/>
      </object_component>
      <object_component id="oc-248">
         <name>.debug_info</name>
         <load_address>0x8a6c</load_address>
         <run_address>0x8a6c</run_address>
         <size>0x16d</size>
         <input_file_ref idref="fl-2"/>
      </object_component>
      <object_component id="oc-24e">
         <name>.debug_info</name>
         <load_address>0x8bd9</load_address>
         <run_address>0x8bd9</run_address>
         <size>0x2c</size>
         <input_file_ref idref="fl-47"/>
      </object_component>
      <object_component id="oc-254">
         <name>.debug_info</name>
         <load_address>0x8c05</load_address>
         <run_address>0x8c05</run_address>
         <size>0x17a</size>
         <input_file_ref idref="fl-4"/>
      </object_component>
      <object_component id="oc-25f">
         <name>.debug_info</name>
         <load_address>0x8d7f</load_address>
         <run_address>0x8d7f</run_address>
         <size>0xfd</size>
         <input_file_ref idref="fl-2"/>
      </object_component>
      <object_component id="oc-264">
         <name>.debug_info</name>
         <load_address>0x8e7c</load_address>
         <run_address>0x8e7c</run_address>
         <size>0x14d</size>
         <input_file_ref idref="fl-2"/>
      </object_component>
      <object_component id="oc-269">
         <name>.debug_info</name>
         <load_address>0x8fc9</load_address>
         <run_address>0x8fc9</run_address>
         <size>0x147</size>
         <input_file_ref idref="fl-2"/>
      </object_component>
      <object_component id="oc-26d">
         <name>.debug_info</name>
         <load_address>0x9110</load_address>
         <run_address>0x9110</run_address>
         <size>0x102</size>
         <input_file_ref idref="fl-5"/>
      </object_component>
      <object_component id="oc-272">
         <name>.debug_info</name>
         <load_address>0x9212</load_address>
         <run_address>0x9212</run_address>
         <size>0x159</size>
         <input_file_ref idref="fl-5"/>
      </object_component>
      <object_component id="oc-279">
         <name>.debug_info</name>
         <load_address>0x936b</load_address>
         <run_address>0x936b</run_address>
         <size>0x152</size>
         <input_file_ref idref="fl-5"/>
      </object_component>
      <object_component id="oc-280">
         <name>.debug_info</name>
         <load_address>0x94bd</load_address>
         <run_address>0x94bd</run_address>
         <size>0x102</size>
         <input_file_ref idref="fl-5"/>
      </object_component>
      <object_component id="oc-285">
         <name>.debug_info</name>
         <load_address>0x95bf</load_address>
         <run_address>0x95bf</run_address>
         <size>0x159</size>
         <input_file_ref idref="fl-5"/>
      </object_component>
      <object_component id="oc-28c">
         <name>.debug_info</name>
         <load_address>0x9718</load_address>
         <run_address>0x9718</run_address>
         <size>0x152</size>
         <input_file_ref idref="fl-5"/>
      </object_component>
      <object_component id="oc-29b">
         <name>.debug_info</name>
         <load_address>0x986a</load_address>
         <run_address>0x986a</run_address>
         <size>0x116</size>
         <input_file_ref idref="fl-4"/>
      </object_component>
      <object_component id="oc-2a0">
         <name>.debug_info</name>
         <load_address>0x9980</load_address>
         <run_address>0x9980</run_address>
         <size>0x169</size>
         <input_file_ref idref="fl-4"/>
      </object_component>
      <object_component id="oc-2a4">
         <name>.debug_info</name>
         <load_address>0x9ae9</load_address>
         <run_address>0x9ae9</run_address>
         <size>0x174</size>
         <input_file_ref idref="fl-47"/>
      </object_component>
      <object_component id="oc-2aa">
         <name>.debug_info</name>
         <load_address>0x9c5d</load_address>
         <run_address>0x9c5d</run_address>
         <size>0x125</size>
         <input_file_ref idref="fl-3a"/>
      </object_component>
      <object_component id="oc-2af">
         <name>.debug_info</name>
         <load_address>0x9d82</load_address>
         <run_address>0x9d82</run_address>
         <size>0xd2</size>
         <input_file_ref idref="fl-3a"/>
      </object_component>
      <object_component id="oc-2b2">
         <name>.debug_info</name>
         <load_address>0x9e54</load_address>
         <run_address>0x9e54</run_address>
         <size>0x10e</size>
         <input_file_ref idref="fl-2"/>
      </object_component>
      <object_component id="oc-2b7">
         <name>.debug_info</name>
         <load_address>0x9f62</load_address>
         <run_address>0x9f62</run_address>
         <size>0x165</size>
         <input_file_ref idref="fl-2"/>
      </object_component>
      <object_component id="oc-2be">
         <name>.debug_info</name>
         <load_address>0xa0c7</load_address>
         <run_address>0xa0c7</run_address>
         <size>0x102</size>
         <input_file_ref idref="fl-4b"/>
      </object_component>
      <object_component id="oc-2c3">
         <name>.debug_info</name>
         <load_address>0xa1c9</load_address>
         <run_address>0xa1c9</run_address>
         <size>0x102</size>
         <input_file_ref idref="fl-2"/>
      </object_component>
      <object_component id="oc-2c9">
         <name>.debug_info</name>
         <load_address>0xa2cb</load_address>
         <run_address>0xa2cb</run_address>
         <size>0x119</size>
         <input_file_ref idref="fl-37"/>
      </object_component>
      <object_component id="oc-2d0">
         <name>.debug_info</name>
         <load_address>0xa3e4</load_address>
         <run_address>0xa3e4</run_address>
         <size>0x107</size>
         <input_file_ref idref="fl-5"/>
      </object_component>
      <object_component id="oc-2d5">
         <name>.debug_info</name>
         <load_address>0xa4eb</load_address>
         <run_address>0xa4eb</run_address>
         <size>0x107</size>
         <input_file_ref idref="fl-5"/>
      </object_component>
      <object_component id="oc-2da">
         <name>.debug_info</name>
         <load_address>0xa5f2</load_address>
         <run_address>0xa5f2</run_address>
         <size>0x11b</size>
         <input_file_ref idref="fl-4"/>
      </object_component>
      <object_component id="oc-2e1">
         <name>.debug_info</name>
         <load_address>0xa70d</load_address>
         <run_address>0xa70d</run_address>
         <size>0xb3</size>
         <input_file_ref idref="fl-47"/>
      </object_component>
      <object_component id="oc-2e4">
         <name>.debug_info</name>
         <load_address>0xa7c0</load_address>
         <run_address>0xa7c0</run_address>
         <size>0xe5</size>
         <input_file_ref idref="fl-47"/>
      </object_component>
      <object_component id="oc-2ed">
         <name>.debug_info</name>
         <load_address>0xa8a5</load_address>
         <run_address>0xa8a5</run_address>
         <size>0x183</size>
         <input_file_ref idref="fl-3a"/>
      </object_component>
      <object_component id="oc-2f4">
         <name>.debug_info</name>
         <load_address>0xaa28</load_address>
         <run_address>0xaa28</run_address>
         <size>0x113</size>
         <input_file_ref idref="fl-2"/>
      </object_component>
      <object_component id="oc-2f9">
         <name>.debug_info</name>
         <load_address>0xab3b</load_address>
         <run_address>0xab3b</run_address>
         <size>0xf4</size>
         <input_file_ref idref="fl-4b"/>
      </object_component>
      <object_component id="oc-2fe">
         <name>.debug_info</name>
         <load_address>0xac2f</load_address>
         <run_address>0xac2f</run_address>
         <size>0x142</size>
         <input_file_ref idref="fl-4b"/>
      </object_component>
      <object_component id="oc-303">
         <name>.debug_info</name>
         <load_address>0xad71</load_address>
         <run_address>0xad71</run_address>
         <size>0x127</size>
         <input_file_ref idref="fl-4b"/>
      </object_component>
      <object_component id="oc-306">
         <name>.debug_info</name>
         <load_address>0xae98</load_address>
         <run_address>0xae98</run_address>
         <size>0x6a4</size>
         <input_file_ref idref="fl-4b"/>
      </object_component>
      <object_component id="oc-309">
         <name>.debug_info</name>
         <load_address>0xb53c</load_address>
         <run_address>0xb53c</run_address>
         <size>0x155</size>
         <input_file_ref idref="fl-47"/>
      </object_component>
      <object_component id="oc-30d">
         <name>.debug_info</name>
         <load_address>0xb691</load_address>
         <run_address>0xb691</run_address>
         <size>0x123</size>
         <input_file_ref idref="fl-37"/>
      </object_component>
      <object_component id="oc-318">
         <name>.debug_info</name>
         <load_address>0xb7b4</load_address>
         <run_address>0xb7b4</run_address>
         <size>0x108</size>
         <input_file_ref idref="fl-4b"/>
      </object_component>
      <object_component id="oc-31d">
         <name>.debug_info</name>
         <load_address>0xb8bc</load_address>
         <run_address>0xb8bc</run_address>
         <size>0xf9</size>
         <input_file_ref idref="fl-4b"/>
      </object_component>
      <object_component id="oc-322">
         <name>.debug_info</name>
         <load_address>0xb9b5</load_address>
         <run_address>0xb9b5</run_address>
         <size>0xd0</size>
         <input_file_ref idref="fl-4b"/>
      </object_component>
      <object_component id="oc-327">
         <name>.debug_info</name>
         <load_address>0xba85</load_address>
         <run_address>0xba85</run_address>
         <size>0x582</size>
         <input_file_ref idref="fl-4b"/>
      </object_component>
      <object_component id="oc-330">
         <name>.debug_info</name>
         <load_address>0xc007</load_address>
         <run_address>0xc007</run_address>
         <size>0x2c</size>
         <input_file_ref idref="fl-4b"/>
      </object_component>
      <object_component id="oc-335">
         <name>.debug_info</name>
         <load_address>0xc033</load_address>
         <run_address>0xc033</run_address>
         <size>0xec</size>
         <input_file_ref idref="fl-4b"/>
      </object_component>
      <object_component id="oc-340">
         <name>.debug_info</name>
         <load_address>0xc11f</load_address>
         <run_address>0xc11f</run_address>
         <size>0xfa</size>
         <input_file_ref idref="fl-4b"/>
      </object_component>
      <object_component id="oc-345">
         <name>.debug_info</name>
         <load_address>0xc219</load_address>
         <run_address>0xc219</run_address>
         <size>0x148</size>
         <input_file_ref idref="fl-4b"/>
      </object_component>
      <object_component id="oc-34a">
         <name>.debug_info</name>
         <load_address>0xc361</load_address>
         <run_address>0xc361</run_address>
         <size>0x12d</size>
         <input_file_ref idref="fl-4b"/>
      </object_component>
      <object_component id="oc-34e">
         <name>.debug_info</name>
         <load_address>0xc48e</load_address>
         <run_address>0xc48e</run_address>
         <size>0xd5</size>
         <input_file_ref idref="fl-4b"/>
      </object_component>
      <object_component id="oc-353">
         <name>.debug_info</name>
         <load_address>0xc563</load_address>
         <run_address>0xc563</run_address>
         <size>0xff</size>
         <input_file_ref idref="fl-4b"/>
      </object_component>
      <object_component id="oc-396">
         <name>.debug_info</name>
         <load_address>0xc662</load_address>
         <run_address>0xc662</run_address>
         <size>0xbf</size>
      </object_component>
      <object_component id="oc-3c">
         <name>.debug_line</name>
         <load_address>0x0</load_address>
         <run_address>0x0</run_address>
         <size>0x44</size>
         <input_file_ref idref="fl-33"/>
      </object_component>
      <object_component id="oc-41">
         <name>.debug_line</name>
         <load_address>0x44</load_address>
         <run_address>0x44</run_address>
         <size>0x50</size>
         <input_file_ref idref="fl-34"/>
      </object_component>
      <object_component id="oc-46">
         <name>.debug_line</name>
         <load_address>0x94</load_address>
         <run_address>0x94</run_address>
         <size>0x4d</size>
         <input_file_ref idref="fl-36"/>
      </object_component>
      <object_component id="oc-4a">
         <name>.debug_line</name>
         <load_address>0xe1</load_address>
         <run_address>0xe1</run_address>
         <size>0x49</size>
         <input_file_ref idref="fl-35"/>
      </object_component>
      <object_component id="oc-57">
         <name>.debug_line</name>
         <load_address>0x12a</load_address>
         <run_address>0x12a</run_address>
         <size>0x46</size>
         <input_file_ref idref="fl-5"/>
      </object_component>
      <object_component id="oc-5c">
         <name>.debug_line</name>
         <load_address>0x170</load_address>
         <run_address>0x170</run_address>
         <size>0x3c</size>
         <input_file_ref idref="fl-44"/>
      </object_component>
      <object_component id="oc-61">
         <name>.debug_line</name>
         <load_address>0x1ac</load_address>
         <run_address>0x1ac</run_address>
         <size>0x48</size>
         <input_file_ref idref="fl-2"/>
      </object_component>
      <object_component id="oc-67">
         <name>.debug_line</name>
         <load_address>0x1f4</load_address>
         <run_address>0x1f4</run_address>
         <size>0x5c</size>
         <input_file_ref idref="fl-3"/>
      </object_component>
      <object_component id="oc-6b">
[...]
         <name>_ZN6XbeeS114packet_buffer_E</name>
         <value>0x202</value>
         <object_component_ref idref="oc-160"/>
      </symbol>
      <symbol id="sm-155">
         <name>_ZN6XbeeS17IsEmptyEv</name>
         <value>0xc956</value>
         <object_component_ref idref="oc-11e"/>
      </symbol>
      <symbol id="sm-156">
         <name>_ZN6XbeeS1D0Ev</name>
         <value>0xc8a4</value>
         <object_component_ref idref="oc-268"/>
      </symbol>
      <symbol id="sm-157">
         <name>__sti___11_xbee_s1_cpp_0d336741</name>
         <value>0xc726</value>
         <object_component_ref idref="oc-a6"/>
      </symbol>
      <symbol id="sm-158">
         <name>_ZN10ringbufferIcLi16EE12clear_bufferEv</name>
         <value>0xc83c</value>
         <object_component_ref idref="oc-247"/>
      </symbol>
      <symbol id="sm-159">
         <name>_ZTS10ringbufferIcLi16EE</name>
         <value>0xca7a</value>
         <object_component_ref idref="oc-2f3"/>
      </symbol>
      <symbol id="sm-15a">
         <name>_ZN6XbeeS1D1Ev</name>
         <value>0xc9fa</value>
         <object_component_ref idref="oc-263"/>
      </symbol>
      <symbol id="sm-15b">
         <name>_ZN10ringbufferIcLi16EED0Ev</name>
         <value>0xc856</value>
         <object_component_ref idref="oc-2b6"/>
      </symbol>
      <symbol id="sm-15c">
         <name>_ZN10ringbufferIcLi16EEC1Ev</name>
         <value>0xc8f0</value>
         <object_component_ref idref="oc-173"/>
      </symbol>
      <symbol id="sm-15d">
         <name>_ZN6XbeeS1C1Ev</name>
         <value>0xc43a</value>
         <object_component_ref idref="oc-104"/>
      </symbol>
      <symbol id="sm-15e">
         <name>_ZN6XbeeS116software_serial_E</name>
         <value>0x200</value>
         <object_component_ref idref="oc-160"/>
      </symbol>
      <symbol id="sm-15f">
         <name>_ZN10ringbufferIcLi16EED1Ev</name>
         <value>0xc9e6</value>
         <object_component_ref idref="oc-17a"/>
      </symbol>
      <symbol id="sm-160">
         <name>_ZN10ringbufferIcLi16EE5emptyEv</name>
         <value>0xc8d8</value>
         <object_component_ref idref="oc-1f6"/>
      </symbol>
      <symbol id="sm-161">
         <name>_ZN6XbeeS19Timer0_A0Ev</name>
         <value>0xc88a</value>
         <object_component_ref idref="oc-5e"/>
      </symbol>
      <symbol id="sm-162">
         <name>_ZTI6XbeeS1</name>
         <value>0xcb28</value>
         <object_component_ref idref="oc-25e"/>
      </symbol>
      <symbol id="sm-163">
         <name>_ZN6XbeeS111GetRXPacketEv</name>
         <value>0xc000</value>
         <object_component_ref idref="oc-be"/>
      </symbol>
      <symbol id="sm-18e">
         <name>millis_counter_</name>
         <value>0x23e</value>
      </symbol>
      <symbol id="sm-18f">
         <name>millis_cronometer_</name>
         <value>0x240</value>
      </symbol>
      <symbol id="sm-190">
         <name>seconds_counter_</name>
         <value>0x22e</value>
      </symbol>
      <symbol id="sm-191">
         <name>start_cronometer_</name>
         <value>0x255</value>
      </symbol>
      <symbol id="sm-192">
         <name>start_tx_cronometer_</name>
         <value>0x256</value>
      </symbol>
      <symbol id="sm-193">
         <name>tx_cronometer_</name>
         <value>0x246</value>
      </symbol>
      <symbol id="sm-194">
         <name>tx_timeout_</name>
         <value>0x248</value>
      </symbol>
      <symbol id="sm-195">
         <name>__TI_int10</name>
         <value>0xfff4</value>
         <object_component_ref idref="oc-35"/>
      </symbol>
      <symbol id="sm-196">
         <name>_Z9wdt_timerv</name>
         <value>0xc638</value>
         <object_component_ref idref="oc-63"/>
      </symbol>
      <symbol id="sm-197">
         <name>_Z19InitializeClockTimev</name>
         <value>0xc7ac</value>
         <object_component_ref idref="oc-f7"/>
      </symbol>
      <symbol id="sm-198">
         <name>_Z19QuaterMillisElapsedi</name>
         <value>0xc5f6</value>
         <object_component_ref idref="oc-118"/>
      </symbol>
      <symbol id="sm-199">
         <name>_Z9BeginTestv</name>
         <value>0xc99c</value>
         <object_component_ref idref="oc-1ff"/>
      </symbol>
      <symbol id="sm-19a">
         <name>_Z14SecondsElapsedi</name>
         <value>0xc56e</value>
         <object_component_ref idref="oc-129"/>
      </symbol>
      <symbol id="sm-204">
         <name>_ZN14SoftwareSerial14tx_char_bufferE</name>
         <value>0x232</value>
      </symbol>
      <symbol id="sm-205">
         <name>_ZN14SoftwareSerial7IsEmptyEv</name>
         <value>0xc944</value>
         <object_component_ref idref="oc-1b6"/>
      </symbol>
      <symbol id="sm-206">
         <name>_ZN14SoftwareSerial12ring_buffer_E</name>
         <value>0x218</value>
         <object_component_ref idref="oc-e6"/>
      </symbol>
      <symbol id="sm-207">
         <name>_ZTV14SoftwareSerial</name>
         <value>0xcaec</value>
         <object_component_ref idref="oc-224"/>
      </symbol>
      <symbol id="sm-208">
         <name>_ZN14SoftwareSerial11Timer_A1_TXEv</name>
         <value>0xc522</value>
         <object_component_ref idref="oc-68"/>
      </symbol>
      <symbol id="sm-209">
         <name>__TI_int12</name>
         <value>0xfff8</value>
         <object_component_ref idref="oc-37"/>
      </symbol>
      <symbol id="sm-20a">
         <name>__TI_int13</name>
         <value>0xfffa</value>
         <object_component_ref idref="oc-38"/>
      </symbol>
      <symbol id="sm-20b">
         <name>_ZTI14SoftwareSerial</name>
         <value>0xcb24</value>
         <object_component_ref idref="oc-29a"/>
      </symbol>
      <symbol id="sm-20c">
         <name>_ZN14SoftwareSerial7ReceiveEv</name>
         <value>0xc908</value>
         <object_component_ref idref="oc-19d"/>
      </symbol>
      <symbol id="sm-20d">
         <name>_ZN14SoftwareSerial11Timer_A0_RXEv</name>
         <value>0xc2b6</value>
         <object_component_ref idref="oc-6d"/>
      </symbol>
      <symbol id="sm-20e">
         <name>_ZN10ringbufferIcLi16EE9pop_frontEv</name>
         <value>0xc678</value>
         <object_component_ref idref="oc-253"/>
      </symbol>
      <symbol id="sm-20f">
         <name>_ZN14SoftwareSerialC1Ev</name>
         <value>0xc6f0</value>
         <object_component_ref idref="oc-162"/>
      </symbol>
      <symbol id="sm-210">
         <name>_ZTS14SoftwareSerial</name>
         <value>0xca90</value>
         <object_component_ref idref="oc-2d9"/>
      </symbol>
      <symbol id="sm-211">
         <name>_ZN14SoftwareSerialD0Ev</name>
         <value>0xc870</value>
         <object_component_ref idref="oc-29f"/>
      </symbol>
      <symbol id="sm-212">
         <name>_ZN10ringbufferIcLi16EE9push_backEc</name>
         <value>0xc5b2</value>
         <object_component_ref idref="oc-e8"/>
      </symbol>
      <symbol id="sm-213">
         <name>__sti___19_software_serial_cpp_1ac42f9a</name>
         <value>0xc8be</value>
         <object_component_ref idref="oc-ab"/>
      </symbol>
      <symbol id="sm-214">
         <name>_ZN14SoftwareSerialD1Ev</name>
         <value>0xc9f0</value>
         <object_component_ref idref="oc-167"/>
      </symbol>
      <symbol id="sm-290">
         <name>startT</name>
         <value>0x254</value>
      </symbol>
      <symbol id="sm-291">
         <name>btnpress</name>
         <value>0x253</value>
      </symbol>
      <symbol id="sm-292">
         <name>_ZN10Xbee16AddrD0Ev</name>
         <value>0xc808</value>
         <object_component_ref idref="oc-278"/>
      </symbol>
      <symbol id="sm-293">
         <name>__TI_int02</name>
         <value>0xffe4</value>
         <object_component_ref idref="oc-2e"/>
      </symbol>
      <symbol id="sm-294">
         <name>_Z9startTestv</name>
         <value>0xc9b4</value>
         <object_component_ref idref="oc-124"/>
      </symbol>
      <symbol id="sm-295">
         <name>_ZTV10Xbee64Addr</name>
         <value>0xcadc</value>
         <object_component_ref idref="oc-1eb"/>
      </symbol>
      <symbol id="sm-296">
         <name>_ZN10Xbee16AddrD1Ev</name>
         <value>0xc9be</value>
         <object_component_ref idref="oc-271"/>
      </symbol>
      <symbol id="sm-297">
         <name>_Z6Port_1v</name>
         <value>0xc9aa</value>
         <object_component_ref idref="oc-55"/>
      </symbol>
      <symbol id="sm-298">
         <name>_ZN10Xbee64AddrD0Ev</name>
         <value>0xc822</value>
         <object_component_ref idref="oc-28b"/>
      </symbol>
      <symbol id="sm-299">
         <name>main</name>
         <value>0xc0ce</value>
         <object_component_ref idref="oc-7c"/>
      </symbol>
      <symbol id="sm-29a">
         <name>_ZN10Xbee16AddrC1Ehh</name>
         <value>0xc758</value>
         <object_component_ref idref="oc-109"/>
      </symbol>
      <symbol id="sm-29b">
         <name>_ZTV10Xbee16Addr</name>
         <value>0xcad4</value>
         <object_component_ref idref="oc-1e6"/>
      </symbol>
      <symbol id="sm-29c">
         <name>_ZTI10Xbee64Addr</name>
         <value>0xcb1c</value>
         <object_component_ref idref="oc-27f"/>
      </symbol>
      <symbol id="sm-29d">
         <name>_ZTS10Xbee64Addr</name>
         <value>0xcab0</value>
         <object_component_ref idref="oc-2d4"/>
      </symbol>
      <symbol id="sm-29e">
         <name>_ZN10Xbee64AddrD1Ev</name>
         <value>0xc9c8</value>
         <object_component_ref idref="oc-284"/>
      </symbol>
      <symbol id="sm-29f">
         <name>_ZTI10Xbee16Addr</name>
         <value>0xcb18</value>
         <object_component_ref idref="oc-26c"/>
      </symbol>
      <symbol id="sm-2a0">
         <name>_ZTS10Xbee16Addr</name>
         <value>0xcaa2</value>
         <object_component_ref idref="oc-2cf"/>
      </symbol>
      <symbol id="sm-2a1">
         <name>_Z8initPinsv</name>
         <value>0xc7d0</value>
         <object_component_ref idref="oc-fc"/>
      </symbol>
      <symbol id="sm-2a2">
         <name>_ZN10Xbee64AddrC1Ehhhhhhhh</name>
         <value>0xc31c</value>
         <object_component_ref idref="oc-110"/>
      </symbol>
      <symbol id="sm-2b8">
         <name>__TI_cleanup_ptr</name>
         <value>0x236</value>
      </symbol>
      <symbol id="sm-2b9">
         <name>__TI_dtors_ptr</name>
         <value>0x238</value>
      </symbol>
      <symbol id="sm-2ba">
         <name>_c_int00</name>
         <value>0xc7ec</value>
         <object_component_ref idref="oc-3a"/>
      </symbol>
      <symbol id="sm-2bb">
         <name>_stack</name>
         <value>0x3b0</value>
         <object_component_ref idref="oc-50"/>
      </symbol>
      <symbol id="sm-2bc">
         <name>_c_int00_noargs</name>
         <value>0xc7ec</value>
         <object_component_ref idref="oc-3a"/>
      </symbol>
      <symbol id="sm-2bd">
         <name>_reset_vector</name>
         <value>0xfffe</value>
         <object_component_ref idref="oc-52"/>
      </symbol>
      <symbol id="sm-2d2">
         <name>__TI_decompress_none</name>
         <value>0xc968</value>
         <object_component_ref idref="oc-3f"/>
      </symbol>
      <symbol id="sm-2f2">
         <name>__TI_decompress_rle24</name>
         <value>0xca1a</value>
         <object_component_ref idref="oc-49"/>
      </symbol>
      <symbol id="sm-309">
         <name>__TI_zero_init</name>
         <value>0xc91c</value>
         <object_component_ref idref="oc-44"/>
      </symbol>
      <symbol id="sm-315">
         <name>_ZdlPv</name>
         <value>0xca04</value>
         <object_component_ref idref="oc-2c8"/>
      </symbol>
      <symbol id="sm-351">
         <name>__dso_handle</name>
         <value>0x23a</value>
      </symbol>
      <symbol id="sm-352">
         <name>__cxa_atexit</name>
         <value>0xca20</value>
         <object_component_ref idref="oc-16e"/>
      </symbol>
      <symbol id="sm-353">
         <name>__cxa_finalize</name>
         <value>0xc488</value>
         <object_component_ref idref="oc-2eb"/>
      </symbol>
      <symbol id="sm-354">
         <name>__cxa_ia64_exit</name>
         <value>0xca14</value>
         <object_component_ref idref="oc-2a8"/>
      </symbol>
      <symbol id="sm-35c">
         <name>__mspabi_func_epilog_2</name>
         <value>0xc996</value>
         <object_component_ref idref="oc-f1"/>
      </symbol>
      <symbol id="sm-35d">
         <name>__mspabi_func_epilog_3</name>
         <value>0xc994</value>
         <object_component_ref idref="oc-f1"/>
      </symbol>
      <symbol id="sm-35e">
         <name>__mspabi_func_epilog_1</name>
         <value>0xc998</value>
         <object_component_ref idref="oc-f1"/>
      </symbol>
      <symbol id="sm-35f">
         <name>__mspabi_func_epilog_6</name>
         <value>0xc98e</value>
         <object_component_ref idref="oc-f1"/>
      </symbol>
      <symbol id="sm-360">
         <name>__mspabi_func_epilog_7</name>
         <value>0xc98c</value>
         <object_component_ref idref="oc-f1"/>
      </symbol>
      <symbol id="sm-361">
         <name>__mspabi_func_epilog_4</name>
         <value>0xc992</value>
         <object_component_ref idref="oc-f1"/>
      </symbol>
      <symbol id="sm-362">
         <name>__mspabi_func_epilog_5</name>
         <value>0xc990</value>
         <object_component_ref idref="oc-f1"/>
      </symbol>
      <symbol id="sm-376">
         <name>C$$EXIT</name>
         <value>0xca28</value>
         <object_component_ref idref="oc-146"/>
      </symbol>
      <symbol id="sm-377">
         <name>abort</name>
         <value>0xca28</value>
         <object_component_ref idref="oc-146"/>
      </symbol>
      <symbol id="sm-378">
         <name>exit</name>
         <value>0xc782</value>
         <object_component_ref idref="oc-81"/>
      </symbol>
      <symbol id="sm-37b">
         <name>__TI_int03</name>
         <value>0xffe6</value>
         <object_component_ref idref="oc-2f"/>
      </symbol>
      <symbol id="sm-37e">
         <name>__TI_int05</name>
         <value>0xffea</value>
         <object_component_ref idref="oc-30"/>
      </symbol>
      <symbol id="sm-381">
         <name>__TI_int06</name>
         <value>0xffec</value>
         <object_component_ref idref="oc-31"/>
      </symbol>
      <symbol id="sm-384">
         <name>__TI_int07</name>
         <value>0xffee</value>
         <object_component_ref idref="oc-32"/>
      </symbol>
      <symbol id="sm-387">
         <name>__TI_int08</name>
         <value>0xfff0</value>
         <object_component_ref idref="oc-33"/>
      </symbol>
      <symbol id="sm-38a">
         <name>__TI_int11</name>
         <value>0xfff6</value>
         <object_component_ref idref="oc-36"/>
      </symbol>
      <symbol id="sm-38d">
         <name>__TI_int14</name>
         <value>0xfffc</value>
         <object_component_ref idref="oc-39"/>
      </symbol>
      <symbol id="sm-394">
         <name>__TI_ISR_TRAP</name>
         <value>0xca0e</value>
         <object_component_ref idref="oc-5a"/>
      </symbol>
      <symbol id="sm-3a2">
         <name>memcpy</name>
         <value>0xc97a</value>
         <object_component_ref idref="oc-87"/>
      </symbol>
      <symbol id="sm-3e8">
         <name>_sys_memory</name>
         <value>0x258</value>
         <object_component_ref idref="oc-53"/>
      </symbol>
      <symbol id="sm-3e9">
         <name>free</name>
         <value>0xc236</value>
         <object_component_ref idref="oc-307"/>
      </symbol>
      <symbol id="sm-3ea">
         <name>malloc</name>
         <value>0xc18e</value>
         <object_component_ref idref="oc-2a3"/>
      </symbol>
      <symbol id="sm-3eb">
         <name>minit</name>
         <value>0xc6b8</value>
         <object_component_ref idref="oc-2e2"/>
      </symbol>
      <symbol id="sm-3f5">
         <name>__mspabi_mpyi</name>
         <value>0xc930</value>
         <object_component_ref idref="oc-207"/>
      </symbol>
      <symbol id="sm-3fd">
         <name>_system_pre_init</name>
         <value>0xca24</value>
         <object_component_ref idref="oc-72"/>
      </symbol>
      <symbol id="sm-453">
         <name>_ZTSSt9type_info</name>
         <value>0xcabe</value>
         <object_component_ref idref="oc-34d"/>
      </symbol>
      <symbol id="sm-454">
         <name>_ZN10__cxxabiv117__class_type_infoD1Ev</name>
         <value>0xca2c</value>
         <object_component_ref idref="oc-2fd"/>
      </symbol>
      <symbol id="sm-455">
         <name>_ZTSN10__cxxabiv120__si_class_type_infoE</name>
         <value>0xca32</value>
         <object_component_ref idref="oc-352"/>
      </symbol>
      <symbol id="sm-456">
         <name>_ZTSN10__cxxabiv117__class_type_infoE</name>
         <value>0xca58</value>
         <object_component_ref idref="oc-31c"/>
      </symbol>
      <symbol id="sm-457">
         <name>_ZTVN10__cxxabiv117__class_type_infoE</name>
         <value>0xcafc</value>
         <object_component_ref idref="oc-2bd"/>
      </symbol>
      <symbol id="sm-458">
         <name>_ZTISt9type_info</name>
         <value>0xcb2c</value>
         <object_component_ref idref="oc-321"/>
      </symbol>
      <symbol id="sm-459">
         <name>_ZTIN10__cxxabiv117__class_type_infoE</name>
         <value>0xcb0c</value>
         <object_component_ref idref="oc-2f8"/>
      </symbol>
      <symbol id="sm-45a">
         <name>_ZN10__cxxabiv120__si_class_type_infoD1Ev</name>
         <value>0xca2e</value>
         <object_component_ref idref="oc-344"/>
      </symbol>
      <symbol id="sm-45b">
         <name>_ZTIN10__cxxabiv120__si_class_type_infoE</name>
         <value>0xcb12</value>
         <object_component_ref idref="oc-33f"/>
      </symbol>
      <symbol id="sm-45c">
         <name>_ZN10__cxxabiv117__class_type_infoD0Ev</name>
         <value>0xc9d2</value>
         <object_component_ref idref="oc-302"/>
      </symbol>
      <symbol id="sm-45d">
         <name>_ZTVN10__cxxabiv120__si_class_type_infoE</name>
         <value>0xcb04</value>
         <object_component_ref idref="oc-317"/>
      </symbol>
      <symbol id="sm-45e">
         <name>_ZN10__cxxabiv120__si_class_type_infoD0Ev</name>
         <value>0xc9dc</value>
         <object_component_ref idref="oc-349"/>
      </symbol>
      <symbol id="sm-46d">
         <name>_nop</name>
         <value>0xca30</value>
         <object_component_ref idref="oc-213"/>
      </symbol>
      <symbol id="sm-46e">
         <name>_lock</name>
         <value>0x2a8</value>
         <object_component_ref idref="oc-13f"/>
      </symbol>
      <symbol id="sm-46f">
         <name>_unlock</name>
         <value>0x2aa</value>
         <object_component_ref idref="oc-13f"/>
      </symbol>
      <symbol id="sm-485">
         <name>_auto_init</name>
         <value>0xc3dc</value>
         <object_component_ref idref="oc-77"/>
      </symbol>
      <symbol id="sm-486">
         <name>__TI_exit</name>
         <value>0x1</value>
      </symbol>
      <symbol id="sm-487">
         <name>__TI_args_main</name>
         <value>0x1</value>
      </symbol>
      <symbol id="sm-48a">
         <name>_ZN6XbeeS1C2Ev</name>
         <value>0xc43a</value>
      </symbol>
      <symbol id="sm-48b">
         <name>_ZN6XbeeS1D2Ev</name>
         <value>0xc9fa</value>
      </symbol>
      <symbol id="sm-48c">
         <name>_ZN14SoftwareSerialC2Ev</name>
         <value>0xc6f0</value>
      </symbol>
      <symbol id="sm-48d">
         <name>_ZN14SoftwareSerialD2Ev</name>
         <value>0xc9f0</value>
      </symbol>
      <symbol id="sm-48e">
         <name>_ZN10__cxxabiv117__class_type_infoD2Ev</name>
         <value>0xca2c</value>
      </symbol>
      <symbol id="sm-48f">
         <name>_ZN10__cxxabiv120__si_class_type_infoD2Ev</name>
         <value>0xca2e</value>
      </symbol>
   </symbol_table>
   <title>Link successful</title>
</link_info>
