******************************************************************************
                  MSP430 Linker PC v4.3.1                      
******************************************************************************
>> Linked Thu Mar 05 02:34:44 2015

OUTPUT FILE NAME:   <MSP430-Xbee-SoftwareSerial.out>
ENTRY POINT SYMBOL: "_c_int00"  address: 0000c654


MEMORY CONFIGURATION

         name            origin    length      used     unused   attr    fill
----------------------  --------  ---------  --------  --------  ----  --------
  SFR                   00000000   00000010  00000000  00000010  RWIX
  PERIPHERALS_8BIT      00000010   000000f0  00000000  000000f0  RWIX
  PERIPHERALS_16BIT     00000100   00000100  00000000  00000100  RWIX
  RAM                   00000200   00000200  00000103  000000fd  RWIX
  INFOD                 00001000   00000040  00000000  00000040  RWIX
  INFOC                 00001040   00000040  00000000  00000040  RWIX
  INFOB                 00001080   00000040  00000000  00000040  RWIX
  INFOA                 000010c0   00000040  00000000  00000040  RWIX
  FLASH                 0000c000   00003fe0  00000832  000037ae  RWIX
  INT00                 0000ffe0   00000002  00000000  00000002  RWIX
  INT01                 0000ffe2   00000002  00000000  00000002  RWIX
  INT02                 0000ffe4   00000002  00000002  00000000  RWIX
  INT03                 0000ffe6   00000002  00000002  00000000  RWIX
  INT04                 0000ffe8   00000002  00000000  00000002  RWIX
  INT05                 0000ffea   00000002  00000002  00000000  RWIX
  INT06                 0000ffec   00000002  00000002  00000000  RWIX
  INT07                 0000ffee   00000002  00000002  00000000  RWIX
  INT08                 0000fff0   00000002  00000002  00000000  RWIX
  INT09                 0000fff2   00000002  00000002  00000000  RWIX
  INT10                 0000fff4   00000002  00000002  00000000  RWIX
  INT11                 0000fff6   00000002  00000002  00000000  RWIX
  INT12                 0000fff8   00000002  00000002  00000000  RWIX
  INT13                 0000fffa   00000002  00000002  00000000  RWIX
  INT14                 0000fffc   00000002  00000002  00000000  RWIX
  RESET                 0000fffe   00000002  00000002  00000000  RWIX


SECTION ALLOCATION MAP

 output                                  attributes/
section   page    origin      length       input sections
--------  ----  ----------  ----------   ----------------
.bss       0    00000200    00000057     UNINITIALIZED
                  00000200    00000018     xbee_s1.obj (.bss)
                  00000218    00000016     software_serial.obj (.bss)
                  0000022e    00000004     (.common:seconds_counter_)
                  00000232    00000002     (.common:_ZN14SoftwareSerial14tx_char_bufferE)
                  00000234    00000002     (.common:_ZN6XbeeS113message_size_E)
                  00000236    00000002     (.common:__TI_cleanup_ptr)
                  00000238    00000002     (.common:__TI_dtors_ptr)
                  0000023a    00000002     (.common:__dso_handle)
                  0000023c    00000002     (.common:memsize$10)
                  0000023e    00000002     (.common:millis_counter_)
                  00000240    00000002     (.common:millis_cronometer_)
                  00000242    00000002     (.common:sys_base$10)
                  00000244    00000002     (.common:sys_free$10)
                  00000246    00000002     (.common:tx_cronometer_)
                  00000248    00000002     (.common:tx_timeout_)
                  0000024a    00000001     (.common:_ZN6XbeeS110tx_status_E)
                  0000024b    00000001     (.common:_ZN6XbeeS111data_index_E)
                  0000024c    00000001     (.common:_ZN6XbeeS111is_escaped_E)
                  0000024d    00000001     (.common:_ZN6XbeeS112rx_checksum_E)
                  0000024e    00000001     (.common:_ZN6XbeeS112tx_checksum_E)
                  0000024f    00000001     (.common:_ZN6XbeeS113rx_api_frame_E)
                  00000250    00000001     (.common:_ZN6XbeeS14lsb_E)
                  00000251    00000001     (.common:_ZN6XbeeS14msb_E)
                  00000252    00000001     (.common:_ZN6XbeeS16tx_ok_E)
                  00000253    00000001     (.common:btnpress)
                  00000254    00000001     (.common:startT)
                  00000255    00000001     (.common:start_cronometer_)
                  00000256    00000001     (.common:start_tx_cronometer_)

.TI.noinit 
*          0    00000200    00000000     UNINITIALIZED

.sysmem    0    00000258    00000050     UNINITIALIZED
                  00000258    00000004     rts430_eabi.lib : memory.obj (.sysmem)
                  0000025c    0000004c     --HOLE--

.data      0    000002a8    0000000c     UNINITIALIZED
                  000002a8    00000004     rts430_eabi.lib : _lock.obj (.data)
                  000002ac    00000003     software_serial.obj (.data)
                  000002af    00000001     --HOLE--
                  000002b0    00000002     rts430_eabi.lib : dtor_list.obj (.data)
                  000002b2    00000002                     : memory.obj (.data)

.TI.persistent 
*          0    000002a8    00000000     UNINITIALIZED

.stack     0    000003b0    00000050     UNINITIALIZED
                  000003b0    00000002     rts430_eabi.lib : boot.obj (.stack)
                  000003b2    0000004e     --HOLE--

.text      0    0000c000    00000742     
                  0000c000    000000d0     xbee_s1.obj (.text:_ZN6XbeeS111GetRXPacketEv)
                  0000c0d0    000000c6     main.obj (.text:main)
                  0000c196    000000a8     rts430_eabi.lib : memory.obj (.text:malloc)
                  0000c23e    00000080                     : memory.obj (.text:free)
                  0000c2be    00000070     software_serial.obj (.text:_ZN14SoftwareSerial11Timer_A0_RXEv)
                  0000c32e    0000005e     rts430_eabi.lib : copy_decompress_rle.obj (.text:__TI_decompress_rle_core)
                  0000c38c    0000005e                     : autoinit.obj (.text:_auto_init)
                  0000c3ea    0000004e                     : dtor_list.obj (.text:__cxa_finalize)
                  0000c438    0000004c                     : dtor_list.obj (.text:_Z11__TI_atexitPFYvPvES_S_$8)
                  0000c484    00000044     xbee_s1.obj (.text:_ZN6XbeeS1C1Ev)
                  0000c4c8    00000040     timer.obj (.text:_Z9wdt_timerv)
                  0000c508    00000040     software_serial.obj (.text:_ZN14SoftwareSerial11Timer_A1_TXEv)
                  0000c548    0000003c     xbee_s1.obj (.text:__sti___11_xbee_s1_cpp_0d336741)
                  0000c584    00000038     rts430_eabi.lib : memory.obj (.text:minit)
                  0000c5bc    0000002c     software_serial.obj (.text:_ZN14SoftwareSerialC1Ev)
                  0000c5e8    0000002a     rts430_eabi.lib : exit.obj (.text:exit)
                  0000c612    00000024     software_serial.obj (.text:__sti___19_software_serial_cpp_1ac42f9a)
                  0000c636    0000001e     timer.obj (.text:_Z19QuaterMillisElapsedi)
                  0000c654    0000001c     rts430_eabi.lib : boot.obj (.text:_c_int00_noargs)
                  0000c670    0000001a     xbee_s1.obj (.text:_ZN6XbeeS19Timer0_A0Ev)
                  0000c68a    00000014     rts430_eabi.lib : copy_zero_init.obj (.text:decompress:ZI:__TI_zero_init)
                  0000c69e    00000012                     : copy_decompress_none.obj (.text:decompress:none:__TI_decompress_none)
                  0000c6b0    00000012                     : memcpy.obj (.text:memcpy)
                  0000c6c2    00000010                     : epilog.obj (.text)
                  0000c6d2    0000000a     main.obj (.text:_Z6Port_1v)
                  0000c6dc    0000000a     rts430_eabi.lib : typeinfo_.obj (.text:_ZN10__cxxabiv117__class_type_infoD0Ev)
                  0000c6e6    0000000a                     : typeinfo_.obj (.text:_ZN10__cxxabiv120__si_class_type_infoD0Ev)
                  0000c6f0    0000000a     software_serial.obj (.text:_ZN10ringbufferIcLi16EED0Ev)
                  0000c6fa    0000000a     software_serial.obj (.text:_ZN14SoftwareSerialD0Ev)
                  0000c704    0000000a     xbee_s1.obj (.text:_ZN6XbeeS1D0Ev)
                  0000c70e    0000000a     rts430_eabi.lib : delete.obj (.text:_ZdlPv)
                  0000c718    00000006                     : isr_trap.obj (.text:__TI_ISR_TRAP)
                  0000c71e    00000006                     : dtor_list.obj (.text:__cxa_ia64_exit)
                  0000c724    00000006                     : copy_decompress_rle.obj (.text:decompress:rle24:__TI_decompress_rle24)
                  0000c72a    00000004                     : dtor_list.obj (.text:__cxa_atexit)
                  0000c72e    00000004                     : pre_init.obj (.text:_system_pre_init)
                  0000c732    00000004                     : exit.obj (.text:abort)
                  0000c736    00000002                     : typeinfo_.obj (.text:_ZN10__cxxabiv117__class_type_infoD1Ev)
                  0000c738    00000002                     : typeinfo_.obj (.text:_ZN10__cxxabiv120__si_class_type_infoD1Ev)
                  0000c73a    00000002     software_serial.obj (.text:_ZN10ringbufferIcLi16EED1Ev)
                  0000c73c    00000002     software_serial.obj (.text:_ZN14SoftwareSerialD1Ev)
                  0000c73e    00000002     xbee_s1.obj (.text:_ZN6XbeeS1D1Ev)
                  0000c740    00000002     rts430_eabi.lib : _lock.obj (.text:_nop)

.const     0    0000c742    000000ca     
                  0000c742    00000025     rts430_eabi.lib : typeinfo_.obj (.const:.typeinfo:_ZTSN10__cxxabiv120__si_class_type_infoE)
                  0000c767    00000001     --HOLE-- [fill = 0]
                  0000c768    00000022                     : typeinfo_.obj (.const:.typeinfo:_ZTSN10__cxxabiv117__class_type_infoE)
                  0000c78a    00000015     software_serial.obj (.const:.typeinfo:_ZTS10ringbufferIcLi16EE)
                  0000c79f    00000001     --HOLE-- [fill = 0]
                  0000c7a0    00000011     software_serial.obj (.const:.typeinfo:_ZTS14SoftwareSerial)
                  0000c7b1    00000001     --HOLE-- [fill = 0]
                  0000c7b2    0000000d     rts430_eabi.lib : typeinfo_.obj (.const:.typeinfo:_ZTSSt9type_info)
                  0000c7bf    00000001     --HOLE-- [fill = 0]
                  0000c7c0    00000008     xbee_s1.obj (.const:.typeinfo:_ZTS6XbeeS1)
                  0000c7c8    00000008     software_serial.obj (.const:_ZTV10ringbufferIcLi16EE)
                  0000c7d0    00000008     software_serial.obj (.const:_ZTV14SoftwareSerial)
                  0000c7d8    00000008     xbee_s1.obj (.const:_ZTV6XbeeS1)
                  0000c7e0    00000008     rts430_eabi.lib : typeinfo_.obj (.const:_ZTVN10__cxxabiv117__class_type_infoE)
                  0000c7e8    00000008                     : typeinfo_.obj (.const:_ZTVN10__cxxabiv120__si_class_type_infoE)
                  0000c7f0    00000006                     : typeinfo_.obj (.const:.typeinfo:_ZTIN10__cxxabiv117__class_type_infoE)
                  0000c7f6    00000006                     : typeinfo_.obj (.const:.typeinfo:_ZTIN10__cxxabiv120__si_class_type_infoE)
                  0000c7fc    00000004     software_serial.obj (.const:.typeinfo:_ZTI10ringbufferIcLi16EE)
                  0000c800    00000004     software_serial.obj (.const:.typeinfo:_ZTI14SoftwareSerial)
                  0000c804    00000004     xbee_s1.obj (.const:.typeinfo:_ZTI6XbeeS1)
                  0000c808    00000004     rts430_eabi.lib : typeinfo_.obj (.const:.typeinfo:_ZTISt9type_info)

.init_array 
*          0    0000c80c    00000004     
                  0000c80c    00000004     <whole-program> (.init_array)

.cinit     0    0000c810    00000022     
                  0000c810    00000010     (.cinit..data.load) [load image]
                  0000c820    00000006     (__TI_handler_table)
                  0000c826    00000004     (.cinit..bss.load) [load image, compression = zero_init]
                  0000c82a    00000008     (__TI_cinit_table)

PORT1      0    0000ffe4    00000002     
                  0000ffe4    00000002     <whole-program> (.int02)

PORT2      0    0000ffe6    00000002     
                  0000ffe6    00000002     rts430_eabi.lib : int03.obj (.int03)

ADC10      0    0000ffea    00000002     
                  0000ffea    00000002     rts430_eabi.lib : int05.obj (.int05)

USCIAB0TX 
*          0    0000ffec    00000002     
                  0000ffec    00000002     rts430_eabi.lib : int06.obj (.int06)

USCIAB0RX 
*          0    0000ffee    00000002     
                  0000ffee    00000002     rts430_eabi.lib : int07.obj (.int07)

TIMER0_A1 
*          0    0000fff0    00000002     
                  0000fff0    00000002     rts430_eabi.lib : int08.obj (.int08)

TIMER0_A0 
*          0    0000fff2    00000002     
                  0000fff2    00000002     <whole-program> (.int09)

WDT        0    0000fff4    00000002     
                  0000fff4    00000002     <whole-program> (.int10)

COMPARATORA 
*          0    0000fff6    00000002     
                  0000fff6    00000002     rts430_eabi.lib : int11.obj (.int11)

TIMER1_A1 
*          0    0000fff8    00000002     
                  0000fff8    00000002     <whole-program> (.int12)

TIMER1_A0 
*          0    0000fffa    00000002     
                  0000fffa    00000002     <whole-program> (.int13)

NMI        0    0000fffc    00000002     
                  0000fffc    00000002     rts430_eabi.lib : int14.obj (.int14)

.reset     0    0000fffe    00000002     
                  0000fffe    00000002     rts430_eabi.lib : boot.obj (.reset)


LINKER GENERATED COPY TABLES

__TI_cinit_table @ 0000c82a records: 2, size/record: 4, table size: 8
	.data: load addr=0000c810, load size=00000010 bytes, run addr=000002a8, run size=0000000c bytes, compression=copy
	.bss: load addr=0000c826, load size=00000004 bytes, run addr=00000200, run size=00000057 bytes, compression=zero_init


LINKER GENERATED HANDLER TABLE

__TI_handler_table @ 0000c820 records: 3, size/record: 2, table size: 6
	index: 0, handler: __TI_zero_init
	index: 1, handler: __TI_decompress_rle24
	index: 2, handler: __TI_decompress_none


GLOBAL SYMBOLS: SORTED ALPHABETICALLY BY Name 

address    name
--------   ----
0000004a   ADC10AE0
000001b0   ADC10CTL0
000001b2   ADC10CTL1
00000048   ADC10DTC0
00000049   ADC10DTC1
000001b4   ADC10MEM
000001bc   ADC10SA
00000057   BCSCTL1
00000058   BCSCTL2
00000053   BCSCTL3
0000c732   C$$EXIT
00000059   CACTL1
0000005a   CACTL2
000010fb   CALBC1_12MHZ
000010f9   CALBC1_16MHZ
000010ff   CALBC1_1MHZ
000010fd   CALBC1_8MHZ
000010fa   CALDCO_12MHZ
000010f8   CALDCO_16MHZ
000010fe   CALDCO_1MHZ
000010fc   CALDCO_8MHZ
0000005b   CAPD
00000056   DCOCTL
00000128   FCTL1
0000012a   FCTL2
0000012c   FCTL3
00000000   IE1
00000001   IE2
00000002   IFG1
00000003   IFG2
00000022   P1DIR
00000025   P1IE
00000024   P1IES
00000023   P1IFG
00000020   P1IN
00000021   P1OUT
00000027   P1REN
00000026   P1SEL
00000041   P1SEL2
0000002a   P2DIR
0000002d   P2IE
0000002c   P2IES
0000002b   P2IFG
00000028   P2IN
00000029   P2OUT
0000002f   P2REN
0000002e   P2SEL
00000042   P2SEL2
0000001a   P3DIR
00000018   P3IN
00000019   P3OUT
00000010   P3REN
0000001b   P3SEL
00000043   P3SEL2
00000172   TA0CCR0
00000174   TA0CCR1
00000176   TA0CCR2
00000162   TA0CCTL0
00000164   TA0CCTL1
00000166   TA0CCTL2
00000160   TA0CTL
0000012e   TA0IV
00000170   TA0R
00000192   TA1CCR0
00000194   TA1CCR1
00000196   TA1CCR2
00000182   TA1CCTL0
00000184   TA1CCTL1
00000186   TA1CCTL2
00000180   TA1CTL
0000011e   TA1IV
00000190   TA1R
000010db   TLV_ADC10_1_LEN
000010da   TLV_ADC10_1_TAG
000010c0   TLV_CHECKSUM
000010f7   TLV_DCO_30_LEN
000010f6   TLV_DCO_30_TAG
0000005d   UCA0ABCTL
00000062   UCA0BR0
00000063   UCA0BR1
00000060   UCA0CTL0
00000061   UCA0CTL1
0000005f   UCA0IRRCTL
0000005e   UCA0IRTCTL
00000064   UCA0MCTL
00000066   UCA0RXBUF
00000065   UCA0STAT
00000067   UCA0TXBUF
0000006a   UCB0BR0
0000006b   UCB0BR1
00000068   UCB0CTL0
00000069   UCB0CTL1
0000006c   UCB0I2CIE
00000118   UCB0I2COA
0000011a   UCB0I2CSA
0000006e   UCB0RXBUF
0000006d   UCB0STAT
0000006f   UCB0TXBUF
00000120   WDTCTL
0000c636   _Z19QuaterMillisElapsedi
0000c6d2   _Z6Port_1v
0000c4c8   _Z9wdt_timerv
0000c6dc   _ZN10__cxxabiv117__class_type_infoD0Ev
0000c736   _ZN10__cxxabiv117__class_type_infoD1Ev
0000c6e6   _ZN10__cxxabiv120__si_class_type_infoD0Ev
0000c738   _ZN10__cxxabiv120__si_class_type_infoD1Ev
0000c6f0   _ZN10ringbufferIcLi16EED0Ev
0000c73a   _ZN10ringbufferIcLi16EED1Ev
0000c2be   _ZN14SoftwareSerial11Timer_A0_RXEv
0000c508   _ZN14SoftwareSerial11Timer_A1_TXEv
00000218   _ZN14SoftwareSerial12ring_buffer_E
00000232   _ZN14SoftwareSerial14tx_char_bufferE
0000c5bc   _ZN14SoftwareSerialC1Ev
0000c6fa   _ZN14SoftwareSerialD0Ev
0000c73c   _ZN14SoftwareSerialD1Ev
0000024a   _ZN6XbeeS110tx_status_E
0000c000   _ZN6XbeeS111GetRXPacketEv
0000024b   _ZN6XbeeS111data_index_E
0000024c   _ZN6XbeeS111is_escaped_E
0000024d   _ZN6XbeeS112rx_checksum_E
0000024e   _ZN6XbeeS112tx_checksum_E
00000234   _ZN6XbeeS113message_size_E
0000024f   _ZN6XbeeS113rx_api_frame_E
00000202   _ZN6XbeeS114packet_buffer_E
00000200   _ZN6XbeeS116software_serial_E
00000250   _ZN6XbeeS14lsb_E
00000251   _ZN6XbeeS14msb_E
00000252   _ZN6XbeeS16tx_ok_E
0000c670   _ZN6XbeeS19Timer0_A0Ev
0000c484   _ZN6XbeeS1C1Ev
0000c704   _ZN6XbeeS1D0Ev
0000c73e   _ZN6XbeeS1D1Ev
0000c7fc   _ZTI10ringbufferIcLi16EE
0000c800   _ZTI14SoftwareSerial
0000c804   _ZTI6XbeeS1
0000c7f0   _ZTIN10__cxxabiv117__class_type_infoE
0000c7f6   _ZTIN10__cxxabiv120__si_class_type_infoE
0000c808   _ZTISt9type_info
0000c78a   _ZTS10ringbufferIcLi16EE
0000c7a0   _ZTS14SoftwareSerial
0000c7c0   _ZTS6XbeeS1
0000c768   _ZTSN10__cxxabiv117__class_type_infoE
0000c742   _ZTSN10__cxxabiv120__si_class_type_infoE
0000c7b2   _ZTSSt9type_info
0000c7c8   _ZTV10ringbufferIcLi16EE
0000c7d0   _ZTV14SoftwareSerial
0000c7d8   _ZTV6XbeeS1
0000c7e0   _ZTVN10__cxxabiv117__class_type_infoE
0000c7e8   _ZTVN10__cxxabiv120__si_class_type_infoE
0000c70e   _ZdlPv
00000400   __STACK_END
00000050   __STACK_SIZE
00000050   __SYSMEM_SIZE
0000c82a   __TI_CINIT_Base
0000c832   __TI_CINIT_Limit
0000c820   __TI_Handler_Table_Base
0000c826   __TI_Handler_Table_Limit
0000c80c   __TI_INITARRAY_Base
0000c810   __TI_INITARRAY_Limit
0000c718   __TI_ISR_TRAP
00000001   __TI_args_main
00000236   __TI_cleanup_ptr
0000c69e   __TI_decompress_none
0000c724   __TI_decompress_rle24
00000238   __TI_dtors_ptr
00000001   __TI_exit
0000ffe4   __TI_int02
0000ffe6   __TI_int03
0000ffea   __TI_int05
0000ffec   __TI_int06
0000ffee   __TI_int07
0000fff0   __TI_int08
0000fff2   __TI_int09
0000fff4   __TI_int10
0000fff6   __TI_int11
0000fff8   __TI_int12
0000fffa   __TI_int13
0000fffc   __TI_int14
0000c68a   __TI_zero_init
ffffffff   __binit__
ffffffff   __c_args__
0000c72a   __cxa_atexit
0000c3ea   __cxa_finalize
0000c71e   __cxa_ia64_exit
0000023a   __dso_handle
0000c6ce   __mspabi_func_epilog_1
0000c6cc   __mspabi_func_epilog_2
0000c6ca   __mspabi_func_epilog_3
0000c6c8   __mspabi_func_epilog_4
0000c6c6   __mspabi_func_epilog_5
0000c6c4   __mspabi_func_epilog_6
0000c6c2   __mspabi_func_epilog_7
0000c548   __sti___11_xbee_s1_cpp_0d336741
0000c612   __sti___19_software_serial_cpp_1ac42f9a
0000c38c   _auto_init
0000c654   _c_int00
0000c654   _c_int00_noargs
000002a8   _lock
0000c740   _nop
0000fffe   _reset_vector
000003b0   _stack
00000258   _sys_memory
0000c72e   _system_pre_init
000002aa   _unlock
0000c732   abort
ffffffff   binit
00000253   btnpress
0000c5e8   exit
0000c23e   free
0000c0d0   main
0000c196   malloc
0000c6b0   memcpy
0000023e   millis_counter_
00000240   millis_cronometer_
0000c584   minit
0000022e   seconds_counter_
00000254   startT
00000255   start_cronometer_
00000256   start_tx_cronometer_
00000246   tx_cronometer_
00000248   tx_timeout_


GLOBAL SYMBOLS: SORTED BY Symbol Address 

address    name
--------   ----
00000000   IE1
00000001   IE2
00000001   __TI_args_main
00000001   __TI_exit
00000002   IFG1
00000003   IFG2
00000010   P3REN
00000018   P3IN
00000019   P3OUT
0000001a   P3DIR
0000001b   P3SEL
00000020   P1IN
00000021   P1OUT
00000022   P1DIR
00000023   P1IFG
00000024   P1IES
00000025   P1IE
00000026   P1SEL
00000027   P1REN
00000028   P2IN
00000029   P2OUT
0000002a   P2DIR
0000002b   P2IFG
0000002c   P2IES
0000002d   P2IE
0000002e   P2SEL
0000002f   P2REN
00000041   P1SEL2
00000042   P2SEL2
00000043   P3SEL2
00000048   ADC10DTC0
00000049   ADC10DTC1
0000004a   ADC10AE0
00000050   __STACK_SIZE
00000050   __SYSMEM_SIZE
00000053   BCSCTL3
00000056   DCOCTL
00000057   BCSCTL1
00000058   BCSCTL2
00000059   CACTL1
0000005a   CACTL2
0000005b   CAPD
0000005d   UCA0ABCTL
0000005e   UCA0IRTCTL
0000005f   UCA0IRRCTL
00000060   UCA0CTL0
00000061   UCA0CTL1
00000062   UCA0BR0
00000063   UCA0BR1
00000064   UCA0MCTL
00000065   UCA0STAT
00000066   UCA0RXBUF
00000067   UCA0TXBUF
00000068   UCB0CTL0
00000069   UCB0CTL1
0000006a   UCB0BR0
0000006b   UCB0BR1
0000006c   UCB0I2CIE
0000006d   UCB0STAT
0000006e   UCB0RXBUF
0000006f   UCB0TXBUF
00000118   UCB0I2COA
0000011a   UCB0I2CSA
0000011e   TA1IV
00000120   WDTCTL
00000128   FCTL1
0000012a   FCTL2
0000012c   FCTL3
0000012e   TA0IV
00000160   TA0CTL
00000162   TA0CCTL0
00000164   TA0CCTL1
00000166   TA0CCTL2
00000170   TA0R
00000172   TA0CCR0
00000174   TA0CCR1
00000176   TA0CCR2
00000180   TA1CTL
00000182   TA1CCTL0
00000184   TA1CCTL1
00000186   TA1CCTL2
00000190   TA1R
00000192   TA1CCR0
00000194   TA1CCR1
00000196   TA1CCR2
000001b0   ADC10CTL0
000001b2   ADC10CTL1
000001b4   ADC10MEM
000001bc   ADC10SA
00000200   _ZN6XbeeS116software_serial_E
00000202   _ZN6XbeeS114packet_buffer_E
00000218   _ZN14SoftwareSerial12ring_buffer_E
0000022e   seconds_counter_
00000232   _ZN14SoftwareSerial14tx_char_bufferE
00000234   _ZN6XbeeS113message_size_E
00000236   __TI_cleanup_ptr
00000238   __TI_dtors_ptr
0000023a   __dso_handle
0000023e   millis_counter_
00000240   millis_cronometer_
00000246   tx_cronometer_
00000248   tx_timeout_
0000024a   _ZN6XbeeS110tx_status_E
0000024b   _ZN6XbeeS111data_index_E
0000024c   _ZN6XbeeS111is_escaped_E
0000024d   _ZN6XbeeS112rx_checksum_E
0000024e   _ZN6XbeeS112tx_checksum_E
0000024f   _ZN6XbeeS113rx_api_frame_E
00000250   _ZN6XbeeS14lsb_E
00000251   _ZN6XbeeS14msb_E
00000252   _ZN6XbeeS16tx_ok_E
00000253   btnpress
00000254   startT
00000255   start_cronometer_
00000256   start_tx_cronometer_
00000258   _sys_memory
000002a8   _lock
000002aa   _unlock
000003b0   _stack
00000400   __STACK_END
000010c0   TLV_CHECKSUM
000010da   TLV_ADC10_1_TAG
000010db   TLV_ADC10_1_LEN
000010f6   TLV_DCO_30_TAG
000010f7   TLV_DCO_30_LEN
000010f8   CALDCO_16MHZ
000010f9   CALBC1_16MHZ
000010fa   CALDCO_12MHZ
000010fb   CALBC1_12MHZ
000010fc   CALDCO_8MHZ
000010fd   CALBC1_8MHZ
000010fe   CALDCO_1MHZ
000010ff   CALBC1_1MHZ
0000c000   _ZN6XbeeS111GetRXPacketEv
0000c0d0   main
0000c196   malloc
0000c23e   free
0000c2be   _ZN14SoftwareSerial11Timer_A0_RXEv
0000c38c   _auto_init
0000c3ea   __cxa_finalize
0000c484   _ZN6XbeeS1C1Ev
0000c4c8   _Z9wdt_timerv
0000c508   _ZN14SoftwareSerial11Timer_A1_TXEv
0000c548   __sti___11_xbee_s1_cpp_0d336741
0000c584   minit
0000c5bc   _ZN14SoftwareSerialC1Ev
0000c5e8   exit
0000c612   __sti___19_software_serial_cpp_1ac42f9a
0000c636   _Z19QuaterMillisElapsedi
0000c654   _c_int00
0000c654   _c_int00_noargs
0000c670   _ZN6XbeeS19Timer0_A0Ev
0000c68a   __TI_zero_init
0000c69e   __TI_decompress_none
0000c6b0   memcpy
0000c6c2   __mspabi_func_epilog_7
0000c6c4   __mspabi_func_epilog_6
0000c6c6   __mspabi_func_epilog_5
0000c6c8   __mspabi_func_epilog_4
0000c6ca   __mspabi_func_epilog_3
0000c6cc   __mspabi_func_epilog_2
0000c6ce   __mspabi_func_epilog_1
0000c6d2   _Z6Port_1v
0000c6dc   _ZN10__cxxabiv117__class_type_infoD0Ev
0000c6e6   _ZN10__cxxabiv120__si_class_type_infoD0Ev
0000c6f0   _ZN10ringbufferIcLi16EED0Ev
0000c6fa   _ZN14SoftwareSerialD0Ev
0000c704   _ZN6XbeeS1D0Ev
0000c70e   _ZdlPv
0000c718   __TI_ISR_TRAP
0000c71e   __cxa_ia64_exit
0000c724   __TI_decompress_rle24
0000c72a   __cxa_atexit
0000c72e   _system_pre_init
0000c732   C$$EXIT
0000c732   abort
0000c736   _ZN10__cxxabiv117__class_type_infoD1Ev
0000c738   _ZN10__cxxabiv120__si_class_type_infoD1Ev
0000c73a   _ZN10ringbufferIcLi16EED1Ev
0000c73c   _ZN14SoftwareSerialD1Ev
0000c73e   _ZN6XbeeS1D1Ev
0000c740   _nop
0000c742   _ZTSN10__cxxabiv120__si_class_type_infoE
0000c768   _ZTSN10__cxxabiv117__class_type_infoE
0000c78a   _ZTS10ringbufferIcLi16EE
0000c7a0   _ZTS14SoftwareSerial
0000c7b2   _ZTSSt9type_info
0000c7c0   _ZTS6XbeeS1
0000c7c8   _ZTV10ringbufferIcLi16EE
0000c7d0   _ZTV14SoftwareSerial
0000c7d8   _ZTV6XbeeS1
0000c7e0   _ZTVN10__cxxabiv117__class_type_infoE
0000c7e8   _ZTVN10__cxxabiv120__si_class_type_infoE
0000c7f0   _ZTIN10__cxxabiv117__class_type_infoE
0000c7f6   _ZTIN10__cxxabiv120__si_class_type_infoE
0000c7fc   _ZTI10ringbufferIcLi16EE
0000c800   _ZTI14SoftwareSerial
0000c804   _ZTI6XbeeS1
0000c808   _ZTISt9type_info
0000c80c   __TI_INITARRAY_Base
0000c810   __TI_INITARRAY_Limit
0000c820   __TI_Handler_Table_Base
0000c826   __TI_Handler_Table_Limit
0000c82a   __TI_CINIT_Base
0000c832   __TI_CINIT_Limit
0000ffe4   __TI_int02
0000ffe6   __TI_int03
0000ffea   __TI_int05
0000ffec   __TI_int06
0000ffee   __TI_int07
0000fff0   __TI_int08
0000fff2   __TI_int09
0000fff4   __TI_int10
0000fff6   __TI_int11
0000fff8   __TI_int12
0000fffa   __TI_int13
0000fffc   __TI_int14
0000fffe   _reset_vector
ffffffff   __binit__
ffffffff   __c_args__
ffffffff   binit

[221 symbols]
