<?xml version="1.0"?>
<link_info>
   <banner>MSP430 Linker PC v4.3.1</banner>
   <copyright>Copyright (c) 2003-2014 Texas Instruments Incorporated</copyright>
   <link_time>0x54f7eaf1</link_time>
   <link_errors>0x0</link_errors>
   <output_file>MSP430-Xbee-SoftwareSerial.out</output_file>
   <entry_point>
      <name>_c_int00</name>
      <address>0xc68e</address>
   </entry_point>
   <input_file_list>
      <input_file id="fl-2">
         <path>.\</path>
         <kind>object</kind>
         <file>xbee_s1.obj</file>
         <name>xbee_s1.obj</name>
      </input_file>
      <input_file id="fl-3">
         <path>.\</path>
         <kind>object</kind>
         <file>timer.obj</file>
         <name>timer.obj</name>
      </input_file>
      <input_file id="fl-4">
         <path>.\</path>
         <kind>object</kind>
         <file>software_serial.obj</file>
         <name>software_serial.obj</name>
      </input_file>
      <input_file id="fl-5">
         <path>.\</path>
         <kind>object</kind>
         <file>main.obj</file>
         <name>main.obj</name>
      </input_file>
      <input_file id="fl-33">
         <path>F:\Program Files\ti\ccsv6\tools\compiler\msp430_4.3.1\lib\</path>
         <kind>archive</kind>
         <file>rts430_eabi.lib</file>
         <name>boot.obj</name>
      </input_file>
      <input_file id="fl-34">
         <path>F:\Program Files\ti\ccsv6\tools\compiler\msp430_4.3.1\lib\</path>
         <kind>archive</kind>
         <file>rts430_eabi.lib</file>
         <name>copy_decompress_none.obj</name>
      </input_file>
      <input_file id="fl-35">
         <path>F:\Program Files\ti\ccsv6\tools\compiler\msp430_4.3.1\lib\</path>
         <kind>archive</kind>
         <file>rts430_eabi.lib</file>
         <name>copy_decompress_rle.obj</name>
      </input_file>
      <input_file id="fl-36">
         <path>F:\Program Files\ti\ccsv6\tools\compiler\msp430_4.3.1\lib\</path>
         <kind>archive</kind>
         <file>rts430_eabi.lib</file>
         <name>copy_zero_init.obj</name>
      </input_file>
      <input_file id="fl-37">
         <path>F:\Program Files\ti\ccsv6\tools\compiler\msp430_4.3.1\lib\</path>
         <kind>archive</kind>
         <file>rts430_eabi.lib</file>
         <name>delete.obj</name>
      </input_file>
      <input_file id="fl-38">
         <path>F:\Program Files\ti\ccsv6\tools\compiler\msp430_4.3.1\lib\</path>
         <kind>archive</kind>
         <file>rts430_eabi.lib</file>
         <name>div16s.obj</name>
      </input_file>
      <input_file id="fl-39">
         <path>F:\Program Files\ti\ccsv6\tools\compiler\msp430_4.3.1\lib\</path>
         <kind>archive</kind>
         <file>rts430_eabi.lib</file>
         <name>div16u.obj</name>
      </input_file>
      <input_file id="fl-3a">
         <path>F:\Program Files\ti\ccsv6\tools\compiler\msp430_4.3.1\lib\</path>
         <kind>archive</kind>
         <file>rts430_eabi.lib</file>
         <name>dtor_list.obj</name>
      </input_file>
      <input_file id="fl-3b">
         <path>F:\Program Files\ti\ccsv6\tools\compiler\msp430_4.3.1\lib\</path>
         <kind>archive</kind>
         <file>rts430_eabi.lib</file>
         <name>epilog.obj</name>
      </input_file>
      <input_file id="fl-3c">
         <path>F:\Program Files\ti\ccsv6\tools\compiler\msp430_4.3.1\lib\</path>
         <kind>archive</kind>
         <file>rts430_eabi.lib</file>
         <name>exit.obj</name>
      </input_file>
      <input_file id="fl-3d">
         <path>F:\Program Files\ti\ccsv6\tools\compiler\msp430_4.3.1\lib\</path>
         <kind>archive</kind>
         <file>rts430_eabi.lib</file>
         <name>int03.obj</name>
      </input_file>
      <input_file id="fl-3e">
         <path>F:\Program Files\ti\ccsv6\tools\compiler\msp430_4.3.1\lib\</path>
         <kind>archive</kind>
         <file>rts430_eabi.lib</file>
         <name>int05.obj</name>
      </input_file>
      <input_file id="fl-3f">
         <path>F:\Program Files\ti\ccsv6\tools\compiler\msp430_4.3.1\lib\</path>
         <kind>archive</kind>
         <file>rts430_eabi.lib</file>
         <name>int06.obj</name>
      </input_file>
      <input_file id="fl-40">
         <path>F:\Program Files\ti\ccsv6\tools\compiler\msp430_4.3.1\lib\</path>
         <kind>archive</kind>
         <file>rts430_eabi.lib</file>
         <name>int07.obj</name>
      </input_file>
      <input_file id="fl-41">
         <path>F:\Program Files\ti\ccsv6\tools\compiler\msp430_4.3.1\lib\</path>
         <kind>archive</kind>
         <file>rts430_eabi.lib</file>
         <name>int08.obj</name>
      </input_file>
      <input_file id="fl-42">
         <path>F:\Program Files\ti\ccsv6\tools\compiler\msp430_4.3.1\lib\</path>
         <kind>archive</kind>
         <file>rts430_eabi.lib</file>
         <name>int11.obj</name>
      </input_file>
      <input_file id="fl-43">
         <path>F:\Program Files\ti\ccsv6\tools\compiler\msp430_4.3.1\lib\</path>
         <kind>archive</kind>
         <file>rts430_eabi.lib</file>
         <name>int14.obj</name>
      </input_file>
      <input_file id="fl-44">
         <path>F:\Program Files\ti\ccsv6\tools\compiler\msp430_4.3.1\lib\</path>
         <kind>archive</kind>
         <file>rts430_eabi.lib</file>
         <name>isr_trap.obj</name>
      </input_file>
      <input_file id="fl-45">
         <path>F:\Program Files\ti\ccsv6\tools\compiler\msp430_4.3.1\lib\</path>
         <kind>archive</kind>
         <file>rts430_eabi.lib</file>
         <name>lsl16.obj</name>
      </input_file>
      <input_file id="fl-46">
         <path>F:\Program Files\ti\ccsv6\tools\compiler\msp430_4.3.1\lib\</path>
         <kind>archive</kind>
         <file>rts430_eabi.lib</file>
         <name>memcpy.obj</name>
      </input_file>
      <input_file id="fl-47">
         <path>F:\Program Files\ti\ccsv6\tools\compiler\msp430_4.3.1\lib\</path>
         <kind>archive</kind>
         <file>rts430_eabi.lib</file>
         <name>memory.obj</name>
      </input_file>
      <input_file id="fl-48">
         <path>F:\Program Files\ti\ccsv6\tools\compiler\msp430_4.3.1\lib\</path>
         <kind>archive</kind>
         <file>rts430_eabi.lib</file>
         <name>mpu_init.obj</name>
      </input_file>
      <input_file id="fl-49">
         <path>F:\Program Files\ti\ccsv6\tools\compiler\msp430_4.3.1\lib\</path>
         <kind>archive</kind>
         <file>rts430_eabi.lib</file>
         <name>mult16.obj</name>
      </input_file>
      <input_file id="fl-4a">
         <path>F:\Program Files\ti\ccsv6\tools\compiler\msp430_4.3.1\lib\</path>
         <kind>archive</kind>
         <file>rts430_eabi.lib</file>
         <name>pre_init.obj</name>
      </input_file>
      <input_file id="fl-4b">
         <path>F:\Program Files\ti\ccsv6\tools\compiler\msp430_4.3.1\lib\</path>
         <kind>archive</kind>
         <file>rts430_eabi.lib</file>
         <name>typeinfo_.obj</name>
      </input_file>
      <input_file id="fl-4c">
         <path>F:\Program Files\ti\ccsv6\tools\compiler\msp430_4.3.1\lib\</path>
         <kind>archive</kind>
         <file>rts430_eabi.lib</file>
         <name>_lock.obj</name>
      </input_file>
      <input_file id="fl-4d">
         <path>F:\Program Files\ti\ccsv6\tools\compiler\msp430_4.3.1\lib\</path>
         <kind>archive</kind>
         <file>rts430_eabi.lib</file>
         <name>args_main.obj</name>
      </input_file>
      <input_file id="fl-4e">
         <path>F:\Program Files\ti\ccsv6\tools\compiler\msp430_4.3.1\lib\</path>
         <kind>archive</kind>
         <file>rts430_eabi.lib</file>
         <name>autoinit.obj</name>
      </input_file>
   </input_file_list>
   <object_component_list>
      <object_component id="oc-53">
         <name>.sysmem</name>
         <uninitialized>true</uninitialized>
         <run_address>0x258</run_address>
         <size>0x4</size>
         <input_file_ref idref="fl-47"/>
      </object_component>
      <object_component id="oc-32a">
         <name>.sysmem</name>
         <uninitialized>true</uninitialized>
         <run_address>0x258</run_address>
         <size>0x0</size>
      </object_component>
      <object_component id="oc-50">
         <name>.stack</name>
         <uninitialized>true</uninitialized>
         <run_address>0x3b0</run_address>
         <size>0x2</size>
         <input_file_ref idref="fl-33"/>
      </object_component>
      <object_component id="oc-329">
         <name>.stack</name>
         <uninitialized>true</uninitialized>
         <run_address>0x3b0</run_address>
         <size>0x0</size>
      </object_component>
      <object_component id="oc-be">
         <name>.text:_ZN6XbeeS111GetRXPacketEv</name>
         <load_address>0xc000</load_address>
         <run_address>0xc000</run_address>
         <size>0xb4</size>
         <input_file_ref idref="fl-2"/>
      </object_component>
      <object_component id="oc-24e">
         <name>.text:malloc</name>
         <load_address>0xc0b4</load_address>
         <run_address>0xc0b4</run_address>
         <size>0xa8</size>
         <input_file_ref idref="fl-47"/>
      </object_component>
      <object_component id="oc-7c">
         <name>.text:main</name>
         <load_address>0xc15c</load_address>
         <run_address>0xc15c</run_address>
         <size>0x8e</size>
         <input_file_ref idref="fl-5"/>
      </object_component>
      <object_component id="oc-29c">
         <name>.text:free</name>
         <load_address>0xc1ea</load_address>
         <run_address>0xc1ea</run_address>
         <size>0x80</size>
         <input_file_ref idref="fl-47"/>
      </object_component>
      <object_component id="oc-6d">
         <name>.text:_ZN14SoftwareSerial11Timer_A0_RXEv</name>
         <load_address>0xc26a</load_address>
         <run_address>0xc26a</run_address>
         <size>0x62</size>
         <input_file_ref idref="fl-4"/>
      </object_component>
      <object_component id="oc-9a">
         <name>.text:__TI_decompress_rle_core</name>
         <load_address>0xc2cc</load_address>
         <run_address>0xc2cc</run_address>
         <size>0x5e</size>
         <input_file_ref idref="fl-35"/>
      </object_component>
      <object_component id="oc-77">
         <name>.text:_auto_init</name>
         <load_address>0xc32a</load_address>
         <run_address>0xc32a</run_address>
         <size>0x5e</size>
         <input_file_ref idref="fl-4e"/>
      </object_component>
      <object_component id="oc-285">
         <name>.text:__cxa_finalize</name>
         <load_address>0xc388</load_address>
         <run_address>0xc388</run_address>
         <size>0x4e</size>
         <input_file_ref idref="fl-3a"/>
      </object_component>
      <object_component id="oc-211">
         <name>.text:_Z11__TI_atexitPFYvPvES_S_</name>
         <load_address>0xc3d6</load_address>
         <run_address>0xc3d6</run_address>
         <size>0x4c</size>
         <input_file_ref idref="fl-3a"/>
      </object_component>
      <object_component id="oc-fd">
         <name>.text:_ZN6XbeeS1C1Ev</name>
         <load_address>0xc422</load_address>
         <run_address>0xc422</run_address>
         <size>0x44</size>
         <input_file_ref idref="fl-2"/>
      </object_component>
      <object_component id="oc-63">
         <name>.text:_Z9wdt_timerv</name>
         <load_address>0xc466</load_address>
         <run_address>0xc466</run_address>
         <size>0x40</size>
         <input_file_ref idref="fl-3"/>
      </object_component>
      <object_component id="oc-68">
         <name>.text:_ZN14SoftwareSerial11Timer_A1_TXEv</name>
         <load_address>0xc4a6</load_address>
         <run_address>0xc4a6</run_address>
         <size>0x40</size>
         <input_file_ref idref="fl-4"/>
      </object_component>
      <object_component id="oc-a6">
         <name>.text:__sti___11_xbee_s1_cpp_0d336741</name>
         <load_address>0xc4e6</load_address>
         <run_address>0xc4e6</run_address>
         <size>0x3c</size>
         <input_file_ref idref="fl-2"/>
      </object_component>
      <object_component id="oc-27c">
         <name>.text:minit</name>
         <load_address>0xc522</load_address>
         <run_address>0xc522</run_address>
         <size>0x38</size>
         <input_file_ref idref="fl-47"/>
      </object_component>
      <object_component id="oc-228">
         <name>.text:_ZN10ringbufferIcLi16EE9pop_frontEv</name>
         <load_address>0xc55a</load_address>
         <run_address>0xc55a</run_address>
         <size>0x2e</size>
         <input_file_ref idref="fl-4"/>
      </object_component>
      <object_component id="oc-144">
         <name>.text:_ZN14SoftwareSerialC1Ev</name>
         <load_address>0xc588</load_address>
         <run_address>0xc588</run_address>
         <size>0x2c</size>
         <input_file_ref idref="fl-4"/>
      </object_component>
      <object_component id="oc-81">
         <name>.text:exit</name>
         <load_address>0xc5b4</load_address>
         <run_address>0xc5b4</run_address>
         <size>0x2a</size>
         <input_file_ref idref="fl-3c"/>
      </object_component>
      <object_component id="oc-115">
         <name>.text:_Z14SecondsElapsedi</name>
         <load_address>0xc5de</load_address>
         <run_address>0xc5de</run_address>
         <size>0x24</size>
         <input_file_ref idref="fl-3"/>
      </object_component>
      <object_component id="oc-f7">
         <name>.text:_Z19InitializeClockTimev</name>
         <load_address>0xc602</load_address>
         <run_address>0xc602</run_address>
         <size>0x24</size>
         <input_file_ref idref="fl-3"/>
      </object_component>
      <object_component id="oc-ab">
         <name>.text:__sti___19_software_serial_cpp_1ac42f9a</name>
         <load_address>0xc626</load_address>
         <run_address>0xc626</run_address>
         <size>0x24</size>
         <input_file_ref idref="fl-4"/>
      </object_component>
      <object_component id="oc-103">
         <name>.text:_Z19QuaterMillisElapsedi</name>
         <load_address>0xc64a</load_address>
         <run_address>0xc64a</run_address>
         <size>0x22</size>
         <input_file_ref idref="fl-3"/>
      </object_component>
      <object_component id="oc-e8">
         <name>.text:_ZN10ringbufferIcLi16EE9push_backEc</name>
         <load_address>0xc66c</load_address>
         <run_address>0xc66c</run_address>
         <size>0x22</size>
         <input_file_ref idref="fl-4"/>
      </object_component>
      <object_component id="oc-3a">
         <name>.text:_c_int00_noargs</name>
         <load_address>0xc68e</load_address>
         <run_address>0xc68e</run_address>
         <size>0x1c</size>
         <input_file_ref idref="fl-33"/>
      </object_component>
      <object_component id="oc-5e">
         <name>.text:_ZN6XbeeS19Timer0_A0Ev</name>
         <load_address>0xc6aa</load_address>
         <run_address>0xc6aa</run_address>
         <size>0x1a</size>
         <input_file_ref idref="fl-2"/>
      </object_component>
      <object_component id="oc-44">
         <name>.text:decompress:ZI:__TI_zero_init</name>
         <load_address>0xc6c4</load_address>
         <run_address>0xc6c4</run_address>
         <size>0x14</size>
         <input_file_ref idref="fl-36"/>
      </object_component>
      <object_component id="oc-1dc">
         <name>.text</name>
         <load_address>0xc6d8</load_address>
         <run_address>0xc6d8</run_address>
         <size>0x14</size>
         <input_file_ref idref="fl-49"/>
      </object_component>
      <object_component id="oc-3f">
         <name>.text:decompress:none:__TI_decompress_none</name>
         <load_address>0xc6ec</load_address>
         <run_address>0xc6ec</run_address>
         <size>0x12</size>
         <input_file_ref idref="fl-34"/>
      </object_component>
      <object_component id="oc-87">
         <name>.text:memcpy</name>
         <load_address>0xc6fe</load_address>
         <run_address>0xc6fe</run_address>
         <size>0x12</size>
         <input_file_ref idref="fl-46"/>
      </object_component>
      <object_component id="oc-f1">
         <name>.text</name>
         <load_address>0xc710</load_address>
         <run_address>0xc710</run_address>
         <size>0x10</size>
         <input_file_ref idref="fl-3b"/>
      </object_component>
      <object_component id="oc-110">
         <name>.text:_Z9BeginTestv</name>
         <load_address>0xc720</load_address>
         <run_address>0xc720</run_address>
         <size>0xe</size>
         <input_file_ref idref="fl-3"/>
      </object_component>
      <object_component id="oc-19f">
         <name>.text:_ZN14SoftwareSerial7IsEmptyEv</name>
         <load_address>0xc72e</load_address>
         <run_address>0xc72e</run_address>
         <size>0xe</size>
         <input_file_ref idref="fl-4"/>
      </object_component>
      <object_component id="oc-109">
         <name>.text:_ZN6XbeeS17IsEmptyEv</name>
         <load_address>0xc73c</load_address>
         <run_address>0xc73c</run_address>
         <size>0xe</size>
         <input_file_ref idref="fl-2"/>
      </object_component>
      <object_component id="oc-187">
         <name>.text:_ZN14SoftwareSerial7ReceiveEv</name>
         <load_address>0xc74a</load_address>
         <run_address>0xc74a</run_address>
         <size>0xc</size>
         <input_file_ref idref="fl-4"/>
      </object_component>
      <object_component id="oc-55">
         <name>.text:_Z6Port_1v</name>
         <load_address>0xc756</load_address>
         <run_address>0xc756</run_address>
         <size>0xa</size>
         <input_file_ref idref="fl-5"/>
      </object_component>
      <object_component id="oc-297">
         <name>.text:_ZN10__cxxabiv117__class_type_infoD0Ev</name>
         <load_address>0xc760</load_address>
         <run_address>0xc760</run_address>
         <size>0xa</size>
         <input_file_ref idref="fl-4b"/>
      </object_component>
      <object_component id="oc-2de">
         <name>.text:_ZN10__cxxabiv120__si_class_type_infoD0Ev</name>
         <load_address>0xc76a</load_address>
         <run_address>0xc76a</run_address>
         <size>0xa</size>
         <input_file_ref idref="fl-4b"/>
      </object_component>
      <object_component id="oc-21c">
         <name>.text:_ZN10ringbufferIcLi16EED0Ev</name>
         <load_address>0xc774</load_address>
         <run_address>0xc774</run_address>
         <size>0xa</size>
         <input_file_ref idref="fl-2"/>
      </object_component>
      <object_component id="oc-24a">
         <name>.text:_ZN14SoftwareSerialD0Ev</name>
         <load_address>0xc77e</load_address>
         <run_address>0xc77e</run_address>
         <size>0xa</size>
         <input_file_ref idref="fl-4"/>
      </object_component>
      <object_component id="oc-23d">
         <name>.text:_ZN6XbeeS1D0Ev</name>
         <load_address>0xc788</load_address>
         <run_address>0xc788</run_address>
         <size>0xa</size>
         <input_file_ref idref="fl-2"/>
      </object_component>
      <object_component id="oc-266">
         <name>.text:_ZdlPv</name>
         <load_address>0xc792</load_address>
         <run_address>0xc792</run_address>
         <size>0xa</size>
         <input_file_ref idref="fl-37"/>
      </object_component>
      <object_component id="oc-5a">
         <name>.text:__TI_ISR_TRAP</name>
         <load_address>0xc79c</load_address>
         <run_address>0xc79c</run_address>
         <size>0x6</size>
         <input_file_ref idref="fl-44"/>
      </object_component>
      <object_component id="oc-253">
         <name>.text:__cxa_ia64_exit</name>
         <load_address>0xc7a2</load_address>
         <run_address>0xc7a2</run_address>
         <size>0x6</size>
         <input_file_ref idref="fl-3a"/>
      </object_component>
      <object_component id="oc-49">
         <name>.text:decompress:rle24:__TI_decompress_rle24</name>
         <load_address>0xc7a8</load_address>
         <run_address>0xc7a8</run_address>
         <size>0x6</size>
         <input_file_ref idref="fl-35"/>
      </object_component>
      <object_component id="oc-150">
         <name>.text:__cxa_atexit</name>
         <load_address>0xc7ae</load_address>
         <run_address>0xc7ae</run_address>
         <size>0x4</size>
         <input_file_ref idref="fl-3a"/>
      </object_component>
      <object_component id="oc-72">
         <name>.text:_system_pre_init</name>
         <load_address>0xc7b2</load_address>
         <run_address>0xc7b2</run_address>
         <size>0x4</size>
         <input_file_ref idref="fl-4a"/>
      </object_component>
      <object_component id="oc-128">
         <name>.text:abort</name>
         <load_address>0xc7b6</load_address>
         <run_address>0xc7b6</run_address>
         <size>0x4</size>
         <input_file_ref idref="fl-3c"/>
      </object_component>
      <object_component id="oc-292">
         <name>.text:_ZN10__cxxabiv117__class_type_infoD1Ev</name>
         <load_address>0xc7ba</load_address>
         <run_address>0xc7ba</run_address>
         <size>0x2</size>
         <input_file_ref idref="fl-4b"/>
      </object_component>
      <object_component id="oc-2d9">
         <name>.text:_ZN10__cxxabiv120__si_class_type_infoD1Ev</name>
         <load_address>0xc7bc</load_address>
         <run_address>0xc7bc</run_address>
         <size>0x2</size>
         <input_file_ref idref="fl-4b"/>
      </object_component>
      <object_component id="oc-15a">
         <name>.text:_ZN10ringbufferIcLi16EED1Ev</name>
         <load_address>0xc7be</load_address>
         <run_address>0xc7be</run_address>
         <size>0x2</size>
         <input_file_ref idref="fl-2"/>
      </object_component>
      <object_component id="oc-149">
         <name>.text:_ZN14SoftwareSerialD1Ev</name>
         <load_address>0xc7c0</load_address>
         <run_address>0xc7c0</run_address>
         <size>0x2</size>
         <input_file_ref idref="fl-4"/>
      </object_component>
      <object_component id="oc-238">
         <name>.text:_ZN6XbeeS1D1Ev</name>
         <load_address>0xc7c2</load_address>
         <run_address>0xc7c2</run_address>
         <size>0x2</size>
         <input_file_ref idref="fl-2"/>
      </object_component>
      <object_component id="oc-1e8">
         <name>.text:_nop</name>
         <load_address>0xc7c4</load_address>
         <run_address>0xc7c4</run_address>
         <size>0x2</size>
         <input_file_ref idref="fl-4c"/>
      </object_component>
      <object_component id="oc-328">
         <name>.cinit..data.load</name>
         <load_address>0xc894</load_address>
         <run_address>0xc894</run_address>
         <size>0x10</size>
      </object_component>
      <object_component id="oc-325">
         <name>__TI_handler_table</name>
         <load_address>0xc8a4</load_address>
         <run_address>0xc8a4</run_address>
         <size>0x6</size>
      </object_component>
      <object_component id="oc-327">
         <name>.cinit..bss.load</name>
         <load_address>0xc8aa</load_address>
         <run_address>0xc8aa</run_address>
         <size>0x4</size>
      </object_component>
      <object_component id="oc-326">
         <name>__TI_cinit_table</name>
         <load_address>0xc8ae</load_address>
         <run_address>0xc8ae</run_address>
         <size>0x8</size>
      </object_component>
      <object_component id="oc-2e7">
         <name>.const:.typeinfo:_ZTSN10__cxxabiv120__si_class_type_infoE</name>
         <load_address>0xc7c6</load_address>
         <run_address>0xc7c6</run_address>
         <size>0x25</size>
         <input_file_ref idref="fl-4b"/>
      </object_component>
      <object_component id="oc-2b1">
         <name>.const:.typeinfo:_ZTSN10__cxxabiv117__class_type_infoE</name>
         <load_address>0xc7ec</load_address>
         <run_address>0xc7ec</run_address>
         <size>0x22</size>
         <input_file_ref idref="fl-4b"/>
      </object_component>
      <object_component id="oc-261">
         <name>.const:.typeinfo:_ZTS10ringbufferIcLi16EE</name>
         <load_address>0xc80e</load_address>
         <run_address>0xc80e</run_address>
         <size>0x15</size>
         <input_file_ref idref="fl-2"/>
      </object_component>
      <object_component id="oc-273">
         <name>.const:.typeinfo:_ZTS14SoftwareSerial</name>
         <load_address>0xc824</load_address>
         <run_address>0xc824</run_address>
         <size>0x11</size>
         <input_file_ref idref="fl-4"/>
      </object_component>
      <object_component id="oc-2e2">
         <name>.const:.typeinfo:_ZTSSt9type_info</name>
         <load_address>0xc836</load_address>
         <run_address>0xc836</run_address>
         <size>0xd</size>
         <input_file_ref idref="fl-4b"/>
      </object_component>
      <object_component id="oc-26b">
         <name>.const:.typeinfo:_ZTS6XbeeS1</name>
         <load_address>0xc844</load_address>
         <run_address>0xc844</run_address>
         <size>0x8</size>
         <input_file_ref idref="fl-2"/>
      </object_component>
      <object_component id="oc-155">
         <name>.const:_ZTV10ringbufferIcLi16EE</name>
         <load_address>0xc84c</load_address>
         <run_address>0xc84c</run_address>
         <size>0x8</size>
         <input_file_ref idref="fl-2"/>
      </object_component>
      <object_component id="oc-1f9">
         <name>.const:_ZTV14SoftwareSerial</name>
         <load_address>0xc854</load_address>
         <run_address>0xc854</run_address>
         <size>0x8</size>
         <input_file_ref idref="fl-4"/>
      </object_component>
      <object_component id="oc-1bf">
         <name>.const:_ZTV6XbeeS1</name>
         <load_address>0xc85c</load_address>
         <run_address>0xc85c</run_address>
         <size>0x8</size>
         <input_file_ref idref="fl-2"/>
      </object_component>
      <object_component id="oc-25c">
         <name>.const:_ZTVN10__cxxabiv117__class_type_infoE</name>
         <load_address>0xc864</load_address>
         <run_address>0xc864</run_address>
         <size>0x8</size>
         <input_file_ref idref="fl-4b"/>
      </object_component>
      <object_component id="oc-2ac">
         <name>.const:_ZTVN10__cxxabiv120__si_class_type_infoE</name>
         <load_address>0xc86c</load_address>
         <run_address>0xc86c</run_address>
         <size>0x8</size>
         <input_file_ref idref="fl-4b"/>
      </object_component>
      <object_component id="oc-28d">
         <name>.const:.typeinfo:_ZTIN10__cxxabiv117__class_type_infoE</name>
         <load_address>0xc874</load_address>
         <run_address>0xc874</run_address>
         <size>0x6</size>
         <input_file_ref idref="fl-4b"/>
      </object_component>
      <object_component id="oc-2d4">
         <name>.const:.typeinfo:_ZTIN10__cxxabiv120__si_class_type_infoE</name>
         <load_address>0xc87a</load_address>
         <run_address>0xc87a</run_address>
         <size>0x6</size>
         <input_file_ref idref="fl-4b"/>
      </object_component>
      <object_component id="oc-217">
         <name>.const:.typeinfo:_ZTI10ringbufferIcLi16EE</name>
         <load_address>0xc880</load_address>
         <run_address>0xc880</run_address>
         <size>0x4</size>
         <input_file_ref idref="fl-2"/>
      </object_component>
      <object_component id="oc-245">
         <name>.const:.typeinfo:_ZTI14SoftwareSerial</name>
         <load_address>0xc884</load_address>
         <run_address>0xc884</run_address>
         <size>0x4</size>
         <input_file_ref idref="fl-4"/>
      </object_component>
      <object_component id="oc-233">
         <name>.const:.typeinfo:_ZTI6XbeeS1</name>
         <load_address>0xc888</load_address>
         <run_address>0xc888</run_address>
         <size>0x4</size>
         <input_file_ref idref="fl-2"/>
      </object_component>
      <object_component id="oc-2b6">
         <name>.const:.typeinfo:_ZTISt9type_info</name>
         <load_address>0xc88c</load_address>
         <run_address>0xc88c</run_address>
         <size>0x4</size>
         <input_file_ref idref="fl-4b"/>
      </object_component>
      <object_component id="oc-4f">
         <name>.init_array</name>
         <load_address>0xc890</load_address>
         <run_address>0xc890</run_address>
         <size>0x2</size>
         <input_file_ref idref="fl-4"/>
      </object_component>
      <object_component id="oc-4e">
         <name>.init_array</name>
         <load_address>0xc892</load_address>
         <run_address>0xc892</run_address>
         <size>0x2</size>
         <input_file_ref idref="fl-2"/>
      </object_component>
      <object_component id="oc-2e">
         <name>.int02</name>
         <load_address>0xffe4</load_address>
         <run_address>0xffe4</run_address>
         <size>0x2</size>
         <input_file_ref idref="fl-5"/>
      </object_component>
      <object_component id="oc-2f">
         <name>.int03</name>
         <load_address>0xffe6</load_address>
         <run_address>0xffe6</run_address>
         <size>0x2</size>
         <input_file_ref idref="fl-3d"/>
      </object_component>
      <object_component id="oc-30">
         <name>.int05</name>
         <load_address>0xffea</load_address>
         <run_address>0xffea</run_address>
         <size>0x2</size>
         <input_file_ref idref="fl-3e"/>
      </object_component>
      <object_component id="oc-31">
         <name>.int06</name>
         <load_address>0xffec</load_address>
         <run_address>0xffec</run_address>
         <size>0x2</size>
         <input_file_ref idref="fl-3f"/>
      </object_component>
      <object_component id="oc-32">
         <name>.int07</name>
         <load_address>0xffee</load_address>
         <run_address>0xffee</run_address>
         <size>0x2</size>
         <input_file_ref idref="fl-40"/>
      </object_component>
      <object_component id="oc-33">
         <name>.int08</name>
         <load_address>0xfff0</load_address>
         <run_address>0xfff0</run_address>
         <size>0x2</size>
         <input_file_ref idref="fl-41"/>
      </object_component>
      <object_component id="oc-34">
         <name>.int09</name>
         <load_address>0xfff2</load_address>
         <run_address>0xfff2</run_address>
         <size>0x2</size>
         <input_file_ref idref="fl-2"/>
      </object_component>
      <object_component id="oc-35">
         <name>.int10</name>
         <load_address>0xfff4</load_address>
         <run_address>0xfff4</run_address>
         <size>0x2</size>
         <input_file_ref idref="fl-3"/>
      </object_component>
      <object_component id="oc-36">
         <name>.int11</name>
         <load_address>0xfff6</load_address>
         <run_address>0xfff6</run_address>
         <size>0x2</size>
         <input_file_ref idref="fl-42"/>
      </object_component>
      <object_component id="oc-37">
         <name>.int12</name>
         <load_address>0xfff8</load_address>
         <run_address>0xfff8</run_address>
         <size>0x2</size>
         <input_file_ref idref="fl-4"/>
      </object_component>
      <object_component id="oc-38">
         <name>.int13</name>
         <load_address>0xfffa</load_address>
         <run_address>0xfffa</run_address>
         <size>0x2</size>
         <input_file_ref idref="fl-4"/>
      </object_component>
      <object_component id="oc-39">
         <name>.int14</name>
         <load_address>0xfffc</load_address>
         <run_address>0xfffc</run_address>
         <size>0x2</size>
         <input_file_ref idref="fl-43"/>
      </object_component>
      <object_component id="oc-52">
         <name>.reset</name>
         <load_address>0xfffe</load_address>
         <run_address>0xfffe</run_address>
         <size>0x2</size>
         <input_file_ref idref="fl-33"/>
      </object_component>
      <object_component id="oc-e6">
         <name>.bss</name>
         <uninitialized>true</uninitialized>
         <run_address>0x218</run_address>
         <size>0x16</size>
         <input_file_ref idref="fl-4"/>
      </object_component>
      <object_component id="oc-142">
         <name>.bss</name>
         <uninitialized>true</uninitialized>
         <run_address>0x200</run_address>
         <size>0x18</size>
         <input_file_ref idref="fl-2"/>
      </object_component>
      <object_component id="oc-1c4">
         <name>.common:_ZN6XbeeS111data_index_E</name>
         <uninitialized>true</uninitialized>
         <run_address>0x24b</run_address>
         <size>0x1</size>
      </object_component>
      <object_component id="oc-1c5">
         <name>.common:_ZN6XbeeS111is_escaped_E</name>
         <uninitialized>true</uninitialized>
         <run_address>0x24c</run_address>
         <size>0x1</size>
      </object_component>
      <object_component id="oc-1c6">
         <name>.common:_ZN6XbeeS112rx_checksum_E</name>
         <uninitialized>true</uninitialized>
         <run_address>0x24d</run_address>
         <size>0x1</size>
      </object_component>
      <object_component id="oc-1c7">
         <name>.common:_ZN6XbeeS112tx_checksum_E</name>
         <uninitialized>true</uninitialized>
         <run_address>0x24e</run_address>
         <size>0x1</size>
      </object_component>
      <object_component id="oc-1c8">
         <name>.common:_ZN6XbeeS113message_size_E</name>
         <uninitialized>true</uninitialized>
         <run_address>0x234</run_address>
         <size>0x2</size>
      </object_component>
      <object_component id="oc-1c9">
         <name>.common:_ZN6XbeeS14msb_E</name>
         <uninitialized>true</uninitialized>
         <run_address>0x251</run_address>
         <size>0x1</size>
      </object_component>
      <object_component id="oc-1ca">
         <name>.common:_ZN6XbeeS14lsb_E</name>
         <uninitialized>true</uninitialized>
         <run_address>0x250</run_address>
         <size>0x1</size>
      </object_component>
      <object_component id="oc-1cb">
         <name>.common:_ZN6XbeeS16tx_ok_E</name>
         <uninitialized>true</uninitialized>
         <run_address>0x252</run_address>
         <size>0x1</size>
      </object_component>
      <object_component id="oc-1cc">
         <name>.common:_ZN6XbeeS113rx_api_frame_E</name>
         <uninitialized>true</uninitialized>
         <run_address>0x24f</run_address>
         <size>0x1</size>
      </object_component>
      <object_component id="oc-1cd">
         <name>.common:_ZN6XbeeS110tx_status_E</name>
         <uninitialized>true</uninitialized>
         <run_address>0x24a</run_address>
         <size>0x1</size>
      </object_component>
      <object_component id="oc-1d8">
         <name>.common:millis_counter_</name>
         <uninitialized>true</uninitialized>
         <run_address>0x23e</run_address>
         <size>0x2</size>
      </object_component>
      <object_component id="oc-1e2">
         <name>.common:millis_cronometer_</name>
         <uninitialized>true</uninitialized>
         <run_address>0x240</run_address>
         <size>0x2</size>
      </object_component>
      <object_component id="oc-1d7">
         <name>.common:seconds_counter_</name>
         <uninitialized>true</uninitialized>
         <run_address>0x22e</run_address>
         <size>0x4</size>
      </object_component>
      <object_component id="oc-1e1">
         <name>.common:start_cronometer_</name>
         <uninitialized>true</uninitialized>
         <run_address>0x255</run_address>
         <size>0x1</size>
      </object_component>
      <object_component id="oc-1bd">
         <name>.common:start_tx_cronometer_</name>
         <uninitialized>true</uninitialized>
         <run_address>0x256</run_address>
         <size>0x1</size>
      </object_component>
      <object_component id="oc-d3">
         <name>.common:tx_cronometer_</name>
         <uninitialized>true</uninitialized>
         <run_address>0x246</run_address>
         <size>0x2</size>
      </object_component>
      <object_component id="oc-d4">
         <name>.common:tx_timeout_</name>
         <uninitialized>true</uninitialized>
         <run_address>0x248</run_address>
         <size>0x2</size>
      </object_component>
      <object_component id="oc-da">
         <name>.common:_ZN14SoftwareSerial14tx_char_bufferE</name>
         <uninitialized>true</uninitialized>
         <run_address>0x232</run_address>
         <size>0x2</size>
      </object_component>
      <object_component id="oc-10f">
         <name>.common:startT</name>
         <uninitialized>true</uninitialized>
         <run_address>0x254</run_address>
         <size>0x1</size>
      </object_component>
      <object_component id="oc-11a">
         <name>.common:btnpress</name>
         <uninitialized>true</uninitialized>
         <run_address>0x253</run_address>
         <size>0x1</size>
      </object_component>
      <object_component id="oc-127">
         <name>.common:__TI_cleanup_ptr</name>
         <uninitialized>true</uninitialized>
         <run_address>0x236</run_address>
         <size>0x2</size>
      </object_component>
      <object_component id="oc-258">
         <name>.common:__TI_dtors_ptr</name>
         <uninitialized>true</uninitialized>
         <run_address>0x238</run_address>
         <size>0x2</size>
      </object_component>
      <object_component id="oc-163">
         <name>.common:__dso_handle</name>
         <uninitialized>true</uninitialized>
         <run_address>0x23a</run_address>
         <size>0x2</size>
      </object_component>
      <object_component id="oc-2d0">
         <name>.common:sys_free</name>
         <uninitialized>true</uninitialized>
         <run_address>0x244</run_address>
         <size>0x2</size>
      </object_component>
      <object_component id="oc-2a9">
         <name>.common:sys_base</name>
         <uninitialized>true</uninitialized>
         <run_address>0x242</run_address>
         <size>0x2</size>
      </object_component>
      <object_component id="oc-2a8">
         <name>.common:memsize</name>
         <uninitialized>true</uninitialized>
         <run_address>0x23c</run_address>
         <size>0x2</size>
      </object_component>
      <object_component id="oc-d7">
         <name>.data</name>
         <load_address>0x2ac</load_address>
         <run_address>0x2ac</run_address>
         <size>0x3</size>
         <input_file_ref idref="fl-4"/>
      </object_component>
      <object_component id="oc-121">
         <name>.data</name>
         <load_address>0x2a8</load_address>
         <run_address>0x2a8</run_address>
         <size>0x4</size>
         <input_file_ref idref="fl-4c"/>
      </object_component>
      <object_component id="oc-259">
         <name>.data</name>
         <load_address>0x2b0</load_address>
         <run_address>0x2b0</run_address>
         <size>0x2</size>
         <input_file_ref idref="fl-3a"/>
      </object_component>
      <object_component id="oc-27a">
         <name>.data</name>
         <load_address>0x2b2</load_address>
         <run_address>0x2b2</run_address>
         <size>0x2</size>
         <input_file_ref idref="fl-47"/>
      </object_component>
      <object_component id="oc-3b">
         <name>.debug_info</name>
         <load_address>0x0</load_address>
         <run_address>0x0</run_address>
         <size>0x124</size>
         <input_file_ref idref="fl-33"/>
      </object_component>
      <object_component id="oc-40">
         <name>.debug_info</name>
         <load_address>0x124</load_address>
         <run_address>0x124</run_address>
         <size>0x194</size>
         <input_file_ref idref="fl-34"/>
      </object_component>
      <object_component id="oc-46">
         <name>.debug_info</name>
         <load_address>0x2b8</load_address>
         <run_address>0x2b8</run_address>
         <size>0x16a</size>
         <input_file_ref idref="fl-36"/>
      </object_component>
      <object_component id="oc-4d">
         <name>.debug_info</name>
         <load_address>0x422</load_address>
         <run_address>0x422</run_address>
         <size>0x18e</size>
         <input_file_ref idref="fl-35"/>
      </object_component>
      <object_component id="oc-51">
         <name>.debug_info</name>
         <load_address>0x5b0</load_address>
         <run_address>0x5b0</run_address>
         <size>0xaa</size>
         <input_file_ref idref="fl-33"/>
      </object_component>
      <object_component id="oc-54">
         <name>.debug_info</name>
         <load_address>0x65a</load_address>
         <run_address>0x65a</run_address>
         <size>0xb6</size>
         <input_file_ref idref="fl-47"/>
      </object_component>
      <object_component id="oc-56">
         <name>.debug_info</name>
         <load_address>0x710</load_address>
         <run_address>0x710</run_address>
         <size>0x118</size>
         <input_file_ref idref="fl-5"/>
      </object_component>
      <object_component id="oc-5b">
         <name>.debug_info</name>
         <load_address>0x828</load_address>
         <run_address>0x828</run_address>
         <size>0xc2</size>
         <input_file_ref idref="fl-44"/>
      </object_component>
      <object_component id="oc-5f">
         <name>.debug_info</name>
         <load_address>0x8ea</load_address>
         <run_address>0x8ea</run_address>
         <size>0x156</size>
         <input_file_ref idref="fl-2"/>
      </object_component>
      <object_component id="oc-64">
         <name>.debug_info</name>
         <load_address>0xa40</load_address>
         <run_address>0xa40</run_address>
         <size>0x121</size>
         <input_file_ref idref="fl-3"/>
      </object_component>
      <object_component id="oc-69">
         <name>.debug_info</name>
         <load_address>0xb61</load_address>
         <run_address>0xb61</run_address>
         <size>0x17e</size>
         <input_file_ref idref="fl-4"/>
      </object_component>
      <object_component id="oc-6f">
         <name>.debug_info</name>
         <load_address>0xcdf</load_address>
         <run_address>0xcdf</run_address>
         <size>0x1bd</size>
         <input_file_ref idref="fl-4"/>
      </object_component>
      <object_component id="oc-73">
         <name>.debug_info</name>
         <load_address>0xe9c</load_address>
         <run_address>0xe9c</run_address>
         <size>0xfd</size>
         <input_file_ref idref="fl-4a"/>
      </object_component>
      <object_component id="oc-78">
         <name>.debug_info</name>
         <load_address>0xf99</load_address>
         <run_address>0xf99</run_address>
         <size>0x153</size>
         <input_file_ref idref="fl-4e"/>
      </object_component>
      <object_component id="oc-7d">
         <name>.debug_info</name>
         <load_address>0x10ec</load_address>
         <run_address>0x10ec</run_address>
         <size>0x1d2</size>
         <input_file_ref idref="fl-5"/>
      </object_component>
      <object_component id="oc-83">
         <name>.debug_info</name>
         <load_address>0x12be</load_address>
         <run_address>0x12be</run_address>
         <size>0x127</size>
         <input_file_ref idref="fl-3c"/>
      </object_component>
      <object_component id="oc-89">
         <name>.debug_info</name>
         <load_address>0x13e5</load_address>
         <run_address>0x13e5</run_address>
         <size>0x157</size>
         <input_file_ref idref="fl-46"/>
      </object_component>
      <object_component id="oc-8d">
         <name>.debug_info</name>
         <load_address>0x153c</load_address>
         <run_address>0x153c</run_address>
         <size>0x46</size>
         <input_file_ref idref="fl-34"/>
      </object_component>
      <object_component id="oc-92">
         <name>.debug_info</name>
         <load_address>0x1582</load_address>
         <run_address>0x1582</run_address>
         <size>0x167</size>
         <input_file_ref idref="fl-34"/>
      </object_component>
      <object_component id="oc-94">
         <name>.debug_info</name>
         <load_address>0x16e9</load_address>
         <run_address>0x16e9</run_address>
         <size>0x46</size>
         <input_file_ref idref="fl-36"/>
      </object_component>
      <object_component id="oc-99">
         <name>.debug_info</name>
         <load_address>0x172f</load_address>
         <run_address>0x172f</run_address>
         <size>0x11f</size>
         <input_file_ref idref="fl-36"/>
      </object_component>
      <object_component id="oc-9e">
         <name>.debug_info</name>
         <load_address>0x184e</load_address>
         <run_address>0x184e</run_address>
         <size>0x1ef</size>
         <input_file_ref idref="fl-35"/>
      </object_component>
      <object_component id="oc-a0">
         <name>.debug_info</name>
         <load_address>0x1a3d</load_address>
         <run_address>0x1a3d</run_address>
         <size>0x129</size>
         <input_file_ref idref="fl-35"/>
      </object_component>
      <object_component id="oc-a1">
         <name>.debug_info</name>
         <load_address>0x1b66</load_address>
         <run_address>0x1b66</run_address>
         <size>0x39</size>
         <input_file_ref idref="fl-35"/>
      </object_component>
      <object_component id="oc-a7">
         <name>.debug_info</name>
         <load_address>0x1b9f</load_address>
         <run_address>0x1b9f</run_address>
         <size>0x168</size>
         <input_file_ref idref="fl-2"/>
      </object_component>
      <object_component id="oc-ac">
         <name>.debug_info</name>
         <load_address>0x1d07</load_address>
         <run_address>0x1d07</run_address>
         <size>0x14f</size>
         <input_file_ref idref="fl-4"/>
      </object_component>
      <object_component id="oc-b2">
         <name>.debug_info</name>
         <load_address>0x1e56</load_address>
         <run_address>0x1e56</run_address>
         <size>0x84</size>
         <input_file_ref idref="fl-33"/>
      </object_component>
      <object_component id="oc-b9">
         <name>.debug_info</name>
         <load_address>0x1eda</load_address>
         <run_address>0x1eda</run_address>
         <size>0x245</size>
         <input_file_ref idref="fl-47"/>
      </object_component>
      <object_component id="oc-bb">
         <name>.debug_info</name>
         <load_address>0x211f</load_address>
         <run_address>0x211f</run_address>
         <size>0xa1b</size>
         <input_file_ref idref="fl-5"/>
      </object_component>
      <object_component id="oc-bf">
         <name>.debug_info</name>
         <load_address>0x2b3a</load_address>
         <run_address>0x2b3a</run_address>
         <size>0x1a1</size>
         <input_file_ref idref="fl-2"/>
      </object_component>
      <object_component id="oc-c4">
         <name>.debug_info</name>
         <load_address>0x2cdb</load_address>
         <run_address>0x2cdb</run_address>
         <size>0x1d7</size>
         <input_file_ref idref="fl-2"/>
      </object_component>
      <object_component id="oc-ca">
         <name>.debug_info</name>
         <load_address>0x2eb2</load_address>
         <run_address>0x2eb2</run_address>
         <size>0x315</size>
         <input_file_ref idref="fl-3"/>
      </object_component>
      <object_component id="oc-d9">
         <name>.debug_info</name>
         <load_address>0x31c7</load_address>
         <run_address>0x31c7</run_address>
         <size>0x957</size>
         <input_file_ref idref="fl-4"/>
      </object_component>
      <object_component id="oc-dc">
         <name>.debug_info</name>
         <load_address>0x3b1e</load_address>
         <run_address>0x3b1e</run_address>
         <size>0x119</size>
         <input_file_ref idref="fl-2"/>
      </object_component>
      <object_component id="oc-e1">
         <name>.debug_info</name>
         <load_address>0x3c37</load_address>
         <run_address>0x3c37</run_address>
         <size>0x8b</size>
         <input_file_ref idref="fl-2"/>
      </object_component>
      <object_component id="oc-e7">
         <name>.debug_info</name>
         <load_address>0x3cc2</load_address>
         <run_address>0x3cc2</run_address>
         <size>0x126</size>
         <input_file_ref idref="fl-4"/>
      </object_component>
      <object_component id="oc-e9">
         <name>.debug_info</name>
         <load_address>0x3de8</load_address>
         <run_address>0x3de8</run_address>
         <size>0x18c</size>
         <input_file_ref idref="fl-4"/>
      </object_component>
      <object_component id="oc-f2">
         <name>.debug_info</name>
         <load_address>0x3f74</load_address>
         <run_address>0x3f74</run_address>
         <size>0xe1</size>
         <input_file_ref idref="fl-3b"/>
      </object_component>
      <object_component id="oc-f6">
         <name>.debug_info</name>
         <load_address>0x4055</load_address>
         <run_address>0x4055</run_address>
         <size>0x2ba</size>
         <input_file_ref idref="fl-4e"/>
      </object_component>
      <object_component id="oc-f8">
         <name>.debug_info</name>
         <load_address>0x430f</load_address>
         <run_address>0x430f</run_address>
         <size>0x135</size>
         <input_file_ref idref="fl-3"/>
      </object_component>
      <object_component id="oc-fe">
         <name>.debug_info</name>
         <load_address>0x4444</load_address>
         <run_address>0x4444</run_address>
         <size>0x149</size>
         <input_file_ref idref="fl-2"/>
      </object_component>
      <object_component id="oc-104">
         <name>.debug_info</name>
         <load_address>0x458d</load_address>
         <run_address>0x458d</run_address>
         <size>0x1a5</size>
         <input_file_ref idref="fl-3"/>
      </object_component>
      <object_component id="oc-10a">
         <name>.debug_info</name>
         <load_address>0x4732</load_address>
         <run_address>0x4732</run_address>
         <size>0x142</size>
         <input_file_ref idref="fl-2"/>
      </object_component>
      <object_component id="oc-111">
         <name>.debug_info</name>
         <load_address>0x4874</load_address>
         <run_address>0x4874</run_address>
         <size>0x120</size>
         <input_file_ref idref="fl-3"/>
      </object_component>
      <object_component id="oc-118">
         <name>.debug_info</name>
         <load_address>0x4994</load_address>
         <run_address>0x4994</run_address>
         <size>0x1af</size>
         <input_file_ref idref="fl-3"/>
      </object_component>
      <object_component id="oc-11c">
         <name>.debug_info</name>
         <load_address>0x4b43</load_address>
         <run_address>0x4b43</run_address>
         <size>0x1d7</size>
         <input_file_ref idref="fl-5"/>
      </object_component>
      <object_component id="oc-122">
         <name>.debug_info</name>
         <load_address>0x4d1a</load_address>
         <run_address>0x4d1a</run_address>
         <size>0xc8</size>
         <input_file_ref idref="fl-4c"/>
      </object_component>
      <object_component id="oc-124">
         <name>.debug_info</name>
         <load_address>0x4de2</load_address>
         <run_address>0x4de2</run_address>
         <size>0x245</size>
         <input_file_ref idref="fl-33"/>
      </object_component>
      <object_component id="oc-12b">
         <name>.debug_info</name>
         <load_address>0x5027</load_address>
         <run_address>0x5027</run_address>
         <size>0xcc</size>
         <input_file_ref idref="fl-3c"/>
      </object_component>
      <object_component id="oc-12e">
         <name>.debug_info</name>
         <load_address>0x50f3</load_address>
         <run_address>0x50f3</run_address>
         <size>0x1aa</size>
         <input_file_ref idref="fl-3c"/>
      </object_component>
      <object_component id="oc-130">
         <name>.debug_info</name>
         <load_address>0x529d</load_address>
         <run_address>0x529d</run_address>
         <size>0x127</size>
         <input_file_ref idref="fl-46"/>
      </object_component>
      <object_component id="oc-131">
         <name>.debug_info</name>
         <load_address>0x53c4</load_address>
         <run_address>0x53c4</run_address>
         <size>0x2c</size>
         <input_file_ref idref="fl-36"/>
      </object_component>
      <object_component id="oc-136">
         <name>.debug_info</name>
         <load_address>0x53f0</load_address>
         <run_address>0x53f0</run_address>
         <size>0x2c</size>
         <input_file_ref idref="fl-34"/>
      </object_component>
      <object_component id="oc-143">
         <name>.debug_info</name>
         <load_address>0x541c</load_address>
         <run_address>0x541c</run_address>
         <size>0x15b</size>
         <input_file_ref idref="fl-2"/>
      </object_component>
      <object_component id="oc-145">
         <name>.debug_info</name>
         <load_address>0x5577</load_address>
         <run_address>0x5577</run_address>
         <size>0x172</size>
         <input_file_ref idref="fl-4"/>
      </object_component>
      <object_component id="oc-14a">
         <name>.debug_info</name>
         <load_address>0x56e9</load_address>
         <run_address>0x56e9</run_address>
         <size>0x173</size>
         <input_file_ref idref="fl-4"/>
      </object_component>
      <object_component id="oc-14f">
         <name>.debug_info</name>
         <load_address>0x585c</load_address>
         <run_address>0x585c</run_address>
         <size>0x260</size>
         <input_file_ref idref="fl-3a"/>
      </object_component>
      <object_component id="oc-154">
         <name>.debug_info</name>
         <load_address>0x5abc</load_address>
         <run_address>0x5abc</run_address>
         <size>0x1df</size>
         <input_file_ref idref="fl-3a"/>
      </object_component>
      <object_component id="oc-156">
         <name>.debug_info</name>
         <load_address>0x5c9b</load_address>
         <run_address>0x5c9b</run_address>
         <size>0x11a</size>
         <input_file_ref idref="fl-2"/>
      </object_component>
      <object_component id="oc-15b">
         <name>.debug_info</name>
         <load_address>0x5db5</load_address>
         <run_address>0x5db5</run_address>
         <size>0x15d</size>
         <input_file_ref idref="fl-2"/>
      </object_component>
      <object_component id="oc-167">
         <name>.debug_info</name>
         <load_address>0x5f12</load_address>
         <run_address>0x5f12</run_address>
         <size>0x6f</size>
         <input_file_ref idref="fl-47"/>
      </object_component>
      <object_component id="oc-16e">
         <name>.debug_info</name>
         <load_address>0x5f81</load_address>
         <run_address>0x5f81</run_address>
         <size>0x119</size>
         <input_file_ref idref="fl-5"/>
      </object_component>
      <object_component id="oc-173">
         <name>.debug_info</name>
         <load_address>0x609a</load_address>
         <run_address>0x609a</run_address>
         <size>0xe9</size>
         <input_file_ref idref="fl-2"/>
      </object_component>
      <object_component id="oc-178">
         <name>.debug_info</name>
         <load_address>0x6183</load_address>
         <run_address>0x6183</run_address>
         <size>0x17a</size>
         <input_file_ref idref="fl-2"/>
      </object_component>
      <object_component id="oc-17d">
         <name>.debug_info</name>
         <load_address>0x62fd</load_address>
         <run_address>0x62fd</run_address>
         <size>0x18b</size>
         <input_file_ref idref="fl-2"/>
      </object_component>
      <object_component id="oc-182">
         <name>.debug_info</name>
         <load_address>0x6488</load_address>
         <run_address>0x6488</run_address>
         <size>0x7b</size>
         <input_file_ref idref="fl-2"/>
      </object_component>
      <object_component id="oc-188">
         <name>.debug_info</name>
         <load_address>0x6503</load_address>
         <run_address>0x6503</run_address>
         <size>0x18a</size>
         <input_file_ref idref="fl-4"/>
      </object_component>
      <object_component id="oc-18d">
         <name>.debug_info</name>
         <load_address>0x668d</load_address>
         <run_address>0x668d</run_address>
         <size>0xc5d</size>
         <input_file_ref idref="fl-2"/>
      </object_component>
      <object_component id="oc-1a0">
         <name>.debug_info</name>
         <load_address>0x72ea</load_address>
         <run_address>0x72ea</run_address>
         <size>0x160</size>
         <input_file_ref idref="fl-4"/>
      </object_component>
      <object_component id="oc-1a5">
         <name>.debug_info</name>
         <load_address>0x744a</load_address>
         <run_address>0x744a</run_address>
         <size>0x10e</size>
         <input_file_ref idref="fl-2"/>
      </object_component>
      <object_component id="oc-1b3">
         <name>.debug_info</name>
         <load_address>0x7558</load_address>
         <run_address>0x7558</run_address>
         <size>0x39</size>
         <input_file_ref idref="fl-4e"/>
      </object_component>
      <object_component id="oc-1c0">
         <name>.debug_info</name>
         <load_address>0x7591</load_address>
         <run_address>0x7591</run_address>
         <size>0x109</size>
         <input_file_ref idref="fl-2"/>
      </object_component>
      <object_component id="oc-1de">
         <name>.debug_info</name>
         <load_address>0x769a</load_address>
         <run_address>0x769a</run_address>
         <size>0xd4</size>
         <input_file_ref idref="fl-49"/>
      </object_component>
      <object_component id="oc-1e4">
         <name>.debug_info</name>
         <load_address>0x776e</load_address>
         <run_address>0x776e</run_address>
         <size>0x28</size>
         <input_file_ref idref="fl-5"/>
      </object_component>
      <object_component id="oc-1e9">
         <name>.debug_info</name>
         <load_address>0x7796</load_address>
         <run_address>0x7796</run_address>
         <size>0xd8</size>
         <input_file_ref idref="fl-4c"/>
      </object_component>
      <object_component id="oc-1ef">
         <name>.debug_info</name>
         <load_address>0x786e</load_address>
         <run_address>0x786e</run_address>
         <size>0x10d</size>
         <input_file_ref idref="fl-4c"/>
      </object_component>
      <object_component id="oc-1fa">
         <name>.debug_info</name>
         <load_address>0x797b</load_address>
         <run_address>0x797b</run_address>
         <size>0x122</size>
         <input_file_ref idref="fl-4"/>
      </object_component>
      <object_component id="oc-202">
         <name>.debug_info</name>
         <load_address>0x7a9d</load_address>
         <run_address>0x7a9d</run_address>
         <size>0x2c</size>
         <input_file_ref idref="fl-3a"/>
      </object_component>
      <object_component id="oc-207">
         <name>.debug_info</name>
         <load_address>0x7ac9</load_address>
         <run_address>0x7ac9</run_address>
         <size>0xa3</size>
         <input_file_ref idref="fl-3a"/>
      </object_component>
      <object_component id="oc-20c">
         <name>.debug_info</name>
         <load_address>0x7b6c</load_address>
         <run_address>0x7b6c</run_address>
         <size>0x46</size>
         <input_file_ref idref="fl-3a"/>
      </object_component>
      <object_component id="oc-214">
         <name>.debug_info</name>
         <load_address>0x7bb2</load_address>
         <run_address>0x7bb2</run_address>
         <size>0x20e</size>
         <input_file_ref idref="fl-3a"/>
      </object_component>
      <object_component id="oc-218">
         <name>.debug_info</name>
         <load_address>0x7dc0</load_address>
         <run_address>0x7dc0</run_address>
         <size>0x10c</size>
         <input_file_ref idref="fl-2"/>
      </object_component>
      <object_component id="oc-21d">
         <name>.debug_info</name>
         <load_address>0x7ecc</load_address>
         <run_address>0x7ecc</run_address>
         <size>0x141</size>
         <input_file_ref idref="fl-2"/>
      </object_component>
      <object_component id="oc-223">
         <name>.debug_info</name>
         <load_address>0x800d</load_address>
         <run_address>0x800d</run_address>
         <size>0x2c</size>
         <input_file_ref idref="fl-47"/>
      </object_component>
      <object_component id="oc-229">
         <name>.debug_info</name>
         <load_address>0x8039</load_address>
         <run_address>0x8039</run_address>
         <size>0x176</size>
         <input_file_ref idref="fl-4"/>
      </object_component>
      <object_component id="oc-234">
         <name>.debug_info</name>
         <load_address>0x81af</load_address>
         <run_address>0x81af</run_address>
         <size>0xfb</size>
         <input_file_ref idref="fl-2"/>
      </object_component>
      <object_component id="oc-239">
         <name>.debug_info</name>
         <load_address>0x82aa</load_address>
         <run_address>0x82aa</run_address>
         <size>0x14a</size>
         <input_file_ref idref="fl-2"/>
      </object_component>
      <object_component id="oc-23e">
         <name>.debug_info</name>
         <load_address>0x83f4</load_address>
         <run_address>0x83f4</run_address>
         <size>0x130</size>
         <input_file_ref idref="fl-2"/>
      </object_component>
      <object_component id="oc-246">
         <name>.debug_info</name>
         <load_address>0x8524</load_address>
         <run_address>0x8524</run_address>
         <size>0x114</size>
         <input_file_ref idref="fl-4"/>
      </object_component>
      <object_component id="oc-24b">
         <name>.debug_info</name>
         <load_address>0x8638</load_address>
         <run_address>0x8638</run_address>
         <size>0x149</size>
         <input_file_ref idref="fl-4"/>
      </object_component>
      <object_component id="oc-24f">
         <name>.debug_info</name>
         <load_address>0x8781</load_address>
         <run_address>0x8781</run_address>
         <size>0x174</size>
         <input_file_ref idref="fl-47"/>
      </object_component>
      <object_component id="oc-257">
         <name>.debug_info</name>
         <load_address>0x88f5</load_address>
         <run_address>0x88f5</run_address>
         <size>0x125</size>
         <input_file_ref idref="fl-3a"/>
      </object_component>
      <object_component id="oc-25a">
         <name>.debug_info</name>
         <load_address>0x8a1a</load_address>
         <run_address>0x8a1a</run_address>
         <size>0xd2</size>
         <input_file_ref idref="fl-3a"/>
      </object_component>
      <object_component id="oc-25d">
         <name>.debug_info</name>
         <load_address>0x8aec</load_address>
         <run_address>0x8aec</run_address>
         <size>0x102</size>
         <input_file_ref idref="fl-4b"/>
      </object_component>
      <object_component id="oc-262">
         <name>.debug_info</name>
         <load_address>0x8bee</load_address>
         <run_address>0x8bee</run_address>
         <size>0x111</size>
         <input_file_ref idref="fl-2"/>
      </object_component>
      <object_component id="oc-267">
         <name>.debug_info</name>
         <load_address>0x8cff</load_address>
         <run_address>0x8cff</run_address>
         <size>0x119</size>
         <input_file_ref idref="fl-37"/>
      </object_component>
      <object_component id="oc-26c">
         <name>.debug_info</name>
         <load_address>0x8e18</load_address>
         <run_address>0x8e18</run_address>
         <size>0x100</size>
         <input_file_ref idref="fl-2"/>
      </object_component>
      <object_component id="oc-274">
         <name>.debug_info</name>
         <load_address>0x8f18</load_address>
         <run_address>0x8f18</run_address>
         <size>0x119</size>
         <input_file_ref idref="fl-4"/>
      </object_component>
      <object_component id="oc-27b">
         <name>.debug_info</name>
         <load_address>0x9031</load_address>
         <run_address>0x9031</run_address>
         <size>0xb3</size>
         <input_file_ref idref="fl-47"/>
      </object_component>
      <object_component id="oc-27d">
         <name>.debug_info</name>
         <load_address>0x90e4</load_address>
         <run_address>0x90e4</run_address>
         <size>0xe5</size>
         <input_file_ref idref="fl-47"/>
      </object_component>
      <object_component id="oc-289">
         <name>.debug_info</name>
         <load_address>0x91c9</load_address>
         <run_address>0x91c9</run_address>
         <size>0x183</size>
         <input_file_ref idref="fl-3a"/>
      </object_component>
      <object_component id="oc-28e">
         <name>.debug_info</name>
         <load_address>0x934c</load_address>
         <run_address>0x934c</run_address>
         <size>0xf4</size>
         <input_file_ref idref="fl-4b"/>
      </object_component>
      <object_component id="oc-293">
         <name>.debug_info</name>
         <load_address>0x9440</load_address>
         <run_address>0x9440</run_address>
         <size>0x142</size>
         <input_file_ref idref="fl-4b"/>
      </object_component>
      <object_component id="oc-298">
         <name>.debug_info</name>
         <load_address>0x9582</load_address>
         <run_address>0x9582</run_address>
         <size>0x127</size>
         <input_file_ref idref="fl-4b"/>
      </object_component>
      <object_component id="oc-29b">
         <name>.debug_info</name>
         <load_address>0x96a9</load_address>
         <run_address>0x96a9</run_address>
         <size>0x6a4</size>
         <input_file_ref idref="fl-4b"/>
      </object_component>
      <object_component id="oc-29d">
         <name>.debug_info</name>
         <load_address>0x9d4d</load_address>
         <run_address>0x9d4d</run_address>
         <size>0x155</size>
         <input_file_ref idref="fl-47"/>
      </object_component>
      <object_component id="oc-2a2">
         <name>.debug_info</name>
         <load_address>0x9ea2</load_address>
         <run_address>0x9ea2</run_address>
         <size>0x123</size>
         <input_file_ref idref="fl-37"/>
      </object_component>
      <object_component id="oc-2ad">
         <name>.debug_info</name>
         <load_address>0x9fc5</load_address>
         <run_address>0x9fc5</run_address>
         <size>0x108</size>
         <input_file_ref idref="fl-4b"/>
      </object_component>
      <object_component id="oc-2b2">
         <name>.debug_info</name>
         <load_address>0xa0cd</load_address>
         <run_address>0xa0cd</run_address>
         <size>0xf9</size>
         <input_file_ref idref="fl-4b"/>
      </object_component>
      <object_component id="oc-2b7">
         <name>.debug_info</name>
         <load_address>0xa1c6</load_address>
         <run_address>0xa1c6</run_address>
         <size>0xd0</size>
         <input_file_ref idref="fl-4b"/>
      </object_component>
      <object_component id="oc-2bc">
         <name>.debug_info</name>
         <load_address>0xa296</load_address>
         <run_address>0xa296</run_address>
         <size>0x582</size>
         <input_file_ref idref="fl-4b"/>
      </object_component>
      <object_component id="oc-2c5">
         <name>.debug_info</name>
         <load_address>0xa818</load_address>
         <run_address>0xa818</run_address>
         <size>0x2c</size>
         <input_file_ref idref="fl-4b"/>
      </object_component>
      <object_component id="oc-2ca">
         <name>.debug_info</name>
         <load_address>0xa844</load_address>
         <run_address>0xa844</run_address>
         <size>0xec</size>
         <input_file_ref idref="fl-4b"/>
      </object_component>
      <object_component id="oc-2d5">
         <name>.debug_info</name>
         <load_address>0xa930</load_address>
         <run_address>0xa930</run_address>
         <size>0xfa</size>
         <input_file_ref idref="fl-4b"/>
      </object_component>
      <object_component id="oc-2da">
         <name>.debug_info</name>
         <load_address>0xaa2a</load_address>
         <run_address>0xaa2a</run_address>
         <size>0x148</size>
         <input_file_ref idref="fl-4b"/>
      </object_component>
      <object_component id="oc-2df">
         <name>.debug_info</name>
         <load_address>0xab72</load_address>
         <run_address>0xab72</run_address>
         <size>0x12d</size>
         <input_file_ref idref="fl-4b"/>
      </object_component>
      <object_component id="oc-2e3">
         <name>.debug_info</name>
         <load_address>0xac9f</load_address>
         <run_address>0xac9f</run_address>
         <size>0xd5</size>
         <input_file_ref idref="fl-4b"/>
      </object_component>
      <object_component id="oc-2e8">
         <name>.debug_info</name>
         <load_address>0xad74</load_address>
         <run_address>0xad74</run_address>
         <size>0xff</size>
         <input_file_ref idref="fl-4b"/>
      </object_component>
      <object_component id="oc-32b">
         <name>.debug_info</name>
         <load_address>0xae73</load_address>
         <run_address>0xae73</run_address>
         <size>0xbd</size>
      </object_component>
      <object_component id="oc-3c">
         <name>.debug_line</name>
         <load_address>0x0</load_address>
         <run_address>0x0</run_address>
         <size>0x44</size>
         <input_file_ref idref="fl-33"/>
      </object_component>
      <object_component id="oc-41">
         <name>.debug_line</name>
         <load_address>0x44</load_address>
         <run_address>0x44</run_address>
         <size>0x50</size>
         <input_file_ref idref="fl-34"/>
      </object_component>
      <object_component id="oc-47">
         <name>.debug_line</name>
         <load_address>0x94</load_address>
         <run_address>0x94</run_address>
         <size>0x4d</size>
         <input_file_ref idref="fl-36"/>
      </object_component>
      <object_component id="oc-4a">
         <name>.debug_line</name>
         <load_address>0xe1</load_address>
         <run_address>0xe1</run_address>
         <size>0x49</size>
         <input_file_ref idref="fl-35"/>
      </object_component>
      <object_component id="oc-57">
         <name>.debug_line</name>
         <load_address>0x12a</load_address>
         <run_address>0x12a</run_address>
         <size>0x43</size>
         <input_file_ref idref="fl-5"/>
      </object_component>
      <object_component id="oc-5c">
         <name>.debug_line</name>
         <load_address>0x16d</load_address>
         <run_address>0x16d</run_address>
         <size>0x3c</size>
         <input_file_ref idref="fl-44"/>
      </object_component>
      <object_component id="oc-60">
         <name>.debug_line</name>
         <load_address>0x1a9</load_address>
         <run_address>0x1a9</run_address>
         <size>0x45</size>
         <input_file_ref idref="fl-2"/>
      </object_component>
      <object_component id="oc-66">
         <name>.debug_line</name>
         <load_address>0x1ee</load_address>
         <run_address>0x1ee</run_address>
         <size>0x59</size>
         <input_file_ref idref="fl-3"/>
      </object_component>
      <object_component id="oc-6a">
         <name>.debug_line</name>
         <load_address>0x247</load_address>
         <run_address>0x247</run_address>
         <size>0x5e</size>
         <input_file_ref idref="fl-4"/>
      </object_component>
      <object_component id="oc-6e">
         <name>.debug_line</name>
         <load_address>0x2a5</load_address>
         <run_address>0x2a5</run_address>
         <size>0x61</size>
         <input_file_ref idref="fl-4"/>
      </object_component>
      <object_component id="oc-74">
         <name>.debug_line</name>
         <load_address>0x306</load_address>
         <run_address>0x306</run_address>
         <size>0x3e</size>
         <input_file_ref idref="fl-4a"/>
      </object_component>
      <object_component id="oc-7b">
         <name>.debug_line</name>
         <load_address>0x344</load_address>
         <run_address>0x344</run_address>
         <size>0x6b</size>
         <input_file_ref idref="fl-4e"/>
      </object_component>
      <object_component id="oc-7e">
         <name>.debug_line</name>
         <load_address>0x3af</load_address>
         <run_address>0x3af</run_address>
         <size>0x90</size>
         <input_file_ref idref="fl-5"/>
      </object_component>
      <object_component id="oc-82">
         <name>.debug_line</name>
         <load_address>0x43f</load_address>
         <run_address>0x43f</run_address>
         <size>0x4a</size>
         <input_file_ref idref="fl-3c"/>
      </object_component>
      <object_component id="oc-8a">
         <name>.debug_line</name>
         <load_address>0x489</load_address>
         <run_address>0x489</run_address>
         <size>0x45</size>
         <input_file_ref idref="fl-46"/>
      </object_component>
      <object_component id="oc-8f">
         <name>.debug_line</name>
         <load_address>0x4ce</load_address>
         <run_address>0x4ce</run_address>
         <size>0x3a</size>
         <input_file_ref idref="fl-34"/>
      </object_component>
      <object_component id="oc-96">
         <name>.debug_line</name>
         <load_address>0x508</load_address>
         <run_address>0x508</run_address>
         <size>0x34</size>
         <input_file_ref idref="fl-36"/>
      </object_component>
      <object_component id="oc-9d">
         <name>.debug_line</name>
         <load_address>0x53c</load_address>
         <run_address>0x53c</run_address>
         <size>0x81</size>
         <input_file_ref idref="fl-35"/>
      </object_component>
      <object_component id="oc-a3">
         <name>.debug_line</name>
         <load_address>0x5bd</load_address>
         <run_address>0x5bd</run_address>
         <size>0x39</size>
         <input_file_ref idref="fl-35"/>
      </object_component>
      <object_component id="oc-a8">
         <name>.debug_line</name>
         <load_address>0x5f6</load_address>
         <run_address>0x5f6</run_address>
         <size>0x68</size>
         <input_file_ref idref="fl-2"/>
      </object_component>
      <object_component id="oc-ad">
         <name>.debug_line</name>
         <load_address>0x65e</load_address>
         <run_address>0x65e</run_address>
         <size>0x69</size>
         <input_file_ref idref="fl-4"/>
      </object_component>
      <object_component id="oc-b1">
         <name>.debug_line</name>
         <load_address>0x6c7</load_address>
         <run_address>0x6c7</run_address>
         <size>0x2a</size>
         <input_file_ref idref="fl-33"/>
      </object_component>
      <object_component id="oc-b4">
         <name>.debug_line</name>
         <load_address>0x6f1</load_address>
         <run_address>0x6f1</run_address>
         <size>0x20</size>
         <input_file_ref idref="fl-33"/>
      </object_component>
      <object_component id="oc-b8">
         <name>.debug_line</name>
         <load_address>0x711</load_address>
         <run_address>0x711</run_address>
         <size>0x2c</size>
         <input_file_ref idref="fl-47"/>
      </object_component>
      <object_component id="oc-c0">
         <name>.debug_line</name>
         <load_address>0x73d</load_address>
         <run_address>0x73d</run_address>
         <size>0x96</size>
         <input_file_ref idref="fl-2"/>
      </object_component>
      <object_component id="oc-c6">
         <name>.debug_line</name>
         <load_address>0x7d3</load_address>
         <run_address>0x7d3</run_address>
         <size>0x30</size>
         <input_file_ref idref="fl-2"/>
      </object_component>
      <object_component id="oc-de">
         <name>.debug_line</name>
         <load_address>0x803</load_address>
         <run_address>0x803</run_address>
         <size>0x38</size>
         <input_file_ref idref="fl-2"/>
      </object_component>
      <object_component id="oc-e3">
         <name>.debug_line</name>
         <load_address>0x83b</load_address>
         <run_address>0x83b</run_address>
         <size>0x20</size>
         <input_file_ref idref="fl-2"/>
      </object_component>
      <object_component id="oc-eb">
         <name>.debug_line</name>
         <load_address>0x85b</load_address>
         <run_address>0x85b</run_address>
         <size>0x53</size>
         <input_file_ref idref="fl-4"/>
      </object_component>
      <object_component id="oc-f4">
         <name>.debug_line</name>
         <load_address>0x8ae</load_address>
         <run_address>0x8ae</run_address>
         <size>0x40</size>
         <input_file_ref idref="fl-3b"/>
      </object_component>
      <object_component id="oc-fa">
         <name>.debug_line</name>
         <load_address>0x8ee</load_address>
         <run_address>0x8ee</run_address>
         <size>0x46</size>
         <input_file_ref idref="fl-3"/>
      </object_component>
      <object_component id="oc-100">
         <name>.debug_line</name>
         <load_address>0x934</load_address>
         <run_address>0x934</run_address>
         <size>0x4e</size>
         <input_file_ref idref="fl-2"/>
      </object_component>
      <object_component id="oc-105">
         <name>.debug_line</name>
         <load_address>0x982</load_address>
         <run_address>0x982</run_address>
         <size>0x4d</size>
         <input_file_ref idref="fl-3"/>
      </object_component>
      <object_component id="oc-10b">
         <name>.debug_line</name>
         <load_address>0x9cf</load_address>
         <run_address>0x9cf</run_address>
         <size>0x45</size>
         <input_file_ref idref="fl-2"/>
      </object_component>
      <object_component id="oc-112">
         <name>.debug_line</name>
         <load_address>0xa14</load_address>
         <run_address>0xa14</run_address>
         <size>0x44</size>
         <input_file_ref idref="fl-3"/>
      </object_component>
      <object_component id="oc-116">
         <name>.debug_line</name>
         <load_address>0xa58</load_address>
         <run_address>0xa58</run_address>
         <size>0x4d</size>
         <input_file_ref idref="fl-3"/>
      </object_component>
      <object_component id="oc-11e">
         <name>.debug_line</name>
         <load_address>0xaa5</load_address>
         <run_address>0xaa5</run_address>
         <size>0x30</size>
         <input_file_ref idref="fl-5"/>
      </object_component>
      <object_component id="oc-12a">
         <name>.debug_line</name>
         <load_address>0xad5</load_address>
         <run_address>0xad5</run_address>
         <size>0x3a</size>
         <input_file_ref idref="fl-3c"/>
      </object_component>
      <object_component id="oc-133">
         <name>.debug_line</name>
         <load_address>0xb0f</load_address>
         <run_address>0xb0f</run_address>
         <size>0x44</size>
         <input_file_ref idref="fl-36"/>
      </object_component>
      <object_component id="oc-138">
         <name>.debug_line</name>
         <load_address>0xb53</load_address>
         <run_address>0xb53</run_address>
         <size>0x44</size>
         <input_file_ref idref="fl-34"/>
      </object_component>
      <object_component id="oc-13c">
         <name>.debug_line</name>
         <load_address>0xb97</load_address>
         <run_address>0xb97</run_address>
         <size>0x44</size>
         <input_file_ref idref="fl-34"/>
      </object_component>
      <object_component id="oc-13e">
         <name>.debug_line</name>
         <load_address>0xbdb</load_address>
         <run_address>0xbdb</run_address>
         <size>0x20</size>
         <input_file_ref idref="fl-36"/>
      </object_component>
      <object_component id="oc-141">
         <name>.debug_line</name>
         <load_address>0xbfb</load_address>
         <run_address>0xbfb</run_address>
         <size>0x20</size>
         <input_file_ref idref="fl-35"/>
      </object_component>
      <object_component id="oc-146">
         <name>.debug_line</name>
         <load_address>0xc1b</load_address>
         <run_address>0xc1b</run_address>
[...]
         <value>0xc890</value>
      </symbol>
      <symbol id="sm-68">
         <name>__TI_INITARRAY_Limit</name>
         <value>0xc894</value>
      </symbol>
      <symbol id="sm-69">
         <name>binit</name>
         <value>0xffffffff</value>
      </symbol>
      <symbol id="sm-6a">
         <name>__binit__</name>
         <value>0xffffffff</value>
      </symbol>
      <symbol id="sm-6b">
         <name>__STACK_SIZE</name>
         <value>0x50</value>
      </symbol>
      <symbol id="sm-6c">
         <name>__STACK_END</name>
         <value>0x400</value>
      </symbol>
      <symbol id="sm-6d">
         <name>__SYSMEM_SIZE</name>
         <value>0x50</value>
      </symbol>
      <symbol id="sm-6e">
         <name>__c_args__</name>
         <value>0xffffffff</value>
      </symbol>
      <symbol id="sm-130">
         <name>_ZN6XbeeS111data_index_E</name>
         <value>0x24b</value>
      </symbol>
      <symbol id="sm-131">
         <name>_ZN6XbeeS111is_escaped_E</name>
         <value>0x24c</value>
      </symbol>
      <symbol id="sm-132">
         <name>_ZN6XbeeS112rx_checksum_E</name>
         <value>0x24d</value>
      </symbol>
      <symbol id="sm-133">
         <name>_ZN6XbeeS112tx_checksum_E</name>
         <value>0x24e</value>
      </symbol>
      <symbol id="sm-134">
         <name>_ZN6XbeeS113message_size_E</name>
         <value>0x234</value>
      </symbol>
      <symbol id="sm-135">
         <name>_ZN6XbeeS14msb_E</name>
         <value>0x251</value>
      </symbol>
      <symbol id="sm-136">
         <name>_ZN6XbeeS14lsb_E</name>
         <value>0x250</value>
      </symbol>
      <symbol id="sm-137">
         <name>_ZN6XbeeS16tx_ok_E</name>
         <value>0x252</value>
      </symbol>
      <symbol id="sm-138">
         <name>_ZN6XbeeS113rx_api_frame_E</name>
         <value>0x24f</value>
      </symbol>
      <symbol id="sm-139">
         <name>_ZN6XbeeS110tx_status_E</name>
         <value>0x24a</value>
      </symbol>
      <symbol id="sm-13a">
         <name>_ZTV10ringbufferIcLi16EE</name>
         <value>0xc84c</value>
         <object_component_ref idref="oc-155"/>
      </symbol>
      <symbol id="sm-13b">
         <name>_ZTV6XbeeS1</name>
         <value>0xc85c</value>
         <object_component_ref idref="oc-1bf"/>
      </symbol>
      <symbol id="sm-13c">
         <name>_ZTS6XbeeS1</name>
         <value>0xc844</value>
         <object_component_ref idref="oc-26b"/>
      </symbol>
      <symbol id="sm-13d">
         <name>__TI_int09</name>
         <value>0xfff2</value>
         <object_component_ref idref="oc-34"/>
      </symbol>
      <symbol id="sm-13e">
         <name>_ZTI10ringbufferIcLi16EE</name>
         <value>0xc880</value>
         <object_component_ref idref="oc-217"/>
      </symbol>
      <symbol id="sm-13f">
         <name>_ZN6XbeeS114packet_buffer_E</name>
         <value>0x202</value>
         <object_component_ref idref="oc-142"/>
      </symbol>
      <symbol id="sm-140">
         <name>_ZN6XbeeS17IsEmptyEv</name>
         <value>0xc73c</value>
         <object_component_ref idref="oc-109"/>
      </symbol>
      <symbol id="sm-141">
         <name>_ZN6XbeeS1D0Ev</name>
         <value>0xc788</value>
         <object_component_ref idref="oc-23d"/>
      </symbol>
      <symbol id="sm-142">
         <name>__sti___11_xbee_s1_cpp_0d336741</name>
         <value>0xc4e6</value>
         <object_component_ref idref="oc-a6"/>
      </symbol>
      <symbol id="sm-143">
         <name>_ZTS10ringbufferIcLi16EE</name>
         <value>0xc80e</value>
         <object_component_ref idref="oc-261"/>
      </symbol>
      <symbol id="sm-144">
         <name>_ZN6XbeeS1D1Ev</name>
         <value>0xc7c2</value>
         <object_component_ref idref="oc-238"/>
      </symbol>
      <symbol id="sm-145">
         <name>_ZN10ringbufferIcLi16EED0Ev</name>
         <value>0xc774</value>
         <object_component_ref idref="oc-21c"/>
      </symbol>
      <symbol id="sm-146">
         <name>_ZN6XbeeS1C1Ev</name>
         <value>0xc422</value>
         <object_component_ref idref="oc-fd"/>
      </symbol>
      <symbol id="sm-147">
         <name>_ZN6XbeeS116software_serial_E</name>
         <value>0x200</value>
         <object_component_ref idref="oc-142"/>
      </symbol>
      <symbol id="sm-148">
         <name>_ZN10ringbufferIcLi16EED1Ev</name>
         <value>0xc7be</value>
         <object_component_ref idref="oc-15a"/>
      </symbol>
      <symbol id="sm-149">
         <name>_ZN6XbeeS19Timer0_A0Ev</name>
         <value>0xc6aa</value>
         <object_component_ref idref="oc-5e"/>
      </symbol>
      <symbol id="sm-14a">
         <name>_ZTI6XbeeS1</name>
         <value>0xc888</value>
         <object_component_ref idref="oc-233"/>
      </symbol>
      <symbol id="sm-14b">
         <name>_ZN6XbeeS111GetRXPacketEv</name>
         <value>0xc000</value>
         <object_component_ref idref="oc-be"/>
      </symbol>
      <symbol id="sm-176">
         <name>millis_counter_</name>
         <value>0x23e</value>
      </symbol>
      <symbol id="sm-177">
         <name>millis_cronometer_</name>
         <value>0x240</value>
      </symbol>
      <symbol id="sm-178">
         <name>seconds_counter_</name>
         <value>0x22e</value>
      </symbol>
      <symbol id="sm-179">
         <name>start_cronometer_</name>
         <value>0x255</value>
      </symbol>
      <symbol id="sm-17a">
         <name>start_tx_cronometer_</name>
         <value>0x256</value>
      </symbol>
      <symbol id="sm-17b">
         <name>tx_cronometer_</name>
         <value>0x246</value>
      </symbol>
      <symbol id="sm-17c">
         <name>tx_timeout_</name>
         <value>0x248</value>
      </symbol>
      <symbol id="sm-17d">
         <name>__TI_int10</name>
         <value>0xfff4</value>
         <object_component_ref idref="oc-35"/>
      </symbol>
      <symbol id="sm-17e">
         <name>_Z9wdt_timerv</name>
         <value>0xc466</value>
         <object_component_ref idref="oc-63"/>
      </symbol>
      <symbol id="sm-17f">
         <name>_Z19InitializeClockTimev</name>
         <value>0xc602</value>
         <object_component_ref idref="oc-f7"/>
      </symbol>
      <symbol id="sm-180">
         <name>_Z19QuaterMillisElapsedi</name>
         <value>0xc64a</value>
         <object_component_ref idref="oc-103"/>
      </symbol>
      <symbol id="sm-181">
         <name>_Z9BeginTestv</name>
         <value>0xc720</value>
         <object_component_ref idref="oc-110"/>
      </symbol>
      <symbol id="sm-182">
         <name>_Z14SecondsElapsedi</name>
         <value>0xc5de</value>
         <object_component_ref idref="oc-115"/>
      </symbol>
      <symbol id="sm-1eb">
         <name>_ZN14SoftwareSerial14tx_char_bufferE</name>
         <value>0x232</value>
      </symbol>
      <symbol id="sm-1ec">
         <name>_ZN14SoftwareSerial7IsEmptyEv</name>
         <value>0xc72e</value>
         <object_component_ref idref="oc-19f"/>
      </symbol>
      <symbol id="sm-1ed">
         <name>_ZN14SoftwareSerial12ring_buffer_E</name>
         <value>0x218</value>
         <object_component_ref idref="oc-e6"/>
      </symbol>
      <symbol id="sm-1ee">
         <name>_ZTV14SoftwareSerial</name>
         <value>0xc854</value>
         <object_component_ref idref="oc-1f9"/>
      </symbol>
      <symbol id="sm-1ef">
         <name>_ZN14SoftwareSerial11Timer_A1_TXEv</name>
         <value>0xc4a6</value>
         <object_component_ref idref="oc-68"/>
      </symbol>
      <symbol id="sm-1f0">
         <name>__TI_int12</name>
         <value>0xfff8</value>
         <object_component_ref idref="oc-37"/>
      </symbol>
      <symbol id="sm-1f1">
         <name>__TI_int13</name>
         <value>0xfffa</value>
         <object_component_ref idref="oc-38"/>
      </symbol>
      <symbol id="sm-1f2">
         <name>_ZTI14SoftwareSerial</name>
         <value>0xc884</value>
         <object_component_ref idref="oc-245"/>
      </symbol>
      <symbol id="sm-1f3">
         <name>_ZN14SoftwareSerial7ReceiveEv</name>
         <value>0xc74a</value>
         <object_component_ref idref="oc-187"/>
      </symbol>
      <symbol id="sm-1f4">
         <name>_ZN14SoftwareSerial11Timer_A0_RXEv</name>
         <value>0xc26a</value>
         <object_component_ref idref="oc-6d"/>
      </symbol>
      <symbol id="sm-1f5">
         <name>_ZN10ringbufferIcLi16EE9pop_frontEv</name>
         <value>0xc55a</value>
         <object_component_ref idref="oc-228"/>
      </symbol>
      <symbol id="sm-1f6">
         <name>_ZN14SoftwareSerialC1Ev</name>
         <value>0xc588</value>
         <object_component_ref idref="oc-144"/>
      </symbol>
      <symbol id="sm-1f7">
         <name>_ZTS14SoftwareSerial</name>
         <value>0xc824</value>
         <object_component_ref idref="oc-273"/>
      </symbol>
      <symbol id="sm-1f8">
         <name>_ZN14SoftwareSerialD0Ev</name>
         <value>0xc77e</value>
         <object_component_ref idref="oc-24a"/>
      </symbol>
      <symbol id="sm-1f9">
         <name>_ZN10ringbufferIcLi16EE9push_backEc</name>
         <value>0xc66c</value>
         <object_component_ref idref="oc-e8"/>
      </symbol>
      <symbol id="sm-1fa">
         <name>__sti___19_software_serial_cpp_1ac42f9a</name>
         <value>0xc626</value>
         <object_component_ref idref="oc-ab"/>
      </symbol>
      <symbol id="sm-1fb">
         <name>_ZN14SoftwareSerialD1Ev</name>
         <value>0xc7c0</value>
         <object_component_ref idref="oc-149"/>
      </symbol>
      <symbol id="sm-21f">
         <name>startT</name>
         <value>0x254</value>
      </symbol>
      <symbol id="sm-220">
         <name>btnpress</name>
         <value>0x253</value>
      </symbol>
      <symbol id="sm-221">
         <name>__TI_int02</name>
         <value>0xffe4</value>
         <object_component_ref idref="oc-2e"/>
      </symbol>
      <symbol id="sm-222">
         <name>_Z6Port_1v</name>
         <value>0xc756</value>
         <object_component_ref idref="oc-55"/>
      </symbol>
      <symbol id="sm-223">
         <name>main</name>
         <value>0xc15c</value>
         <object_component_ref idref="oc-7c"/>
      </symbol>
      <symbol id="sm-239">
         <name>__TI_cleanup_ptr</name>
         <value>0x236</value>
      </symbol>
      <symbol id="sm-23a">
         <name>__TI_dtors_ptr</name>
         <value>0x238</value>
      </symbol>
      <symbol id="sm-23b">
         <name>_c_int00</name>
         <value>0xc68e</value>
         <object_component_ref idref="oc-3a"/>
      </symbol>
      <symbol id="sm-23c">
         <name>_stack</name>
         <value>0x3b0</value>
         <object_component_ref idref="oc-50"/>
      </symbol>
      <symbol id="sm-23d">
         <name>_c_int00_noargs</name>
         <value>0xc68e</value>
         <object_component_ref idref="oc-3a"/>
      </symbol>
      <symbol id="sm-23e">
         <name>_reset_vector</name>
         <value>0xfffe</value>
         <object_component_ref idref="oc-52"/>
      </symbol>
      <symbol id="sm-253">
         <name>__TI_decompress_none</name>
         <value>0xc6ec</value>
         <object_component_ref idref="oc-3f"/>
      </symbol>
      <symbol id="sm-273">
         <name>__TI_decompress_rle24</name>
         <value>0xc7a8</value>
         <object_component_ref idref="oc-49"/>
      </symbol>
      <symbol id="sm-28a">
         <name>__TI_zero_init</name>
         <value>0xc6c4</value>
         <object_component_ref idref="oc-44"/>
      </symbol>
      <symbol id="sm-296">
         <name>_ZdlPv</name>
         <value>0xc792</value>
         <object_component_ref idref="oc-266"/>
      </symbol>
      <symbol id="sm-2d2">
         <name>__dso_handle</name>
         <value>0x23a</value>
      </symbol>
      <symbol id="sm-2d3">
         <name>__cxa_atexit</name>
         <value>0xc7ae</value>
         <object_component_ref idref="oc-150"/>
      </symbol>
      <symbol id="sm-2d4">
         <name>__cxa_finalize</name>
         <value>0xc388</value>
         <object_component_ref idref="oc-285"/>
      </symbol>
      <symbol id="sm-2d5">
         <name>__cxa_ia64_exit</name>
         <value>0xc7a2</value>
         <object_component_ref idref="oc-253"/>
      </symbol>
      <symbol id="sm-2dd">
         <name>__mspabi_func_epilog_2</name>
         <value>0xc71a</value>
         <object_component_ref idref="oc-f1"/>
      </symbol>
      <symbol id="sm-2de">
         <name>__mspabi_func_epilog_3</name>
         <value>0xc718</value>
         <object_component_ref idref="oc-f1"/>
      </symbol>
      <symbol id="sm-2df">
         <name>__mspabi_func_epilog_1</name>
         <value>0xc71c</value>
         <object_component_ref idref="oc-f1"/>
      </symbol>
      <symbol id="sm-2e0">
         <name>__mspabi_func_epilog_6</name>
         <value>0xc712</value>
         <object_component_ref idref="oc-f1"/>
      </symbol>
      <symbol id="sm-2e1">
         <name>__mspabi_func_epilog_7</name>
         <value>0xc710</value>
         <object_component_ref idref="oc-f1"/>
      </symbol>
      <symbol id="sm-2e2">
         <name>__mspabi_func_epilog_4</name>
         <value>0xc716</value>
         <object_component_ref idref="oc-f1"/>
      </symbol>
      <symbol id="sm-2e3">
         <name>__mspabi_func_epilog_5</name>
         <value>0xc714</value>
         <object_component_ref idref="oc-f1"/>
      </symbol>
      <symbol id="sm-2f7">
         <name>C$$EXIT</name>
         <value>0xc7b6</value>
         <object_component_ref idref="oc-128"/>
      </symbol>
      <symbol id="sm-2f8">
         <name>abort</name>
         <value>0xc7b6</value>
         <object_component_ref idref="oc-128"/>
      </symbol>
      <symbol id="sm-2f9">
         <name>exit</name>
         <value>0xc5b4</value>
         <object_component_ref idref="oc-81"/>
      </symbol>
      <symbol id="sm-2fc">
         <name>__TI_int03</name>
         <value>0xffe6</value>
         <object_component_ref idref="oc-2f"/>
      </symbol>
      <symbol id="sm-2ff">
         <name>__TI_int05</name>
         <value>0xffea</value>
         <object_component_ref idref="oc-30"/>
      </symbol>
      <symbol id="sm-302">
         <name>__TI_int06</name>
         <value>0xffec</value>
         <object_component_ref idref="oc-31"/>
      </symbol>
      <symbol id="sm-305">
         <name>__TI_int07</name>
         <value>0xffee</value>
         <object_component_ref idref="oc-32"/>
      </symbol>
      <symbol id="sm-308">
         <name>__TI_int08</name>
         <value>0xfff0</value>
         <object_component_ref idref="oc-33"/>
      </symbol>
      <symbol id="sm-30b">
         <name>__TI_int11</name>
         <value>0xfff6</value>
         <object_component_ref idref="oc-36"/>
      </symbol>
      <symbol id="sm-30e">
         <name>__TI_int14</name>
         <value>0xfffc</value>
         <object_component_ref idref="oc-39"/>
      </symbol>
      <symbol id="sm-315">
         <name>__TI_ISR_TRAP</name>
         <value>0xc79c</value>
         <object_component_ref idref="oc-5a"/>
      </symbol>
      <symbol id="sm-323">
         <name>memcpy</name>
         <value>0xc6fe</value>
         <object_component_ref idref="oc-87"/>
      </symbol>
      <symbol id="sm-369">
         <name>_sys_memory</name>
         <value>0x258</value>
         <object_component_ref idref="oc-53"/>
      </symbol>
      <symbol id="sm-36a">
         <name>free</name>
         <value>0xc1ea</value>
         <object_component_ref idref="oc-29c"/>
      </symbol>
      <symbol id="sm-36b">
         <name>malloc</name>
         <value>0xc0b4</value>
         <object_component_ref idref="oc-24e"/>
      </symbol>
      <symbol id="sm-36c">
         <name>minit</name>
         <value>0xc522</value>
         <object_component_ref idref="oc-27c"/>
      </symbol>
      <symbol id="sm-376">
         <name>__mspabi_mpyi</name>
         <value>0xc6d8</value>
         <object_component_ref idref="oc-1dc"/>
      </symbol>
      <symbol id="sm-37e">
         <name>_system_pre_init</name>
         <value>0xc7b2</value>
         <object_component_ref idref="oc-72"/>
      </symbol>
      <symbol id="sm-3d4">
         <name>_ZTSSt9type_info</name>
         <value>0xc836</value>
         <object_component_ref idref="oc-2e2"/>
      </symbol>
      <symbol id="sm-3d5">
         <name>_ZN10__cxxabiv117__class_type_infoD1Ev</name>
         <value>0xc7ba</value>
         <object_component_ref idref="oc-292"/>
      </symbol>
      <symbol id="sm-3d6">
         <name>_ZTSN10__cxxabiv120__si_class_type_infoE</name>
         <value>0xc7c6</value>
         <object_component_ref idref="oc-2e7"/>
      </symbol>
      <symbol id="sm-3d7">
         <name>_ZTSN10__cxxabiv117__class_type_infoE</name>
         <value>0xc7ec</value>
         <object_component_ref idref="oc-2b1"/>
      </symbol>
      <symbol id="sm-3d8">
         <name>_ZTVN10__cxxabiv117__class_type_infoE</name>
         <value>0xc864</value>
         <object_component_ref idref="oc-25c"/>
      </symbol>
      <symbol id="sm-3d9">
         <name>_ZTISt9type_info</name>
         <value>0xc88c</value>
         <object_component_ref idref="oc-2b6"/>
      </symbol>
      <symbol id="sm-3da">
         <name>_ZTIN10__cxxabiv117__class_type_infoE</name>
         <value>0xc874</value>
         <object_component_ref idref="oc-28d"/>
      </symbol>
      <symbol id="sm-3db">
         <name>_ZN10__cxxabiv120__si_class_type_infoD1Ev</name>
         <value>0xc7bc</value>
         <object_component_ref idref="oc-2d9"/>
      </symbol>
      <symbol id="sm-3dc">
         <name>_ZTIN10__cxxabiv120__si_class_type_infoE</name>
         <value>0xc87a</value>
         <object_component_ref idref="oc-2d4"/>
      </symbol>
      <symbol id="sm-3dd">
         <name>_ZN10__cxxabiv117__class_type_infoD0Ev</name>
         <value>0xc760</value>
         <object_component_ref idref="oc-297"/>
      </symbol>
      <symbol id="sm-3de">
         <name>_ZTVN10__cxxabiv120__si_class_type_infoE</name>
         <value>0xc86c</value>
         <object_component_ref idref="oc-2ac"/>
      </symbol>
      <symbol id="sm-3df">
         <name>_ZN10__cxxabiv120__si_class_type_infoD0Ev</name>
         <value>0xc76a</value>
         <object_component_ref idref="oc-2de"/>
      </symbol>
      <symbol id="sm-3ee">
         <name>_nop</name>
         <value>0xc7c4</value>
         <object_component_ref idref="oc-1e8"/>
      </symbol>
      <symbol id="sm-3ef">
         <name>_lock</name>
         <value>0x2a8</value>
         <object_component_ref idref="oc-121"/>
      </symbol>
      <symbol id="sm-3f0">
         <name>_unlock</name>
         <value>0x2aa</value>
         <object_component_ref idref="oc-121"/>
      </symbol>
      <symbol id="sm-406">
         <name>_auto_init</name>
         <value>0xc32a</value>
         <object_component_ref idref="oc-77"/>
      </symbol>
      <symbol id="sm-407">
         <name>__TI_exit</name>
         <value>0x1</value>
      </symbol>
      <symbol id="sm-408">
         <name>__TI_args_main</name>
         <value>0x1</value>
      </symbol>
      <symbol id="sm-40b">
         <name>_ZN6XbeeS1C2Ev</name>
         <value>0xc422</value>
      </symbol>
      <symbol id="sm-40c">
         <name>_ZN6XbeeS1D2Ev</name>
         <value>0xc7c2</value>
      </symbol>
      <symbol id="sm-40d">
         <name>_ZN14SoftwareSerialC2Ev</name>
         <value>0xc588</value>
      </symbol>
      <symbol id="sm-40e">
         <name>_ZN14SoftwareSerialD2Ev</name>
         <value>0xc7c0</value>
      </symbol>
      <symbol id="sm-40f">
         <name>_ZN10__cxxabiv117__class_type_infoD2Ev</name>
         <value>0xc7ba</value>
      </symbol>
      <symbol id="sm-410">
         <name>_ZN10__cxxabiv120__si_class_type_infoD2Ev</name>
         <value>0xc7bc</value>
      </symbol>
   </symbol_table>
   <title>Link successful</title>
</link_info>
